老师 = v9（expand_rule_v9）  视野(HORIZON)=90（= 每局 70 + 20）  每局 70 回合 × 40 局  每局 250 梯度步  缓冲 40000
局 1/40  样本 437(缓冲 437)  老师消费 5,002  未匹配 2  loss 2.468  vf 2.953  命中 训练42.1%/验证nan%  真命中(扣end_turn) 训练40.3%/验证nan%  梯度步 250  累计 88s
局 2/40  样本 497(缓冲 934)  老师消费 3,927  未匹配 2  loss 2.001  vf 1.292  命中 训练51.5%/验证nan%  真命中(扣end_turn) 训练50.3%/验证nan%  梯度步 500  累计 197s
局 3/40  样本 500(缓冲 1434)  老师消费 4,815  未匹配 3  loss 1.975  vf 1.000  命中 训练42.7%/验证nan%  真命中(扣end_turn) 训练40.9%/验证nan%  梯度步 750  累计 305s
局 4/40  样本 423(缓冲 1857)  老师消费 3,172  未匹配 0  loss 1.781  vf 0.721  命中 训练45.3%/验证nan%  真命中(扣end_turn) 训练48.1%/验证nan%  梯度步 1000  累计 414s
局 5/40  样本 445(缓冲 2302)  老师消费 4,854  未匹配 1  loss 1.749  vf 0.530  命中 训练46.0%/验证nan%  真命中(扣end_turn) 训练41.4%/验证nan%  梯度步 1250  累计 522s
局 6/40  样本 394(缓冲 2302)  老师消费 2,983  未匹配 0  loss 1.534  vf 0.375  命中 训练55.5%/验证11.4%  真命中(扣end_turn) 训练50.1%/验证12.7%  梯度步 1500  累计 630s
局 7/40  样本 487(缓冲 2789)  老师消费 3,407  未匹配 1  loss 1.446  vf 0.290  命中 训练59.0%/验证11.7%  真命中(扣end_turn) 训练54.7%/验证12.7%  梯度步 1750  累计 737s
局 8/40  样本 510(缓冲 3299)  老师消费 3,729  未匹配 1  loss 1.397  vf 0.234  命中 训练55.5%/验证12.7%  真命中(扣end_turn) 训练51.6%/验证13.6%  梯度步 2000  累计 845s
局 9/40  样本 403(缓冲 3702)  老师消费 4,020  未匹配 1  loss 1.365  vf 0.224  命中 训练63.8%/验证11.9%  真命中(扣end_turn) 训练58.1%/验证12.0%  梯度步 2250  累计 968s
局 10/40  样本 441(缓冲 4143)  老师消费 3,522  未匹配 1  loss 1.323  vf 0.197  命中 训练49.7%/验证11.7%  真命中(扣end_turn) 训练41.6%/验证12.0%  梯度步 2500  累计 1075s
局 11/40  样本 394(缓冲 4537)  老师消费 3,158  未匹配 1  loss 1.292  vf 0.210  命中 训练56.0%/验证12.2%  真命中(扣end_turn) 训练50.3%/验证13.0%  梯度步 2750  累计 1181s
局 12/40  样本 429(缓冲 4537)  老师消费 4,491  未匹配 2  loss 1.199  vf 0.195  命中 训练54.8%/验证28.1%  真命中(扣end_turn) 训练59.5%/验证24.2%  梯度步 3000  累计 1286s
局 13/40  样本 507(缓冲 5044)  老师消费 4,891  未匹配 0  loss 1.224  vf 0.178  命中 训练58.2%/验证27.8%  真命中(扣end_turn) 训练51.7%/验证23.4%  梯度步 3250  累计 1392s
局 14/40  样本 498(缓冲 5542)  老师消费 5,422  未匹配 1  loss 1.239  vf 0.169  命中 训练51.5%/验证26.7%  真命中(扣end_turn) 训练44.8%/验证22.7%  梯度步 3500  累计 1498s
局 15/40  样本 486(缓冲 6028)  老师消费 5,444  未匹配 2  loss 1.205  vf 0.154  命中 训练59.5%/验证32.3%  真命中(扣end_turn) 训练54.8%/验证26.6%  梯度步 3750  累计 1604s
局 16/40  样本 440(缓冲 6468)  老师消费 3,177  未匹配 0  loss 1.245  vf 0.150  命中 训练42.5%/验证26.7%  真命中(扣end_turn) 训练37.3%/验证23.3%  梯度步 4000  累计 1711s
局 17/40  样本 419(缓冲 6887)  老师消费 3,035  未匹配 0  loss 1.247  vf 0.182  命中 训练44.5%/验证34.5%  真命中(扣end_turn) 训练49.3%/验证22.8%  梯度步 4250  累计 1817s
局 18/40  样本 439(缓冲 6887)  老师消费 4,253  未匹配 0  loss 1.155  vf 0.157  命中 训练50.7%/验证32.6%  真命中(扣end_turn) 训练52.5%/验证25.8%  梯度步 4500  累计 1923s
局 19/40  样本 414(缓冲 7301)  老师消费 3,291  未匹配 1  loss 1.155  vf 0.139  命中 训练48.2%/验证29.4%  真命中(扣end_turn) 训练49.0%/验证22.4%  梯度步 4750  累计 2029s
局 20/40  样本 415(缓冲 7716)  老师消费 4,452  未匹配 3  loss 1.136  vf 0.122  命中 训练51.3%/验证26.6%  真命中(扣end_turn) 训练43.1%/验证19.0%  梯度步 5000  累计 2134s
局 21/40  样本 379(缓冲 8095)  学生消费 4,380  未匹配 70  loss 1.198  vf 0.109  命中 训练42.2%/验证28.6%  真命中(扣end_turn) 训练40.0%/验证20.9%  梯度步 5250  累计 2240s
局 22/40  样本 378(缓冲 8473)  学生消费 3,430  未匹配 105  loss 1.175  vf 0.105  命中 训练41.0%/验证27.0%  真命中(扣end_turn) 训练36.5%/验证21.6%  梯度步 5500  累计 2346s
局 23/40  样本 336(缓冲 8809)  学生消费 3,330  未匹配 44  loss 1.133  vf 0.102  命中 训练54.5%/验证27.8%  真命中(扣end_turn) 训练47.7%/验证22.1%  梯度步 5750  累计 2452s
局 24/40  样本 342(缓冲 8809)  学生消费 2,844  未匹配 119  loss 1.085  vf 0.092  命中 训练62.7%/验证30.2%  真命中(扣end_turn) 训练57.1%/验证24.9%  梯度步 6000  累计 2558s
局 25/40  样本 417(缓冲 9226)  学生消费 2,179  未匹配 126  loss 1.078  vf 0.143  命中 训练69.7%/验证30.2%  真命中(扣end_turn) 训练65.5%/验证23.4%  梯度步 6250  累计 2664s
局 26/40  样本 293(缓冲 9519)  学生消费 2,311  未匹配 97  loss 1.007  vf 0.145  命中 训练75.5%/验证30.4%  真命中(扣end_turn) 训练73.5%/验证24.2%  梯度步 6500  累计 2769s
局 27/40  样本 344(缓冲 9863)  学生消费 2,006  未匹配 35  loss 0.996  vf 0.161  命中 训练70.3%/验证32.5%  真命中(扣end_turn) 训练68.8%/验证25.7%  梯度步 6750  累计 2872s
局 28/40  样本 337(缓冲 10200)  学生消费 2,311  未匹配 104  loss 0.964  vf 0.168  命中 训练62.5%/验证34.8%  真命中(扣end_turn) 训练59.5%/验证28.6%  梯度步 7000  累计 2974s
局 29/40  样本 370(缓冲 10570)  学生消费 3,216  未匹配 76  loss 0.926  vf 0.190  命中 训练78.3%/验证33.5%  真命中(扣end_turn) 训练76.6%/验证26.8%  梯度步 7250  累计 3077s
局 30/40  样本 346(缓冲 10570)  学生消费 2,462  未匹配 94  loss 0.879  vf 0.168  命中 训练78.8%/验证34.5%  真命中(扣end_turn) 训练77.6%/验证29.6%  梯度步 7500  累计 3182s
局 31/40  样本 316(缓冲 10886)  学生消费 2,530  未匹配 136  loss 0.904  vf 0.162  命中 训练69.5%/验证31.0%  真命中(扣end_turn) 训练67.7%/验证26.2%  梯度步 7750  累计 3285s
局 32/40  样本 356(缓冲 11242)  学生消费 4,222  未匹配 39  loss 0.901  vf 0.152  命中 训练62.0%/验证34.4%  真命中(扣end_turn) 训练60.8%/验证30.0%  梯度步 8000  累计 3391s
局 33/40  样本 320(缓冲 11562)  学生消费 2,233  未匹配 127  loss 0.899  vf 0.156  命中 训练68.0%/验证35.6%  真命中(扣end_turn) 训练66.6%/验证29.5%  梯度步 8250  累计 3496s
局 34/40  样本 379(缓冲 11941)  学生消费 2,595  未匹配 75  loss 0.903  vf 0.156  命中 训练63.7%/验证32.5%  真命中(扣end_turn) 训练62.4%/验证27.7%  梯度步 8500  累计 3600s
局 35/40  样本 304(缓冲 12245)  学生消费 1,833  未匹配 141  loss 0.882  vf 0.154  命中 训练62.3%/验证36.9%  真命中(扣end_turn) 训练61.6%/验证32.7%  梯度步 8750  累计 3704s
局 36/40  样本 305(缓冲 12245)  学生消费 2,088  未匹配 76  loss 0.842  vf 0.142  命中 训练64.0%/验证36.8%  真命中(扣end_turn) 训练62.7%/验证33.4%  梯度步 9000  累计 3807s
局 37/40  样本 294(缓冲 12539)  学生消费 1,891  未匹配 136  loss 0.851  vf 0.138  命中 训练77.2%/验证40.6%  真命中(扣end_turn) 训练77.1%/验证38.3%  梯度步 9250  累计 3910s
局 38/40  样本 444(缓冲 12983)  学生消费 4,539  未匹配 74  loss 0.862  vf 0.132  命中 训练63.0%/验证39.5%  真命中(扣end_turn) 训练61.3%/验证35.9%  梯度步 9500  累计 4011s
局 39/40  样本 422(缓冲 13405)  学生消费 2,898  未匹配 68  loss 0.865  vf 0.129  命中 训练54.7%/验证39.8%  真命中(扣end_turn) 训练53.1%/验证36.7%  梯度步 9750  累计 4112s
局 40/40  样本 357(缓冲 13762)  学生消费 2,972  未匹配 50  loss 0.873  vf 0.138  命中 训练55.8%/验证39.5%  真命中(扣end_turn) 训练52.5%/验证36.1%  梯度步 10000  累计 4212s

BC 完成：16017 个样本 · 10000 梯度步 → rl/runs/bc/v9_70.pt
