★P4 主干（WindowTransformer）：d_model=192 4 层 4 头，2,110,530 参数；窗口 360 token / 亮 71；**无 CNN**（候选只带相对落点去 attend）；batch=32 激活粗估 ≈478 MB（ECS 可用 3.3 GB，超了就换页——换页看着像慢，不像崩）
设备：cuda（NVIDIA GeForce RTX 3080 Ti，11.8 GiB）
老师 = v10（expand_rule_v10）  视野(HORIZON)=90（口径 = 每局 70 + 20）  每局 70 回合 × 400 局  每局 250 梯度步  缓冲 450000
★块调度：每 3 局换一张图（共约 133 张）—— 块内前 1 局纯 BC（70 回合）、其余 2 局 DAgger（100 回合）；每 6 **块**留出 1 整块当验证集
  ⚠ --episodes 400 不是 --block 3 的整数倍，最后一块只有 1 局
[图1.1·BC] 局 1/400  样本 493(缓冲 493)  老师消费 4,563  未匹配 1  loss 3.544  vf 0.864  命中(每 5 局量一次，本局跳过)  梯度步 250  累计 17s
[图1.2·DAgger] 局 2/400  样本 351(缓冲 844)  学生消费 2,522  未匹配 10  loss 3.480  vf 0.811  命中(每 5 局量一次，本局跳过)  梯度步 500  累计 37s
[图1.3·DAgger] 局 3/400  样本 512(缓冲 1356)  学生消费 4,019  未匹配 37  loss 3.621  vf 0.241  命中(每 5 局量一次，本局跳过)  梯度步 750  累计 80s
[图2.1·BC] 局 4/400  样本 459(缓冲 1815)  老师消费 4,133  未匹配 2  loss 3.576  vf 0.137  命中(每 5 局量一次，本局跳过)  梯度步 1000  累计 95s
[图2.2·DAgger] 局 5/400  样本 433(缓冲 2248)  学生消费 2,527  未匹配 9  loss 3.391  vf 0.128  命中 训练20.7%/验证nan%  真命中(扣end_turn) 训练16.0%/验证nan%  梯度步 1250  累计 120s
[图2.3·DAgger] 局 6/400  样本 490(缓冲 2738)  学生消费 2,248  未匹配 42  loss 3.387  vf 0.151  命中(每 5 局量一次，本局跳过)  梯度步 1500  累计 144s
[图3.1·BC] 局 7/400  样本 496(缓冲 3234)  老师消费 4,945  未匹配 4  loss 3.222  vf 0.133  命中(每 5 局量一次，本局跳过)  梯度步 1750  累计 159s
[图3.2·DAgger] 局 8/400  样本 645(缓冲 3879)  学生消费 3,470  未匹配 27  loss 3.102  vf 0.129  命中(每 5 局量一次，本局跳过)  梯度步 2000  累计 186s
[图3.3·DAgger] 局 9/400  样本 587(缓冲 4466)  学生消费 3,510  未匹配 5  loss 3.074  vf 0.118  命中(每 5 局量一次，本局跳过)  梯度步 2250  累计 208s
[图4.1·BC] 局 10/400  样本 446(缓冲 4912)  老师消费 3,923  未匹配 0  loss 2.979  vf 0.125  命中 训练21.5%/验证nan%  真命中(扣end_turn) 训练12.6%/验证nan%  梯度步 2500  累计 224s
[图4.2·DAgger] 局 11/400  样本 595(缓冲 5507)  学生消费 3,192  未匹配 5  loss 2.933  vf 0.147  命中(每 5 局量一次，本局跳过)  梯度步 2750  累计 249s
[图4.3·DAgger] 局 12/400  样本 496(缓冲 6003)  学生消费 3,250  未匹配 12  loss 2.927  vf 0.123  命中(每 5 局量一次，本局跳过)  梯度步 3000  累计 269s
[图5.1·BC] 局 13/400  样本 533(缓冲 6536)  老师消费 5,691  未匹配 4  loss 2.981  vf 0.155  命中(每 5 局量一次，本局跳过)  梯度步 3250  累计 284s
[图5.2·DAgger] 局 14/400  样本 564(缓冲 7100)  学生消费 3,785  未匹配 4  loss 2.921  vf 0.150  命中(每 5 局量一次，本局跳过)  梯度步 3500  累计 307s
[图5.3·DAgger] 局 15/400  样本 646(缓冲 7746)  学生消费 3,527  未匹配 21  loss 2.934  vf 0.140  命中 训练27.2%/验证nan%  真命中(扣end_turn) 训练19.7%/验证nan%  梯度步 3750  累计 333s
[图6.1·BC] 局 16/400  样本 500(缓冲 7746)  老师消费 4,228  未匹配 4  loss 2.850  vf 0.120  命中(每 5 局量一次，本局跳过)  梯度步 4000  累计 348s
[图6.2·DAgger] 局 17/400  样本 572(缓冲 7746)  学生消费 2,505  未匹配 9  loss 2.734  vf 0.112  命中(每 5 局量一次，本局跳过)  梯度步 4250  累计 370s
[图6.3·DAgger] 局 18/400  样本 578(缓冲 7746)  学生消费 3,385  未匹配 7  loss 2.701  vf 0.108  命中(每 5 局量一次，本局跳过)  梯度步 4500  累计 392s
[图7.1·BC] 局 19/400  样本 482(缓冲 8228)  老师消费 4,691  未匹配 2  loss 2.708  vf 0.111  命中(每 5 局量一次，本局跳过)  梯度步 4750  累计 406s
[图7.2·DAgger] 局 20/400  样本 558(缓冲 8786)  学生消费 3,300  未匹配 10  loss 2.711  vf 0.115  命中 训练23.5%/验证19.9%  真命中(扣end_turn) 训练19.9%/验证13.5%  梯度步 5000  累计 432s
[图7.3·DAgger] 局 21/400  样本 566(缓冲 9352)  学生消费 3,589  未匹配 4  loss 2.730  vf 0.115  命中(每 5 局量一次，本局跳过)  梯度步 5250  累计 455s
[图8.1·BC] 局 22/400  样本 510(缓冲 9862)  老师消费 5,700  未匹配 1  loss 2.673  vf 0.111  命中(每 5 局量一次，本局跳过)  梯度步 5500  累计 470s
[图8.2·DAgger] 局 23/400  样本 544(缓冲 10406)  学生消费 3,447  未匹配 9  loss 2.676  vf 0.110  命中(每 5 局量一次，本局跳过)  梯度步 5750  累计 490s
[图8.3·DAgger] 局 24/400  样本 534(缓冲 10940)  学生消费 3,539  未匹配 11  loss 2.707  vf 0.117  命中(每 5 局量一次，本局跳过)  梯度步 6000  累计 511s
[图9.1·BC] 局 25/400  样本 438(缓冲 11378)  老师消费 3,245  未匹配 1  loss 2.685  vf 0.117  命中 训练22.5%/验证21.8%  真命中(扣end_turn) 训练14.0%/验证15.3%  梯度步 6250  累计 528s
[图9.2·DAgger] 局 26/400  样本 633(缓冲 12011)  学生消费 3,040  未匹配 20  loss 2.699  vf 0.121  命中(每 5 局量一次，本局跳过)  梯度步 6500  累计 552s
[图9.3·DAgger] 局 27/400  样本 567(缓冲 12578)  学生消费 2,708  未匹配 10  loss 2.712  vf 0.119  命中(每 5 局量一次，本局跳过)  梯度步 6750  累计 576s
[图10.1·BC] 局 28/400  样本 506(缓冲 13084)  老师消费 4,450  未匹配 0  loss 2.675  vf 0.117  命中(每 5 局量一次，本局跳过)  梯度步 7000  累计 592s
[图10.2·DAgger] 局 29/400  样本 554(缓冲 13638)  学生消费 3,057  未匹配 6  loss 2.732  vf 0.113  命中(每 5 局量一次，本局跳过)  梯度步 7250  累计 620s
[图10.3·DAgger] 局 30/400  样本 566(缓冲 14204)  学生消费 3,821  未匹配 6  loss 2.688  vf 0.108  命中 训练16.7%/验证17.4%  真命中(扣end_turn) 训练12.6%/验证14.8%  梯度步 7500  累计 648s
