★P4 主干（WindowTransformer）：d_model=192 4 层 4 头，2,110,530 参数；窗口 360 token / 亮 71；**无 CNN**（候选只带相对落点去 attend）；batch=32 激活粗估 ≈478 MB（ECS 可用 3.3 GB，超了就换页——换页看着像慢，不像崩）
设备：cuda（NVIDIA GeForce RTX 3080 Ti，11.8 GiB）
老师 = v10（expand_rule_v10）  视野(HORIZON)=90（口径 = 每局 70 + 20）  每局 70 回合 × 1000 局  每局 250 梯度步  缓冲 450000
★块调度：每 5 局换一张图（共约 200 张）—— 块内前 3 局纯 BC（70 回合）、其余 2 局 DAgger（100 回合）；每 6 **块**留出 1 整块当验证集
[图1.1·BC] 局 1/1000  样本 444(缓冲 444)  老师消费 4,411  未匹配 0  loss 3.767  vf 1.229  命中(每 5 局量一次，本局跳过)  梯度步 250  累计 16s
[图1.2·BC] 局 2/1000  样本 444(缓冲 888)  老师消费 4,411  未匹配 0  loss 3.290  vf 0.228  命中(每 5 局量一次，本局跳过)  梯度步 500  累计 31s
[图1.3·BC] 局 3/1000  样本 444(缓冲 1332)  老师消费 4,411  未匹配 0  loss 3.127  vf 0.187  命中(每 5 局量一次，本局跳过)  梯度步 750  累计 46s
[图1.4·DAgger] 局 4/1000  样本 270(缓冲 1602)  学生消费 2,709  未匹配 10  loss 3.288  vf 0.517  命中(每 5 局量一次，本局跳过)  梯度步 1000  累计 64s
[图1.5·DAgger] 局 5/1000  样本 346(缓冲 1948)  学生消费 2,931  未匹配 8  loss 3.274  vf 0.457  命中 训练6.3%/验证nan%  真命中(扣end_turn) 训练6.4%/验证nan%  梯度步 1250  累计 90s
[图2.1·BC] 局 6/1000  样本 488(缓冲 2436)  老师消费 4,396  未匹配 1  loss 3.191  vf 0.209  命中(每 5 局量一次，本局跳过)  梯度步 1500  累计 105s
[图2.2·BC] 局 7/1000  样本 488(缓冲 2924)  老师消费 4,396  未匹配 1  loss 3.131  vf 0.117  命中(每 5 局量一次，本局跳过)  梯度步 1750  累计 121s
[图2.3·BC] 局 8/1000  样本 488(缓冲 3412)  老师消费 4,396  未匹配 1  loss 3.029  vf 0.100  命中(每 5 局量一次，本局跳过)  梯度步 2000  累计 137s
[图2.4·DAgger] 局 9/1000  样本 406(缓冲 3818)  学生消费 2,405  未匹配 6  loss 3.009  vf 0.106  命中(每 5 局量一次，本局跳过)  梯度步 2250  累计 168s
[图2.5·DAgger] 局 10/1000  样本 404(缓冲 4222)  学生消费 3,781  未匹配 8  loss 3.014  vf 0.143  命中 训练19.5%/验证nan%  真命中(扣end_turn) 训练18.0%/验证nan%  梯度步 2500  累计 191s
[图3.1·BC] 局 11/1000  样本 494(缓冲 4716)  老师消费 4,207  未匹配 1  loss 3.012  vf 0.097  命中(每 5 局量一次，本局跳过)  梯度步 2750  累计 208s
[图3.2·BC] 局 12/1000  样本 494(缓冲 5210)  老师消费 4,207  未匹配 1  loss 2.945  vf 0.075  命中(每 5 局量一次，本局跳过)  梯度步 3000  累计 223s
[图3.3·BC] 局 13/1000  样本 494(缓冲 5704)  老师消费 4,207  未匹配 1  loss 2.837  vf 0.071  命中(每 5 局量一次，本局跳过)  梯度步 3250  累计 239s
[图3.4·DAgger] 局 14/1000  样本 420(缓冲 6124)  学生消费 3,736  未匹配 13  loss 2.708  vf 0.094  命中(每 5 局量一次，本局跳过)  梯度步 3500  累计 261s
[图3.5·DAgger] 局 15/1000  样本 463(缓冲 6587)  学生消费 3,381  未匹配 11  loss 2.663  vf 0.085  命中 训练31.3%/验证nan%  真命中(扣end_turn) 训练28.4%/验证nan%  梯度步 3750  累计 286s
[图4.1·BC] 局 16/1000  样本 462(缓冲 7049)  老师消费 4,514  未匹配 1  loss 2.698  vf 0.097  命中(每 5 局量一次，本局跳过)  梯度步 4000  累计 302s
[图4.2·BC] 局 17/1000  样本 462(缓冲 7511)  老师消费 4,514  未匹配 1  loss 2.720  vf 0.084  命中(每 5 局量一次，本局跳过)  梯度步 4250  累计 318s
[图4.3·BC] 局 18/1000  样本 462(缓冲 7973)  老师消费 4,514  未匹配 1  loss 2.620  vf 0.068  命中(每 5 局量一次，本局跳过)  梯度步 4500  累计 334s
[图4.4·DAgger] 局 19/1000  样本 394(缓冲 8367)  学生消费 1,493  未匹配 8  loss 2.603  vf 0.104  命中(每 5 局量一次，本局跳过)  梯度步 4750  累计 355s
[图4.5·DAgger] 局 20/1000  样本 517(缓冲 8884)  学生消费 2,928  未匹配 4  loss 2.501  vf 0.086  命中 训练39.8%/验证nan%  真命中(扣end_turn) 训练36.9%/验证nan%  梯度步 5000  累计 380s
[图5.1·BC] 局 21/1000  样本 548(缓冲 9432)  老师消费 6,424  未匹配 1  loss 2.607  vf 0.140  命中(每 5 局量一次，本局跳过)  梯度步 5250  累计 397s
[图5.2·BC] 局 22/1000  样本 548(缓冲 9980)  老师消费 6,424  未匹配 1  loss 2.507  vf 0.131  命中(每 5 局量一次，本局跳过)  梯度步 5500  累计 414s
[图5.3·BC] 局 23/1000  样本 548(缓冲 10528)  老师消费 6,424  未匹配 1  loss 2.426  vf 0.097  命中(每 5 局量一次，本局跳过)  梯度步 5750  累计 430s
[图5.4·DAgger] 局 24/1000  样本 489(缓冲 11017)  学生消费 3,684  未匹配 6  loss 2.427  vf 0.089  命中(每 5 局量一次，本局跳过)  梯度步 6000  累计 453s
[图5.5·DAgger] 局 25/1000  样本 495(缓冲 11512)  学生消费 4,951  未匹配 23  loss 2.399  vf 0.095  命中 训练19.8%/验证nan%  真命中(扣end_turn) 训练18.3%/验证nan%  梯度步 6250  累计 480s
[图6.1·BC] 局 26/1000  样本 384(缓冲 11512)  老师消费 3,341  未匹配 0  loss 2.361  vf 0.087  命中(每 5 局量一次，本局跳过)  梯度步 6500  累计 495s
[图6.2·BC] 局 27/1000  样本 384(缓冲 11512)  老师消费 3,341  未匹配 0  loss 2.361  vf 0.087  命中(每 5 局量一次，本局跳过)  梯度步 6750  累计 512s
[图6.3·BC] 局 28/1000  样本 384(缓冲 11512)  老师消费 3,341  未匹配 0  loss 2.382  vf 0.079  命中(每 5 局量一次，本局跳过)  梯度步 7000  累计 529s
[图6.4·DAgger] 局 29/1000  样本 401(缓冲 11512)  学生消费 2,656  未匹配 35  loss 2.228  vf 0.076  命中(每 5 局量一次，本局跳过)  梯度步 7250  累计 551s
[图6.5·DAgger] 局 30/1000  样本 495(缓冲 11512)  学生消费 2,983  未匹配 43  loss 2.283  vf 0.075  命中 训练39.5%/验证16.7%  真命中(扣end_turn) 训练34.9%/验证9.1%  梯度步 7500  累计 578s
[图7.1·BC] 局 31/1000  样本 526(缓冲 12038)  老师消费 4,933  未匹配 3  loss 2.350  vf 0.082  命中(每 5 局量一次，本局跳过)  梯度步 7750  累计 594s
[图7.2·BC] 局 32/1000  样本 526(缓冲 12564)  老师消费 4,933  未匹配 3  loss 2.368  vf 0.075  命中(每 5 局量一次，本局跳过)  梯度步 8000  累计 612s
[图7.3·BC] 局 33/1000  样本 526(缓冲 13090)  老师消费 4,933  未匹配 3  loss 2.281  vf 0.077  命中(每 5 局量一次，本局跳过)  梯度步 8250  累计 628s
[图7.4·DAgger] 局 34/1000  样本 477(缓冲 13567)  学生消费 3,669  未匹配 11  loss 2.322  vf 0.069  命中(每 5 局量一次，本局跳过)  梯度步 8500  累计 650s
[图7.5·DAgger] 局 35/1000  样本 453(缓冲 14020)  学生消费 3,512  未匹配 6  loss 2.313  vf 0.072  命中 训练38.0%/验证13.4%  真命中(扣end_turn) 训练36.3%/验证6.8%  梯度步 8750  累计 674s
[图8.1·BC] 局 36/1000  样本 577(缓冲 14597)  老师消费 6,424  未匹配 3  loss 2.385  vf 0.094  命中(每 5 局量一次，本局跳过)  梯度步 9000  累计 691s
[图8.2·BC] 局 37/1000  样本 577(缓冲 15174)  老师消费 6,424  未匹配 3  loss 2.344  vf 0.094  命中(每 5 局量一次，本局跳过)  梯度步 9250  累计 709s
[图8.3·BC] 局 38/1000  样本 577(缓冲 15751)  老师消费 6,424  未匹配 3  loss 2.360  vf 0.082  命中(每 5 局量一次，本局跳过)  梯度步 9500  累计 726s
[图8.4·DAgger] 局 39/1000  样本 477(缓冲 16228)  学生消费 4,669  未匹配 6  loss 2.310  vf 0.106  命中(每 5 局量一次，本局跳过)  梯度步 9750  累计 749s
[图8.5·DAgger] 局 40/1000  样本 494(缓冲 16722)  学生消费 5,172  未匹配 8  loss 2.389  vf 0.099  命中 训练17.3%/验证14.3%  真命中(扣end_turn) 训练14.2%/验证6.8%  梯度步 10000  累计 776s
[图9.1·BC] 局 41/1000  样本 426(缓冲 17148)  老师消费 4,459  未匹配 4  loss 2.347  vf 0.073  命中(每 5 局量一次，本局跳过)  梯度步 10250  累计 791s
[图9.2·BC] 局 42/1000  样本 426(缓冲 17574)  老师消费 4,459  未匹配 4  loss 2.360  vf 0.076  命中(每 5 局量一次，本局跳过)  梯度步 10500  累计 806s
[图9.3·BC] 局 43/1000  样本 426(缓冲 18000)  老师消费 4,459  未匹配 4  loss 2.358  vf 0.066  命中(每 5 局量一次，本局跳过)  梯度步 10750  累计 822s
[图9.4·DAgger] 局 44/1000  样本 375(缓冲 18375)  学生消费 3,251  未匹配 7  loss 2.377  vf 0.076  命中(每 5 局量一次，本局跳过)  梯度步 11000  累计 843s
[图9.5·DAgger] 局 45/1000  样本 430(缓冲 18805)  学生消费 2,576  未匹配 2  loss 2.315  vf 0.074  命中 训练31.0%/验证14.7%  真命中(扣end_turn) 训练22.3%/验证7.3%  梯度步 11250  累计 869s
[图10.1·BC] 局 46/1000  样本 486(缓冲 19291)  老师消费 4,573  未匹配 0  loss 2.338  vf 0.071  命中(每 5 局量一次，本局跳过)  梯度步 11500  累计 886s
[图10.2·BC] 局 47/1000  样本 486(缓冲 19777)  老师消费 4,573  未匹配 0  loss 2.327  vf 0.065  命中(每 5 局量一次，本局跳过)  梯度步 11750  累计 902s
[图10.3·BC] 局 48/1000  样本 486(缓冲 20263)  老师消费 4,573  未匹配 0  loss 2.249  vf 0.061  命中(每 5 局量一次，本局跳过)  梯度步 12000  累计 919s
[图10.4·DAgger] 局 49/1000  样本 427(缓冲 20690)  学生消费 3,388  未匹配 11  loss 2.215  vf 0.061  命中(每 5 局量一次，本局跳过)  梯度步 12250  累计 942s
[图10.5·DAgger] 局 50/1000  样本 434(缓冲 21124)  学生消费 3,799  未匹配 10  loss 2.237  vf 0.058  命中 训练32.3%/验证15.4%  真命中(扣end_turn) 训练24.2%/验证7.7%  梯度步 12500  累计 969s
[图11.1·BC] 局 51/1000  样本 426(缓冲 21550)  老师消费 4,774  未匹配 2  loss 2.247  vf 0.055  命中(每 5 局量一次，本局跳过)  梯度步 12750  累计 984s
[图11.2·BC] 局 52/1000  样本 426(缓冲 21976)  老师消费 4,774  未匹配 2  loss 2.228  vf 0.059  命中(每 5 局量一次，本局跳过)  梯度步 13000  累计 999s
[图11.3·BC] 局 53/1000  样本 426(缓冲 22402)  老师消费 4,774  未匹配 2  loss 2.240  vf 0.054  命中(每 5 局量一次，本局跳过)  梯度步 13250  累计 1015s
[图11.4·DAgger] 局 54/1000  样本 417(缓冲 22819)  学生消费 2,302  未匹配 2  loss 2.208  vf 0.060  命中(每 5 局量一次，本局跳过)  梯度步 13500  累计 1036s
[图11.5·DAgger] 局 55/1000  样本 430(缓冲 23249)  学生消费 2,847  未匹配 4  loss 2.188  vf 0.066  命中 训练36.5%/验证15.0%  真命中(扣end_turn) 训练31.0%/验证5.8%  梯度步 13750  累计 1062s
[图12.1·BC] 局 56/1000  样本 484(缓冲 23249)  老师消费 3,387  未匹配 3  loss 2.159  vf 0.053  命中(每 5 局量一次，本局跳过)  梯度步 14000  累计 1079s
[图12.2·BC] 局 57/1000  样本 484(缓冲 23249)  老师消费 3,387  未匹配 3  loss 2.085  vf 0.056  命中(每 5 局量一次，本局跳过)  梯度步 14250  累计 1095s
[图12.3·BC] 局 58/1000  样本 484(缓冲 23249)  老师消费 3,387  未匹配 3  loss 2.091  vf 0.052  命中(每 5 局量一次，本局跳过)  梯度步 14500  累计 1112s
[图12.4·DAgger] 局 59/1000  样本 381(缓冲 23249)  学生消费 1,611  未匹配 5  loss 2.116  vf 0.049  命中(每 5 局量一次，本局跳过)  梯度步 14750  累计 1133s
[图12.5·DAgger] 局 60/1000  样本 485(缓冲 23249)  学生消费 1,720  未匹配 10  loss 2.079  vf 0.053  命中 训练48.5%/验证15.7%  真命中(扣end_turn) 训练43.9%/验证6.9%  梯度步 15000  累计 1160s
[图13.1·BC] 局 61/1000  样本 494(缓冲 23743)  老师消费 4,239  未匹配 0  loss 2.102  vf 0.053  命中(每 5 局量一次，本局跳过)  梯度步 15250  累计 1176s
[图13.2·BC] 局 62/1000  样本 494(缓冲 24237)  老师消费 4,239  未匹配 0  loss 2.143  vf 0.064  命中(每 5 局量一次，本局跳过)  梯度步 15500  累计 1192s
[图13.3·BC] 局 63/1000  样本 494(缓冲 24731)  老师消费 4,239  未匹配 0  loss 2.157  vf 0.054  命中(每 5 局量一次，本局跳过)  梯度步 15750  累计 1209s
[图13.4·DAgger] 局 64/1000  样本 443(缓冲 25174)  学生消费 3,421  未匹配 2  loss 2.035  vf 0.055  命中(每 5 局量一次，本局跳过)  梯度步 16000  累计 1232s
[图13.5·DAgger] 局 65/1000  样本 399(缓冲 25573)  学生消费 2,994  未匹配 10  loss 2.016  vf 0.055  命中 训练36.3%/验证15.2%  真命中(扣end_turn) 训练26.7%/验证7.1%  梯度步 16250  累计 1258s
[图14.1·BC] 局 66/1000  样本 500(缓冲 26073)  老师消费 4,021  未匹配 1  loss 2.073  vf 0.067  命中(每 5 局量一次，本局跳过)  梯度步 16500  累计 1274s
[图14.2·BC] 局 67/1000  样本 500(缓冲 26573)  老师消费 4,021  未匹配 1  loss 2.125  vf 0.055  命中(每 5 局量一次，本局跳过)  梯度步 16750  累计 1290s
[图14.3·BC] 局 68/1000  样本 500(缓冲 27073)  老师消费 4,021  未匹配 1  loss 2.037  vf 0.050  命中(每 5 局量一次，本局跳过)  梯度步 17000  累计 1306s
[图14.4·DAgger] 局 69/1000  样本 458(缓冲 27531)  学生消费 2,790  未匹配 7  loss 2.038  vf 0.062  命中(每 5 局量一次，本局跳过)  梯度步 17250  累计 1328s
[图14.5·DAgger] 局 70/1000  样本 440(缓冲 27971)  学生消费 2,862  未匹配 18  loss 2.055  vf 0.053  命中 训练19.7%/验证16.6%  真命中(扣end_turn) 训练18.6%/验证7.8%  梯度步 17500  累计 1355s
[图15.1·BC] 局 71/1000  样本 459(缓冲 28430)  老师消费 5,080  未匹配 2  loss 2.043  vf 0.054  命中(每 5 局量一次，本局跳过)  梯度步 17750  累计 1371s
[图15.2·BC] 局 72/1000  样本 459(缓冲 28889)  老师消费 5,080  未匹配 2  loss 2.058  vf 0.053  命中(每 5 局量一次，本局跳过)  梯度步 18000  累计 1387s
[图15.3·BC] 局 73/1000  样本 459(缓冲 29348)  老师消费 5,080  未匹配 2  loss 2.056  vf 0.048  命中(每 5 局量一次，本局跳过)  梯度步 18250  累计 1403s
[图15.4·DAgger] 局 74/1000  样本 459(缓冲 29807)  学生消费 2,710  未匹配 7  loss 2.027  vf 0.048  命中(每 5 局量一次，本局跳过)  梯度步 18500  累计 1425s
[图15.5·DAgger] 局 75/1000  样本 414(缓冲 30221)  学生消费 3,937  未匹配 8  loss 2.048  vf 0.053  命中 训练32.3%/验证16.7%  真命中(扣end_turn) 训练23.1%/验证9.5%  梯度步 18750  累计 1453s
[图16.1·BC] 局 76/1000  样本 453(缓冲 30674)  老师消费 3,666  未匹配 4  loss 1.997  vf 0.050  命中(每 5 局量一次，本局跳过)  梯度步 19000  累计 1469s
[图16.2·BC] 局 77/1000  样本 453(缓冲 31127)  老师消费 3,666  未匹配 4  loss 2.065  vf 0.053  命中(每 5 局量一次，本局跳过)  梯度步 19250  累计 1485s
[图16.3·BC] 局 78/1000  样本 453(缓冲 31580)  老师消费 3,666  未匹配 4  loss 2.006  vf 0.052  命中(每 5 局量一次，本局跳过)  梯度步 19500  累计 1503s
[图16.4·DAgger] 局 79/1000  样本 389(缓冲 31969)  学生消费 2,909  未匹配 14  loss 1.981  vf 0.053  命中(每 5 局量一次，本局跳过)  梯度步 19750  累计 1525s
[图16.5·DAgger] 局 80/1000  样本 405(缓冲 32374)  学生消费 3,555  未匹配 37  loss 2.033  vf 0.052  命中 训练33.7%/验证17.6%  真命中(扣end_turn) 训练28.6%/验证9.4%  梯度步 20000  累计 1551s
[图17.1·BC] 局 81/1000  样本 496(缓冲 32870)  老师消费 4,078  未匹配 1  loss 2.002  vf 0.057  命中(每 5 局量一次，本局跳过)  梯度步 20250  累计 1568s
[图17.2·BC] 局 82/1000  样本 496(缓冲 33366)  老师消费 4,078  未匹配 1  loss 2.092  vf 0.051  命中(每 5 局量一次，本局跳过)  梯度步 20500  累计 1585s
[图17.3·BC] 局 83/1000  样本 496(缓冲 33862)  老师消费 4,078  未匹配 1  loss 1.965  vf 0.051  命中(每 5 局量一次，本局跳过)  梯度步 20750  累计 1602s
[图17.4·DAgger] 局 84/1000  样本 571(缓冲 34433)  学生消费 3,214  未匹配 7  loss 2.053  vf 0.052  命中(每 5 局量一次，本局跳过)  梯度步 21000  累计 1627s
[图17.5·DAgger] 局 85/1000  样本 443(缓冲 34876)  学生消费 3,179  未匹配 8  loss 1.983  vf 0.053  命中 训练21.3%/验证20.4%  真命中(扣end_turn) 训练20.8%/验证11.6%  梯度步 21250  累计 1655s
[图18.1·BC] 局 86/1000  样本 512(缓冲 34876)  老师消费 3,388  未匹配 2  loss 1.925  vf 0.050  命中(每 5 局量一次，本局跳过)  梯度步 21500  累计 1672s
[图18.2·BC] 局 87/1000  样本 512(缓冲 34876)  老师消费 3,388  未匹配 2  loss 1.924  vf 0.053  命中(每 5 局量一次，本局跳过)  梯度步 21750  累计 1688s
[图18.3·BC] 局 88/1000  样本 512(缓冲 34876)  老师消费 3,388  未匹配 2  loss 1.943  vf 0.048  命中(每 5 局量一次，本局跳过)  梯度步 22000  累计 1706s
[图18.4·DAgger] 局 89/1000  样本 510(缓冲 34876)  学生消费 2,340  未匹配 8  loss 1.924  vf 0.051  命中(每 5 局量一次，本局跳过)  梯度步 22250  累计 1729s
[图18.5·DAgger] 局 90/1000  样本 463(缓冲 34876)  学生消费 3,397  未匹配 10  loss 1.926  vf 0.042  命中 训练30.8%/验证18.7%  真命中(扣end_turn) 训练25.6%/验证10.7%  梯度步 22500  累计 1756s
[图19.1·BC] 局 91/1000  样本 492(缓冲 35368)  老师消费 4,607  未匹配 3  loss 1.917  vf 0.047  命中(每 5 局量一次，本局跳过)  梯度步 22750  累计 1772s
[图19.2·BC] 局 92/1000  样本 492(缓冲 35860)  老师消费 4,607  未匹配 3  loss 1.850  vf 0.052  命中(每 5 局量一次，本局跳过)  梯度步 23000  累计 1787s
[图19.3·BC] 局 93/1000  样本 492(缓冲 36352)  老师消费 4,607  未匹配 3  loss 1.865  vf 0.045  命中(每 5 局量一次，本局跳过)  梯度步 23250  累计 1804s
[图19.4·DAgger] 局 94/1000  样本 451(缓冲 36803)  学生消费 3,650  未匹配 15  loss 1.876  vf 0.046  命中(每 5 局量一次，本局跳过)  梯度步 23500  累计 1826s
[图19.5·DAgger] 局 95/1000  样本 509(缓冲 37312)  学生消费 3,778  未匹配 19  loss 1.899  vf 0.048  命中 训练24.7%/验证18.7%  真命中(扣end_turn) 训练21.6%/验证12.7%  梯度步 23750  累计 1857s
[图20.1·BC] 局 96/1000  样本 508(缓冲 37820)  老师消费 3,810  未匹配 0  loss 1.951  vf 0.057  命中(每 5 局量一次，本局跳过)  梯度步 24000  累计 1873s
[图20.2·BC] 局 97/1000  样本 508(缓冲 38328)  老师消费 3,810  未匹配 0  loss 1.906  vf 0.050  命中(每 5 局量一次，本局跳过)  梯度步 24250  累计 1888s
[图20.3·BC] 局 98/1000  样本 508(缓冲 38836)  老师消费 3,810  未匹配 0  loss 1.899  vf 0.049  命中(每 5 局量一次，本局跳过)  梯度步 24500  累计 1904s
[图20.4·DAgger] 局 99/1000  样本 363(缓冲 39199)  学生消费 1,521  未匹配 1  loss 2.008  vf 0.059  命中(每 5 局量一次，本局跳过)  梯度步 24750  累计 1925s
[图20.5·DAgger] 局 100/1000  样本 447(缓冲 39646)  学生消费 2,222  未匹配 4  loss 1.912  vf 0.063  命中 训练30.3%/验证20.5%  真命中(扣end_turn) 训练22.6%/验证13.2%  梯度步 25000  累计 1951s
[图21.1·BC] 局 101/1000  样本 468(缓冲 40114)  老师消费 3,845  未匹配 1  loss 1.914  vf 0.055  命中(每 5 局量一次，本局跳过)  梯度步 25250  累计 1966s
[图21.2·BC] 局 102/1000  样本 468(缓冲 40582)  老师消费 3,845  未匹配 1  loss 1.929  vf 0.054  命中(每 5 局量一次，本局跳过)  梯度步 25500  累计 1982s
[图21.3·BC] 局 103/1000  样本 468(缓冲 41050)  老师消费 3,845  未匹配 1  loss 1.875  vf 0.051  命中(每 5 局量一次，本局跳过)  梯度步 25750  累计 1997s
[图21.4·DAgger] 局 104/1000  样本 507(缓冲 41557)  学生消费 2,798  未匹配 23  loss 1.885  vf 0.048  命中(每 5 局量一次，本局跳过)  梯度步 26000  累计 2022s
[图21.5·DAgger] 局 105/1000  样本 542(缓冲 42099)  学生消费 2,933  未匹配 21  loss 1.868  vf 0.051  命中 训练18.7%/验证21.1%  真命中(扣end_turn) 训练17.0%/验证14.5%  梯度步 26250  累计 2050s
[图22.1·BC] 局 106/1000  样本 480(缓冲 42579)  老师消费 3,380  未匹配 0  loss 1.889  vf 0.057  命中(每 5 局量一次，本局跳过)  梯度步 26500  累计 2066s
[图22.2·BC] 局 107/1000  样本 480(缓冲 43059)  老师消费 3,380  未匹配 0  loss 1.917  vf 0.060  命中(每 5 局量一次，本局跳过)  梯度步 26750  累计 2082s
[图22.3·BC] 局 108/1000  样本 480(缓冲 43539)  老师消费 3,380  未匹配 0  loss 1.831  vf 0.051  命中(每 5 局量一次，本局跳过)  梯度步 27000  累计 2098s
[图22.4·DAgger] 局 109/1000  样本 486(缓冲 44025)  学生消费 2,528  未匹配 7  loss 1.909  vf 0.050  命中(每 5 局量一次，本局跳过)  梯度步 27250  累计 2120s
[图22.5·DAgger] 局 110/1000  样本 400(缓冲 44425)  学生消费 3,247  未匹配 49  loss 1.921  vf 0.052  命中 训练24.8%/验证21.5%  真命中(扣end_turn) 训练22.0%/验证15.9%  梯度步 27500  累计 2146s
⚠ 第 111 局老师没启动起来（领地 6，见过的中位 21）—— 判为退化局，**丢弃这一局的样本**（抖动过大的地图会这样）
⚠ 第 112 局老师没启动起来（领地 6，见过的中位 21）—— 判为退化局，**丢弃这一局的样本**（抖动过大的地图会这样）
⚠ 第 113 局老师没启动起来（领地 6，见过的中位 21）—— 判为退化局，**丢弃这一局的样本**（抖动过大的地图会这样）
[图23.4·DAgger] 局 114/1000  样本 478(缓冲 44903)  学生消费 1,796  未匹配 4  loss 1.940  vf 0.056  命中(每 5 局量一次，本局跳过)  梯度步 27750  累计 2174s
[图23.5·DAgger] 局 115/1000  样本 455(缓冲 45358)  学生消费 2,201  未匹配 7  loss 1.948  vf 0.056  命中 训练39.8%/验证22.0%  真命中(扣end_turn) 训练34.4%/验证15.0%  梯度步 28000  累计 2201s
[图24.1·BC] 局 116/1000  样本 564(缓冲 45358)  老师消费 7,496  未匹配 2  loss 1.876  vf 0.051  命中(每 5 局量一次，本局跳过)  梯度步 28250  累计 2218s
[图24.2·BC] 局 117/1000  样本 564(缓冲 45358)  老师消费 7,496  未匹配 2  loss 1.895  vf 0.051  命中(每 5 局量一次，本局跳过)  梯度步 28500  累计 2238s
[图24.3·BC] 局 118/1000  样本 564(缓冲 45358)  老师消费 7,496  未匹配 2  loss 1.861  vf 0.048  命中(每 5 局量一次，本局跳过)  梯度步 28750  累计 2255s
[图24.4·DAgger] 局 119/1000  样本 414(缓冲 45358)  学生消费 5,061  未匹配 7  loss 1.876  vf 0.056  命中(每 5 局量一次，本局跳过)  梯度步 29000  累计 2276s
[图24.5·DAgger] 局 120/1000  样本 381(缓冲 45358)  学生消费 4,955  未匹配 6  loss 1.828  vf 0.049  命中 训练38.3%/验证22.0%  真命中(扣end_turn) 训练32.4%/验证15.0%  梯度步 29250  累计 2302s
[图25.1·BC] 局 121/1000  样本 440(缓冲 45798)  老师消费 4,027  未匹配 1  loss 1.830  vf 0.047  命中(每 5 局量一次，本局跳过)  梯度步 29500  累计 2318s
[图25.2·BC] 局 122/1000  样本 440(缓冲 46238)  老师消费 4,027  未匹配 1  loss 1.873  vf 0.051  命中(每 5 局量一次，本局跳过)  梯度步 29750  累计 2334s
[图25.3·BC] 局 123/1000  样本 440(缓冲 46678)  老师消费 4,027  未匹配 1  loss 1.803  vf 0.048  命中(每 5 局量一次，本局跳过)  梯度步 30000  累计 2351s
[图25.4·DAgger] 局 124/1000  样本 478(缓冲 47156)  学生消费 2,974  未匹配 27  loss 1.857  vf 0.047  命中(每 5 局量一次，本局跳过)  梯度步 30250  累计 2373s
[图25.5·DAgger] 局 125/1000  样本 482(缓冲 47638)  学生消费 2,815  未匹配 5  loss 1.810  vf 0.050  命中 训练19.7%/验证20.0%  真命中(扣end_turn) 训练14.8%/验证12.0%  梯度步 30500  累计 2403s
[图26.1·BC] 局 126/1000  样本 507(缓冲 48145)  老师消费 4,429  未匹配 0  loss 1.800  vf 0.046  命中(每 5 局量一次，本局跳过)  梯度步 30750  累计 2419s
[图26.2·BC] 局 127/1000  样本 507(缓冲 48652)  老师消费 4,429  未匹配 0  loss 1.843  vf 0.048  命中(每 5 局量一次，本局跳过)  梯度步 31000  累计 2435s
[图26.3·BC] 局 128/1000  样本 507(缓冲 49159)  老师消费 4,429  未匹配 0  loss 1.858  vf 0.046  命中(每 5 局量一次，本局跳过)  梯度步 31250  累计 2452s
[图26.4·DAgger] 局 129/1000  样本 554(缓冲 49713)  学生消费 2,446  未匹配 5  loss 1.793  vf 0.049  命中(每 5 局量一次，本局跳过)  梯度步 31500  累计 2475s
[图26.5·DAgger] 局 130/1000  样本 442(缓冲 50155)  学生消费 1,823  未匹配 10  loss 1.791  vf 0.056  命中 训练23.2%/验证22.7%  真命中(扣end_turn) 训练22.3%/验证16.6%  梯度步 31750  累计 2501s
[图27.1·BC] 局 131/1000  样本 441(缓冲 50596)  老师消费 3,164  未匹配 0  loss 1.868  vf 0.059  命中(每 5 局量一次，本局跳过)  梯度步 32000  累计 2517s
[图27.2·BC] 局 132/1000  样本 441(缓冲 51037)  老师消费 3,164  未匹配 0  loss 1.820  vf 0.054  命中(每 5 局量一次，本局跳过)  梯度步 32250  累计 2534s
[图27.3·BC] 局 133/1000  样本 441(缓冲 51478)  老师消费 3,164  未匹配 0  loss 1.834  vf 0.055  命中(每 5 局量一次，本局跳过)  梯度步 32500  累计 2551s
[图27.4·DAgger] 局 134/1000  样本 449(缓冲 51927)  学生消费 2,745  未匹配 26  loss 1.832  vf 0.054  命中(每 5 局量一次，本局跳过)  梯度步 32750  累计 2573s
[图27.5·DAgger] 局 135/1000  样本 524(缓冲 52451)  学生消费 2,421  未匹配 40  loss 1.822  vf 0.055  命中 训练22.8%/验证18.3%  真命中(扣end_turn) 训练17.6%/验证11.3%  梯度步 33000  累计 2606s
[图28.1·BC] 局 136/1000  样本 501(缓冲 52952)  老师消费 5,108  未匹配 0  loss 1.791  vf 0.046  命中(每 5 局量一次，本局跳过)  梯度步 33250  累计 2622s
[图28.2·BC] 局 137/1000  样本 501(缓冲 53453)  老师消费 5,108  未匹配 0  loss 1.812  vf 0.052  命中(每 5 局量一次，本局跳过)  梯度步 33500  累计 2638s
[图28.3·BC] 局 138/1000  样本 501(缓冲 53954)  老师消费 5,108  未匹配 0  loss 1.847  vf 0.051  命中(每 5 局量一次，本局跳过)  梯度步 33750  累计 2654s
[图28.4·DAgger] 局 139/1000  样本 451(缓冲 54405)  学生消费 1,979  未匹配 1  loss 1.796  vf 0.052  命中(每 5 局量一次，本局跳过)  梯度步 34000  累计 2676s
[图28.5·DAgger] 局 140/1000  样本 483(缓冲 54888)  学生消费 3,501  未匹配 6  loss 1.812  vf 0.048  命中 训练38.2%/验证23.2%  真命中(扣end_turn) 训练32.5%/验证15.7%  梯度步 34250  累计 2703s
[图29.1·BC] 局 141/1000  样本 511(缓冲 55399)  老师消费 5,420  未匹配 2  loss 1.769  vf 0.055  命中(每 5 局量一次，本局跳过)  梯度步 34500  累计 2719s
[图29.2·BC] 局 142/1000  样本 511(缓冲 55910)  老师消费 5,420  未匹配 2  loss 1.783  vf 0.044  命中(每 5 局量一次，本局跳过)  梯度步 34750  累计 2736s
[图29.3·BC] 局 143/1000  样本 511(缓冲 56421)  老师消费 5,420  未匹配 2  loss 1.808  vf 0.047  命中(每 5 局量一次，本局跳过)  梯度步 35000  累计 2756s
[图29.4·DAgger] 局 144/1000  样本 543(缓冲 56964)  学生消费 3,219  未匹配 7  loss 1.801  vf 0.051  命中(每 5 局量一次，本局跳过)  梯度步 35250  累计 2780s
[图29.5·DAgger] 局 145/1000  样本 438(缓冲 57402)  学生消费 3,386  未匹配 7  loss 1.826  vf 0.052  命中 训练38.8%/验证23.4%  真命中(扣end_turn) 训练36.3%/验证16.3%  梯度步 35500  累计 2807s
[图30.1·BC] 局 146/1000  样本 541(缓冲 57402)  老师消费 5,256  未匹配 2  loss 1.780  vf 0.046  命中(每 5 局量一次，本局跳过)  梯度步 35750  累计 2824s
[图30.2·BC] 局 147/1000  样本 541(缓冲 57402)  老师消费 5,256  未匹配 2  loss 1.780  vf 0.050  命中(每 5 局量一次，本局跳过)  梯度步 36000  累计 2841s
[图30.3·BC] 局 148/1000  样本 541(缓冲 57402)  老师消费 5,256  未匹配 2  loss 1.835  vf 0.049  命中(每 5 局量一次，本局跳过)  梯度步 36250  累计 2858s
[图30.4·DAgger] 局 149/1000  样本 468(缓冲 57402)  学生消费 3,611  未匹配 6  loss 1.726  vf 0.047  命中(每 5 局量一次，本局跳过)  梯度步 36500  累计 2882s
[图30.5·DAgger] 局 150/1000  样本 524(缓冲 57402)  学生消费 3,867  未匹配 24  loss 1.721  vf 0.045  命中 训练42.2%/验证21.2%  真命中(扣end_turn) 训练37.6%/验证14.9%  梯度步 36750  累计 2912s
[图31.1·BC] 局 151/1000  样本 515(缓冲 57917)  老师消费 5,230  未匹配 0  loss 1.793  vf 0.046  命中(每 5 局量一次，本局跳过)  梯度步 37000  累计 2928s
[图31.2·BC] 局 152/1000  样本 515(缓冲 58432)  老师消费 5,230  未匹配 0  loss 1.775  vf 0.047  命中(每 5 局量一次，本局跳过)  梯度步 37250  累计 2944s
[图31.3·BC] 局 153/1000  样本 515(缓冲 58947)  老师消费 5,230  未匹配 0  loss 1.788  vf 0.047  命中(每 5 局量一次，本局跳过)  梯度步 37500  累计 2960s
[图31.4·DAgger] 局 154/1000  样本 590(缓冲 59537)  学生消费 1,425  未匹配 3  loss 1.798  vf 0.047  命中(每 5 局量一次，本局跳过)  梯度步 37750  累计 2986s
[图31.5·DAgger] 局 155/1000  样本 511(缓冲 60048)  学生消费 4,656  未匹配 12  loss 1.734  vf 0.057  命中 训练23.3%/验证21.8%  真命中(扣end_turn) 训练17.8%/验证15.7%  梯度步 38000  累计 3014s
[图32.1·BC] 局 156/1000  样本 505(缓冲 60553)  老师消费 3,272  未匹配 4  loss 1.795  vf 0.062  命中(每 5 局量一次，本局跳过)  梯度步 38250  累计 3031s
[图32.2·BC] 局 157/1000  样本 505(缓冲 61058)  老师消费 3,272  未匹配 4  loss 1.741  vf 0.052  命中(每 5 局量一次，本局跳过)  梯度步 38500  累计 3047s
[图32.3·BC] 局 158/1000  样本 505(缓冲 61563)  老师消费 3,272  未匹配 4  loss 1.779  vf 0.058  命中(每 5 局量一次，本局跳过)  梯度步 38750  累计 3064s
[图32.4·DAgger] 局 159/1000  样本 482(缓冲 62045)  学生消费 3,939  未匹配 3  loss 1.779  vf 0.062  命中(每 5 局量一次，本局跳过)  梯度步 39000  累计 3087s
[图32.5·DAgger] 局 160/1000  样本 528(缓冲 62573)  学生消费 3,883  未匹配 14  loss 1.726  vf 0.055  命中 训练23.7%/验证21.0%  真命中(扣end_turn) 训练18.4%/验证14.9%  梯度步 39250  累计 3117s
[图33.1·BC] 局 161/1000  样本 489(缓冲 63062)  老师消费 3,553  未匹配 3  loss 1.821  vf 0.052  命中(每 5 局量一次，本局跳过)  梯度步 39500  累计 3133s
[图33.2·BC] 局 162/1000  样本 489(缓冲 63551)  老师消费 3,553  未匹配 3  loss 1.779  vf 0.057  命中(每 5 局量一次，本局跳过)  梯度步 39750  累计 3150s
[图33.3·BC] 局 163/1000  样本 489(缓冲 64040)  老师消费 3,553  未匹配 3  loss 1.781  vf 0.052  命中(每 5 局量一次，本局跳过)  梯度步 40000  累计 3166s
[图33.4·DAgger] 局 164/1000  样本 528(缓冲 64568)  学生消费 2,787  未匹配 10  loss 1.751  vf 0.050  命中(每 5 局量一次，本局跳过)  梯度步 40250  累计 3190s
[图33.5·DAgger] 局 165/1000  样本 473(缓冲 65041)  学生消费 3,887  未匹配 13  loss 1.793  vf 0.057  命中 训练28.3%/验证20.6%  真命中(扣end_turn) 训练23.8%/验证14.7%  梯度步 40500  累计 3217s
[图34.1·BC] 局 166/1000  样本 428(缓冲 65469)  老师消费 5,117  未匹配 3  loss 1.755  vf 0.055  命中(每 5 局量一次，本局跳过)  梯度步 40750  累计 3234s
[图34.2·BC] 局 167/1000  样本 428(缓冲 65897)  老师消费 5,117  未匹配 3  loss 1.725  vf 0.057  命中(每 5 局量一次，本局跳过)  梯度步 41000  累计 3250s
[图34.3·BC] 局 168/1000  样本 428(缓冲 66325)  老师消费 5,117  未匹配 3  loss 1.757  vf 0.050  命中(每 5 局量一次，本局跳过)  梯度步 41250  累计 3266s
[图34.4·DAgger] 局 169/1000  样本 477(缓冲 66802)  学生消费 3,753  未匹配 8  loss 1.757  vf 0.050  命中(每 5 局量一次，本局跳过)  梯度步 41500  累计 3289s
[图34.5·DAgger] 局 170/1000  样本 398(缓冲 67200)  学生消费 3,247  未匹配 11  loss 1.725  vf 0.053  命中 训练43.5%/验证21.8%  真命中(扣end_turn) 训练38.8%/验证14.8%  梯度步 41750  累计 3314s
[图35.1·BC] 局 171/1000  样本 298(缓冲 67498)  老师消费 2,256  未匹配 1  loss 1.705  vf 0.054  命中(每 5 局量一次，本局跳过)  梯度步 42000  累计 3330s
[图35.2·BC] 局 172/1000  样本 298(缓冲 67796)  老师消费 2,256  未匹配 1  loss 1.719  vf 0.061  命中(每 5 局量一次，本局跳过)  梯度步 42250  累计 3345s
[图35.3·BC] 局 173/1000  样本 298(缓冲 68094)  老师消费 2,256  未匹配 1  loss 1.741  vf 0.059  命中(每 5 局量一次，本局跳过)  梯度步 42500  累计 3359s
[图35.4·DAgger] 局 174/1000  样本 519(缓冲 68613)  学生消费 2,122  未匹配 44  loss 1.720  vf 0.059  命中(每 5 局量一次，本局跳过)  梯度步 42750  累计 3387s
[图35.5·DAgger] 局 175/1000  样本 402(缓冲 69015)  学生消费 2,333  未匹配 5  loss 1.730  vf 0.059  命中 训练34.5%/验证23.4%  真命中(扣end_turn) 训练25.9%/验证16.1%  梯度步 43000  累计 3412s
[图36.1·BC] 局 176/1000  样本 513(缓冲 69015)  老师消费 4,515  未匹配 1  loss 1.699  vf 0.057  命中(每 5 局量一次，本局跳过)  梯度步 43250  累计 3428s
[图36.2·BC] 局 177/1000  样本 513(缓冲 69015)  老师消费 4,515  未匹配 1  loss 1.724  vf 0.050  命中(每 5 局量一次，本局跳过)  梯度步 43500  累计 3445s
[图36.3·BC] 局 178/1000  样本 513(缓冲 69015)  老师消费 4,515  未匹配 1  loss 1.737  vf 0.056  命中(每 5 局量一次，本局跳过)  梯度步 43750  累计 3461s
[图36.4·DAgger] 局 179/1000  样本 488(缓冲 69015)  学生消费 2,038  未匹配 50  loss 1.717  vf 0.053  命中(每 5 局量一次，本局跳过)  梯度步 44000  累计 3484s
[图36.5·DAgger] 局 180/1000  样本 545(缓冲 69015)  学生消费 3,297  未匹配 41  loss 1.724  vf 0.051  命中 训练40.0%/验证20.5%  真命中(扣end_turn) 训练32.0%/验证13.2%  梯度步 44250  累计 3511s
[图37.1·BC] 局 181/1000  样本 386(缓冲 69401)  老师消费 4,121  未匹配 1  loss 1.675  vf 0.053  命中(每 5 局量一次，本局跳过)  梯度步 44500  累计 3526s
[图37.2·BC] 局 182/1000  样本 386(缓冲 69787)  老师消费 4,121  未匹配 1  loss 1.750  vf 0.050  命中(每 5 局量一次，本局跳过)  梯度步 44750  累计 3541s
[图37.3·BC] 局 183/1000  样本 386(缓冲 70173)  老师消费 4,121  未匹配 1  loss 1.705  vf 0.058  命中(每 5 局量一次，本局跳过)  梯度步 45000  累计 3556s
[图37.4·DAgger] 局 184/1000  样本 501(缓冲 70674)  学生消费 3,658  未匹配 31  loss 1.732  vf 0.058  命中(每 5 局量一次，本局跳过)  梯度步 45250  累计 3580s
[图37.5·DAgger] 局 185/1000  样本 477(缓冲 71151)  学生消费 3,192  未匹配 34  loss 1.743  vf 0.056  命中 训练20.7%/验证21.5%  真命中(扣end_turn) 训练17.6%/验证15.3%  梯度步 45500  累计 3605s
[图38.1·BC] 局 186/1000  样本 392(缓冲 71543)  老师消费 2,639  未匹配 0  loss 1.687  vf 0.053  命中(每 5 局量一次，本局跳过)  梯度步 45750  累计 3619s
[图38.2·BC] 局 187/1000  样本 392(缓冲 71935)  老师消费 2,639  未匹配 0  loss 1.704  vf 0.057  命中(每 5 局量一次，本局跳过)  梯度步 46000  累计 3634s
[图38.3·BC] 局 188/1000  样本 392(缓冲 72327)  老师消费 2,639  未匹配 0  loss 1.721  vf 0.058  命中(每 5 局量一次，本局跳过)  梯度步 46250  累计 3648s
[图38.4·DAgger] 局 189/1000  样本 461(缓冲 72788)  学生消费 2,146  未匹配 53  loss 1.637  vf 0.054  命中(每 5 局量一次，本局跳过)  梯度步 46500  累计 3671s
[图38.5·DAgger] 局 190/1000  样本 445(缓冲 73233)  学生消费 2,282  未匹配 34  loss 1.698  vf 0.048  命中 训练25.8%/验证24.0%  真命中(扣end_turn) 训练21.4%/验证17.3%  梯度步 46750  累计 3698s
[图39.1·BC] 局 191/1000  样本 448(缓冲 73681)  老师消费 3,987  未匹配 1  loss 1.713  vf 0.059  命中(每 5 局量一次，本局跳过)  梯度步 47000  累计 3714s
[图39.2·BC] 局 192/1000  样本 448(缓冲 74129)  老师消费 3,987  未匹配 1  loss 1.667  vf 0.053  命中(每 5 局量一次，本局跳过)  梯度步 47250  累计 3730s
[图39.3·BC] 局 193/1000  样本 448(缓冲 74577)  老师消费 3,987  未匹配 1  loss 1.684  vf 0.057  命中(每 5 局量一次，本局跳过)  梯度步 47500  累计 3746s
[图39.4·DAgger] 局 194/1000  样本 385(缓冲 74962)  学生消费 2,879  未匹配 2  loss 1.663  vf 0.056  命中(每 5 局量一次，本局跳过)  梯度步 47750  累计 3766s
[图39.5·DAgger] 局 195/1000  样本 415(缓冲 75377)  学生消费 3,377  未匹配 10  loss 1.705  vf 0.050  命中 训练33.7%/验证24.0%  真命中(扣end_turn) 训练29.0%/验证16.8%  梯度步 48000  累计 3791s
[图40.1·BC] 局 196/1000  样本 535(缓冲 75912)  老师消费 6,079  未匹配 2  loss 1.653  vf 0.056  命中(每 5 局量一次，本局跳过)  梯度步 48250  累计 3809s
[图40.2·BC] 局 197/1000  样本 535(缓冲 76447)  老师消费 6,079  未匹配 2  loss 1.687  vf 0.054  命中(每 5 局量一次，本局跳过)  梯度步 48500  累计 3826s
[图40.3·BC] 局 198/1000  样本 535(缓冲 76982)  老师消费 6,079  未匹配 2  loss 1.699  vf 0.052  命中(每 5 局量一次，本局跳过)  梯度步 48750  累计 3843s
[图40.4·DAgger] 局 199/1000  样本 468(缓冲 77450)  学生消费 4,901  未匹配 1  loss 1.700  vf 0.061  命中(每 5 局量一次，本局跳过)  梯度步 49000  累计 3866s
[图40.5·DAgger] 局 200/1000  样本 473(缓冲 77923)  学生消费 4,129  未匹配 15  loss 1.687  vf 0.051  命中 训练22.0%/验证22.5%  真命中(扣end_turn) 训练19.6%/验证15.3%  梯度步 49250  累计 3894s
[图41.1·BC] 局 201/1000  样本 542(缓冲 78465)  老师消费 4,259  未匹配 3  loss 1.787  vf 0.053  命中(每 5 局量一次，本局跳过)  梯度步 49500  累计 3913s
[图41.2·BC] 局 202/1000  样本 542(缓冲 79007)  老师消费 4,259  未匹配 3  loss 1.667  vf 0.053  命中(每 5 局量一次，本局跳过)  梯度步 49750  累计 3932s
[图41.3·BC] 局 203/1000  样本 542(缓冲 79549)  老师消费 4,259  未匹配 3  loss 1.712  vf 0.052  命中(每 5 局量一次，本局跳过)  梯度步 50000  累计 3950s
[图41.4·DAgger] 局 204/1000  样本 502(缓冲 80051)  学生消费 3,750  未匹配 47  loss 1.649  vf 0.055  命中(每 5 局量一次，本局跳过)  梯度步 50250  累计 3974s
[图41.5·DAgger] 局 205/1000  样本 489(缓冲 80540)  学生消费 3,106  未匹配 5  loss 1.743  vf 0.054  命中 训练24.5%/验证20.6%  真命中(扣end_turn) 训练18.8%/验证14.8%  梯度步 50500  累计 4007s
[图42.1·BC] 局 206/1000  样本 459(缓冲 80540)  老师消费 5,815  未匹配 5  loss 1.703  vf 0.055  命中(每 5 局量一次，本局跳过)  梯度步 50750  累计 4024s
[图42.2·BC] 局 207/1000  样本 459(缓冲 80540)  老师消费 5,815  未匹配 5  loss 1.684  vf 0.052  命中(每 5 局量一次，本局跳过)  梯度步 51000  累计 4041s
[图42.3·BC] 局 208/1000  样本 459(缓冲 80540)  老师消费 5,815  未匹配 5  loss 1.711  vf 0.045  命中(每 5 局量一次，本局跳过)  梯度步 51250  累计 4059s
[图42.4·DAgger] 局 209/1000  样本 487(缓冲 80540)  学生消费 4,568  未匹配 26  loss 1.655  vf 0.052  命中(每 5 局量一次，本局跳过)  梯度步 51500  累计 4084s
[图42.5·DAgger] 局 210/1000  样本 517(缓冲 80540)  学生消费 4,164  未匹配 26  loss 1.710  vf 0.053  命中 训练30.3%/验证21.7%  真命中(扣end_turn) 训练27.0%/验证16.4%  梯度步 51750  累计 4114s
[图43.1·BC] 局 211/1000  样本 487(缓冲 81027)  老师消费 3,375  未匹配 1  loss 1.646  vf 0.046  命中(每 5 局量一次，本局跳过)  梯度步 52000  累计 4136s
[图43.2·BC] 局 212/1000  样本 487(缓冲 81514)  老师消费 3,375  未匹配 1  loss 1.693  vf 0.050  命中(每 5 局量一次，本局跳过)  梯度步 52250  累计 4154s
[图43.3·BC] 局 213/1000  样本 487(缓冲 82001)  老师消费 3,375  未匹配 1  loss 1.655  vf 0.049  命中(每 5 局量一次，本局跳过)  梯度步 52500  累计 4171s
[图43.4·DAgger] 局 214/1000  样本 458(缓冲 82459)  学生消费 2,715  未匹配 17  loss 1.719  vf 0.055  命中(每 5 局量一次，本局跳过)  梯度步 52750  累计 4193s
[图43.5·DAgger] 局 215/1000  样本 458(缓冲 82917)  学生消费 2,999  未匹配 44  loss 1.760  vf 0.049  命中 训练20.8%/验证22.5%  真命中(扣end_turn) 训练18.6%/验证16.2%  梯度步 53000  累计 4221s
[图44.1·BC] 局 216/1000  样本 479(缓冲 83396)  老师消费 5,428  未匹配 2  loss 1.713  vf 0.052  命中(每 5 局量一次，本局跳过)  梯度步 53250  累计 4239s
[图44.2·BC] 局 217/1000  样本 479(缓冲 83875)  老师消费 5,428  未匹配 2  loss 1.703  vf 0.052  命中(每 5 局量一次，本局跳过)  梯度步 53500  累计 4256s
[图44.3·BC] 局 218/1000  样本 479(缓冲 84354)  老师消费 5,428  未匹配 2  loss 1.673  vf 0.052  命中(每 5 局量一次，本局跳过)  梯度步 53750  累计 4273s
[图44.4·DAgger] 局 219/1000  样本 446(缓冲 84800)  学生消费 4,513  未匹配 32  loss 1.684  vf 0.059  命中(每 5 局量一次，本局跳过)  梯度步 54000  累计 4296s
[图44.5·DAgger] 局 220/1000  样本 440(缓冲 85240)  学生消费 4,040  未匹配 23  loss 1.640  vf 0.049  命中 训练34.2%/验证23.9%  真命中(扣end_turn) 训练31.3%/验证18.4%  梯度步 54250  累计 4323s
[图45.1·BC] 局 221/1000  样本 470(缓冲 85710)  老师消费 3,428  未匹配 1  loss 1.689  vf 0.053  命中(每 5 局量一次，本局跳过)  梯度步 54500  累计 4339s
[图45.2·BC] 局 222/1000  样本 470(缓冲 86180)  老师消费 3,428  未匹配 1  loss 1.658  vf 0.056  命中(每 5 局量一次，本局跳过)  梯度步 54750  累计 4357s
[图45.3·BC] 局 223/1000  样本 470(缓冲 86650)  老师消费 3,428  未匹配 1  loss 1.686  vf 0.056  命中(每 5 局量一次，本局跳过)  梯度步 55000  累计 4374s
[图45.4·DAgger] 局 224/1000  样本 414(缓冲 87064)  学生消费 2,634  未匹配 1  loss 1.664  vf 0.063  命中(每 5 局量一次，本局跳过)  梯度步 55250  累计 4396s
[图45.5·DAgger] 局 225/1000  样本 457(缓冲 87521)  学生消费 3,004  未匹配 2  loss 1.704  vf 0.058  命中 训练22.7%/验证22.3%  真命中(扣end_turn) 训练20.4%/验证14.6%  梯度步 55500  累计 4424s
[图46.1·BC] 局 226/1000  样本 459(缓冲 87980)  老师消费 4,005  未匹配 1  loss 1.694  vf 0.058  命中(每 5 局量一次，本局跳过)  梯度步 55750  累计 4441s
[图46.2·BC] 局 227/1000  样本 459(缓冲 88439)  老师消费 4,005  未匹配 1  loss 1.662  vf 0.054  命中(每 5 局量一次，本局跳过)  梯度步 56000  累计 4458s
[图46.3·BC] 局 228/1000  样本 459(缓冲 88898)  老师消费 4,005  未匹配 1  loss 1.681  vf 0.057  命中(每 5 局量一次，本局跳过)  梯度步 56250  累计 4475s
[图46.4·DAgger] 局 229/1000  样本 600(缓冲 89498)  学生消费 1,897  未匹配 3  loss 1.633  vf 0.060  命中(每 5 局量一次，本局跳过)  梯度步 56500  累计 4502s
[图46.5·DAgger] 局 230/1000  样本 500(缓冲 89998)  学生消费 2,970  未匹配 23  loss 1.667  vf 0.054  命中 训练34.0%/验证24.9%  真命中(扣end_turn) 训练30.7%/验证17.8%  梯度步 56750  累计 4531s
[图47.1·BC] 局 231/1000  样本 472(缓冲 90470)  老师消费 3,322  未匹配 2  loss 1.677  vf 0.054  命中(每 5 局量一次，本局跳过)  梯度步 57000  累计 4549s
[图47.2·BC] 局 232/1000  样本 472(缓冲 90942)  老师消费 3,322  未匹配 2  loss 1.650  vf 0.054  命中(每 5 局量一次，本局跳过)  梯度步 57250  累计 4567s
[图47.3·BC] 局 233/1000  样本 472(缓冲 91414)  老师消费 3,322  未匹配 2  loss 1.638  vf 0.054  命中(每 5 局量一次，本局跳过)  梯度步 57500  累计 4584s
[图47.4·DAgger] 局 234/1000  样本 407(缓冲 91821)  学生消费 3,977  未匹配 26  loss 1.668  vf 0.056  命中(每 5 局量一次，本局跳过)  梯度步 57750  累计 4607s
[图47.5·DAgger] 局 235/1000  样本 430(缓冲 92251)  学生消费 3,660  未匹配 13  loss 1.696  vf 0.052  命中 训练32.3%/验证26.1%  真命中(扣end_turn) 训练28.0%/验证18.3%  梯度步 58000  累计 4635s
[图48.1·BC] 局 236/1000  样本 463(缓冲 92251)  老师消费 4,497  未匹配 3  loss 1.615  vf 0.056  命中(每 5 局量一次，本局跳过)  梯度步 58250  累计 4652s
[图48.2·BC] 局 237/1000  样本 463(缓冲 92251)  老师消费 4,497  未匹配 3  loss 1.590  vf 0.049  命中(每 5 局量一次，本局跳过)  梯度步 58500  累计 4669s
[图48.3·BC] 局 238/1000  样本 463(缓冲 92251)  老师消费 4,497  未匹配 3  loss 1.606  vf 0.046  命中(每 5 局量一次，本局跳过)  梯度步 58750  累计 4686s
[图48.4·DAgger] 局 239/1000  样本 498(缓冲 92251)  学生消费 3,848  未匹配 19  loss 1.635  vf 0.052  命中(每 5 局量一次，本局跳过)  梯度步 59000  累计 4710s
[图48.5·DAgger] 局 240/1000  样本 476(缓冲 92251)  学生消费 4,195  未匹配 7  loss 1.641  vf 0.054  命中 训练31.0%/验证25.1%  真命中(扣end_turn) 训练25.5%/验证20.5%  梯度步 59250  累计 4741s
[图49.1·BC] 局 241/1000  样本 463(缓冲 92714)  老师消费 4,681  未匹配 1  loss 1.592  vf 0.048  命中(每 5 局量一次，本局跳过)  梯度步 59500  累计 4758s
[图49.2·BC] 局 242/1000  样本 463(缓冲 93177)  老师消费 4,681  未匹配 1  loss 1.606  vf 0.048  命中(每 5 局量一次，本局跳过)  梯度步 59750  累计 4775s
[图49.3·BC] 局 243/1000  样本 463(缓冲 93640)  老师消费 4,681  未匹配 1  loss 1.618  vf 0.052  命中(每 5 局量一次，本局跳过)  梯度步 60000  累计 4792s
[图49.4·DAgger] 局 244/1000  样本 477(缓冲 94117)  学生消费 2,956  未匹配 22  loss 1.657  vf 0.052  命中(每 5 局量一次，本局跳过)  梯度步 60250  累计 4815s
[图49.5·DAgger] 局 245/1000  样本 416(缓冲 94533)  学生消费 4,016  未匹配 20  loss 1.649  vf 0.049  命中 训练24.5%/验证27.3%  真命中(扣end_turn) 训练24.4%/验证21.1%  梯度步 60500  累计 4842s
[图50.1·BC] 局 246/1000  样本 458(缓冲 94991)  老师消费 6,542  未匹配 2  loss 1.638  vf 0.053  命中(每 5 局量一次，本局跳过)  梯度步 60750  累计 4859s
[图50.2·BC] 局 247/1000  样本 458(缓冲 95449)  老师消费 6,542  未匹配 2  loss 1.667  vf 0.051  命中(每 5 局量一次，本局跳过)  梯度步 61000  累计 4875s
[图50.3·BC] 局 248/1000  样本 458(缓冲 95907)  老师消费 6,542  未匹配 2  loss 1.595  vf 0.053  命中(每 5 局量一次，本局跳过)  梯度步 61250  累计 4892s
[图50.4·DAgger] 局 249/1000  样本 494(缓冲 96401)  学生消费 4,993  未匹配 32  loss 1.619  vf 0.058  命中(每 5 局量一次，本局跳过)  梯度步 61500  累计 4917s
[图50.5·DAgger] 局 250/1000  样本 405(缓冲 96806)  学生消费 5,272  未匹配 20  loss 1.626  vf 0.052  命中 训练51.7%/验证24.6%  真命中(扣end_turn) 训练49.2%/验证20.2%  梯度步 61750  累计 4944s
[图51.1·BC] 局 251/1000  样本 583(缓冲 97389)  老师消费 6,928  未匹配 2  loss 1.621  vf 0.061  命中(每 5 局量一次，本局跳过)  梯度步 62000  累计 4962s
[图51.2·BC] 局 252/1000  样本 583(缓冲 97972)  老师消费 6,928  未匹配 2  loss 1.631  vf 0.060  命中(每 5 局量一次，本局跳过)  梯度步 62250  累计 4980s
[图51.3·BC] 局 253/1000  样本 583(缓冲 98555)  老师消费 6,928  未匹配 2  loss 1.582  vf 0.058  命中(每 5 局量一次，本局跳过)  梯度步 62500  累计 5004s
[图51.4·DAgger] 局 254/1000  样本 528(缓冲 99083)  学生消费 3,468  未匹配 5  loss 1.629  vf 0.059  命中(每 5 局量一次，本局跳过)  梯度步 62750  累计 5028s
[图51.5·DAgger] 局 255/1000  样本 536(缓冲 99619)  学生消费 3,876  未匹配 10  loss 1.592  vf 0.063  命中 训练28.0%/验证25.4%  真命中(扣end_turn) 训练23.5%/验证21.3%  梯度步 63000  累计 5057s
[图52.1·BC] 局 256/1000  样本 450(缓冲 100069)  老师消费 3,669  未匹配 0  loss 1.608  vf 0.054  命中(每 5 局量一次，本局跳过)  梯度步 63250  累计 5073s
[图52.2·BC] 局 257/1000  样本 450(缓冲 100519)  老师消费 3,669  未匹配 0  loss 1.616  vf 0.056  命中(每 5 局量一次，本局跳过)  梯度步 63500  累计 5090s
[图52.3·BC] 局 258/1000  样本 450(缓冲 100969)  老师消费 3,669  未匹配 0  loss 1.599  vf 0.052  命中(每 5 局量一次，本局跳过)  梯度步 63750  累计 5106s
[图52.4·DAgger] 局 259/1000  样本 474(缓冲 101443)  学生消费 3,921  未匹配 9  loss 1.688  vf 0.055  命中(每 5 局量一次，本局跳过)  梯度步 64000  累计 5133s
[图52.5·DAgger] 局 260/1000  样本 508(缓冲 101951)  学生消费 3,849  未匹配 7  loss 1.635  vf 0.058  命中 训练32.3%/验证27.4%  真命中(扣end_turn) 训练29.4%/验证23.5%  梯度步 64250  累计 5162s
[图53.1·BC] 局 261/1000  样本 405(缓冲 102356)  老师消费 4,329  未匹配 1  loss 1.639  vf 0.053  命中(每 5 局量一次，本局跳过)  梯度步 64500  累计 5179s
[图53.2·BC] 局 262/1000  样本 405(缓冲 102761)  老师消费 4,329  未匹配 1  loss 1.636  vf 0.052  命中(每 5 局量一次，本局跳过)  梯度步 64750  累计 5196s
[图53.3·BC] 局 263/1000  样本 405(缓冲 103166)  老师消费 4,329  未匹配 1  loss 1.660  vf 0.054  命中(每 5 局量一次，本局跳过)  梯度步 65000  累计 5212s
[图53.4·DAgger] 局 264/1000  样本 484(缓冲 103650)  学生消费 2,875  未匹配 46  loss 1.643  vf 0.050  命中(每 5 局量一次，本局跳过)  梯度步 65250  累计 5238s
[图53.5·DAgger] 局 265/1000  样本 382(缓冲 104032)  学生消费 2,728  未匹配 3  loss 1.617  vf 0.050  命中 训练19.5%/验证29.3%  真命中(扣end_turn) 训练14.3%/验证23.8%  梯度步 65500  累计 5264s
[图54.1·BC] 局 266/1000  样本 449(缓冲 104032)  老师消费 4,255  未匹配 1  loss 1.647  vf 0.053  命中(每 5 局量一次，本局跳过)  梯度步 65750  累计 5281s
[图54.2·BC] 局 267/1000  样本 449(缓冲 104032)  老师消费 4,255  未匹配 1  loss 1.578  vf 0.057  命中(每 5 局量一次，本局跳过)  梯度步 66000  累计 5297s
[图54.3·BC] 局 268/1000  样本 449(缓冲 104032)  老师消费 4,255  未匹配 1  loss 1.568  vf 0.052  命中(每 5 局量一次，本局跳过)  梯度步 66250  累计 5314s
[图54.4·DAgger] 局 269/1000  样本 473(缓冲 104032)  学生消费 2,765  未匹配 38  loss 1.545  vf 0.056  命中(每 5 局量一次，本局跳过)  梯度步 66500  累计 5338s
[图54.5·DAgger] 局 270/1000  样本 466(缓冲 104032)  学生消费 3,287  未匹配 9  loss 1.589  vf 0.050  命中 训练26.0%/验证27.3%  真命中(扣end_turn) 训练21.5%/验证21.4%  梯度步 66750  累计 5366s
[图55.1·BC] 局 271/1000  样本 483(缓冲 104515)  老师消费 3,850  未匹配 0  loss 1.632  vf 0.053  命中(每 5 局量一次，本局跳过)  梯度步 67000  累计 5384s
[图55.2·BC] 局 272/1000  样本 483(缓冲 104998)  老师消费 3,850  未匹配 0  loss 1.604  vf 0.049  命中(每 5 局量一次，本局跳过)  梯度步 67250  累计 5401s
[图55.3·BC] 局 273/1000  样本 483(缓冲 105481)  老师消费 3,850  未匹配 0  loss 1.586  vf 0.049  命中(每 5 局量一次，本局跳过)  梯度步 67500  累计 5418s
[图55.4·DAgger] 局 274/1000  样本 385(缓冲 105866)  学生消费 3,198  未匹配 6  loss 1.653  vf 0.046  命中(每 5 局量一次，本局跳过)  梯度步 67750  累计 5439s
[图55.5·DAgger] 局 275/1000  样本 403(缓冲 106269)  学生消费 2,715  未匹配 9  loss 1.626  vf 0.054  命中 训练31.8%/验证26.3%  真命中(扣end_turn) 训练29.0%/验证22.3%  梯度步 68000  累计 5464s
⚠ 第 276 局老师没启动起来（领地 5，见过的中位 21）—— 判为退化局，**丢弃这一局的样本**（抖动过大的地图会这样）
⚠ 第 277 局老师没启动起来（领地 5，见过的中位 21）—— 判为退化局，**丢弃这一局的样本**（抖动过大的地图会这样）
⚠ 第 278 局老师没启动起来（领地 5，见过的中位 21）—— 判为退化局，**丢弃这一局的样本**（抖动过大的地图会这样）
[图56.4·DAgger] 局 279/1000  样本 444(缓冲 106713)  学生消费 3,222  未匹配 28  loss 1.567  vf 0.049  命中(每 5 局量一次，本局跳过)  梯度步 68250  累计 5494s
[图56.5·DAgger] 局 280/1000  样本 498(缓冲 107211)  学生消费 2,970  未匹配 54  loss 1.589  vf 0.046  命中 训练31.3%/验证26.6%  真命中(扣end_turn) 训练26.5%/验证20.0%  梯度步 68500  累计 5523s
[图57.1·BC] 局 281/1000  样本 443(缓冲 107654)  老师消费 3,381  未匹配 1  loss 1.603  vf 0.048  命中(每 5 局量一次，本局跳过)  梯度步 68750  累计 5540s
[图57.2·BC] 局 282/1000  样本 443(缓冲 108097)  老师消费 3,381  未匹配 1  loss 1.572  vf 0.050  命中(每 5 局量一次，本局跳过)  梯度步 69000  累计 5557s
[图57.3·BC] 局 283/1000  样本 443(缓冲 108540)  老师消费 3,381  未匹配 1  loss 1.601  vf 0.049  命中(每 5 局量一次，本局跳过)  梯度步 69250  累计 5573s
[图57.4·DAgger] 局 284/1000  样本 381(缓冲 108921)  学生消费 3,026  未匹配 6  loss 1.586  vf 0.052  命中(每 5 局量一次，本局跳过)  梯度步 69500  累计 5595s
[图57.5·DAgger] 局 285/1000  样本 391(缓冲 109312)  学生消费 3,603  未匹配 15  loss 1.567  vf 0.047  命中 训练30.3%/验证29.3%  真命中(扣end_turn) 训练26.2%/验证24.1%  梯度步 69750  累计 5619s
[图58.1·BC] 局 286/1000  样本 533(缓冲 109845)  老师消费 4,716  未匹配 3  loss 1.616  vf 0.049  命中(每 5 局量一次，本局跳过)  梯度步 70000  累计 5636s
[图58.2·BC] 局 287/1000  样本 533(缓冲 110378)  老师消费 4,716  未匹配 3  loss 1.603  vf 0.048  命中(每 5 局量一次，本局跳过)  梯度步 70250  累计 5653s
[图58.3·BC] 局 288/1000  样本 533(缓冲 110911)  老师消费 4,716  未匹配 3  loss 1.547  vf 0.051  命中(每 5 局量一次，本局跳过)  梯度步 70500  累计 5671s
[图58.4·DAgger] 局 289/1000  样本 539(缓冲 111450)  学生消费 2,708  未匹配 10  loss 1.575  vf 0.056  命中(每 5 局量一次，本局跳过)  梯度步 70750  累计 5696s
[图58.5·DAgger] 局 290/1000  样本 531(缓冲 111981)  学生消费 4,162  未匹配 24  loss 1.628  vf 0.051  命中 训练28.0%/验证27.6%  真命中(扣end_turn) 训练24.7%/验证22.6%  梯度步 71000  累计 5724s
[图59.1·BC] 局 291/1000  样本 419(缓冲 112400)  老师消费 3,263  未匹配 0  loss 1.608  vf 0.048  命中(每 5 局量一次，本局跳过)  梯度步 71250  累计 5741s
[图59.2·BC] 局 292/1000  样本 419(缓冲 112819)  老师消费 3,263  未匹配 0  loss 1.588  vf 0.051  命中(每 5 局量一次，本局跳过)  梯度步 71500  累计 5758s
[图59.3·BC] 局 293/1000  样本 419(缓冲 113238)  老师消费 3,263  未匹配 0  loss 1.623  vf 0.055  命中(每 5 局量一次，本局跳过)  梯度步 71750  累计 5774s
[图59.4·DAgger] 局 294/1000  样本 439(缓冲 113677)  学生消费 2,401  未匹配 31  loss 1.569  vf 0.053  命中(每 5 局量一次，本局跳过)  梯度步 72000  累计 5797s
[图59.5·DAgger] 局 295/1000  样本 411(缓冲 114088)  学生消费 2,394  未匹配 4  loss 1.635  vf 0.050  命中 训练34.3%/验证28.4%  真命中(扣end_turn) 训练28.9%/验证22.8%  梯度步 72250  累计 5824s
[图60.1·BC] 局 296/1000  样本 452(缓冲 114088)  老师消费 3,813  未匹配 2  loss 1.590  vf 0.047  命中(每 5 局量一次，本局跳过)  梯度步 72500  累计 5841s
[图60.2·BC] 局 297/1000  样本 452(缓冲 114088)  老师消费 3,813  未匹配 2  loss 1.631  vf 0.048  命中(每 5 局量一次，本局跳过)  梯度步 72750  累计 5859s
[图60.3·BC] 局 298/1000  样本 452(缓冲 114088)  老师消费 3,813  未匹配 2  loss 1.548  vf 0.048  命中(每 5 局量一次，本局跳过)  梯度步 73000  累计 5877s
[图60.4·DAgger] 局 299/1000  样本 429(缓冲 114088)  学生消费 3,724  未匹配 19  loss 1.573  vf 0.052  命中(每 5 局量一次，本局跳过)  梯度步 73250  累计 5900s
[图60.5·DAgger] 局 300/1000  样本 413(缓冲 114088)  学生消费 3,491  未匹配 28  loss 1.555  vf 0.047  命中 训练41.5%/验证30.2%  真命中(扣end_turn) 训练37.1%/验证24.1%  梯度步 73500  累计 5928s
[图61.1·BC] 局 301/1000  样本 451(缓冲 114539)  老师消费 4,249  未匹配 0  loss 1.623  vf 0.049  命中(每 5 局量一次，本局跳过)  梯度步 73750  累计 5947s
[图61.2·BC] 局 302/1000  样本 451(缓冲 114990)  老师消费 4,249  未匹配 0  loss 1.547  vf 0.045  命中(每 5 局量一次，本局跳过)  梯度步 74000  累计 5964s
[图61.3·BC] 局 303/1000  样本 451(缓冲 115441)  老师消费 4,249  未匹配 0  loss 1.535  vf 0.044  命中(每 5 局量一次，本局跳过)  梯度步 74250  累计 5982s
[图61.4·DAgger] 局 304/1000  样本 454(缓冲 115895)  学生消费 3,574  未匹配 50  loss 1.536  vf 0.045  命中(每 5 局量一次，本局跳过)  梯度步 74500  累计 6007s
[图61.5·DAgger] 局 305/1000  样本 465(缓冲 116360)  学生消费 3,599  未匹配 15  loss 1.517  vf 0.047  命中 训练27.2%/验证28.6%  真命中(扣end_turn) 训练23.0%/验证21.4%  梯度步 74750  累计 6036s
[图62.1·BC] 局 306/1000  样本 510(缓冲 116870)  老师消费 4,958  未匹配 1  loss 1.556  vf 0.048  命中(每 5 局量一次，本局跳过)  梯度步 75000  累计 6054s
[图62.2·BC] 局 307/1000  样本 510(缓冲 117380)  老师消费 4,958  未匹配 1  loss 1.572  vf 0.052  命中(每 5 局量一次，本局跳过)  梯度步 75250  累计 6072s
[图62.3·BC] 局 308/1000  样本 510(缓冲 117890)  老师消费 4,958  未匹配 1  loss 1.526  vf 0.045  命中(每 5 局量一次，本局跳过)  梯度步 75500  累计 6097s
[图62.4·DAgger] 局 309/1000  样本 421(缓冲 118311)  学生消费 4,129  未匹配 4  loss 1.536  vf 0.050  命中(每 5 局量一次，本局跳过)  梯度步 75750  累计 6119s
[图62.5·DAgger] 局 310/1000  样本 489(缓冲 118800)  学生消费 3,475  未匹配 6  loss 1.535  vf 0.050  命中 训练26.2%/验证30.0%  真命中(扣end_turn) 训练19.6%/验证23.1%  梯度步 76000  累计 6147s
[图63.1·BC] 局 311/1000  样本 668(缓冲 119468)  老师消费 9,467  未匹配 5  loss 1.561  vf 0.070  命中(每 5 局量一次，本局跳过)  梯度步 76250  累计 6165s
[图63.2·BC] 局 312/1000  样本 668(缓冲 120136)  老师消费 9,467  未匹配 5  loss 1.567  vf 0.070  命中(每 5 局量一次，本局跳过)  梯度步 76500  累计 6185s
[图63.3·BC] 局 313/1000  样本 668(缓冲 120804)  老师消费 9,467  未匹配 5  loss 1.585  vf 0.079  命中(每 5 局量一次，本局跳过)  梯度步 76750  累计 6205s
[图63.4·DAgger] 局 314/1000  样本 566(缓冲 121370)  学生消费 6,393  未匹配 48  loss 1.567  vf 0.078  命中(每 5 局量一次，本局跳过)  梯度步 77000  累计 6233s
[图63.5·DAgger] 局 315/1000  样本 571(缓冲 121941)  学生消费 5,824  未匹配 32  loss 1.534  vf 0.084  命中 训练30.8%/验证28.0%  真命中(扣end_turn) 训练28.1%/验证21.3%  梯度步 77250  累计 6265s
[图64.1·BC] 局 316/1000  样本 474(缓冲 122415)  老师消费 4,768  未匹配 1  loss 1.575  vf 0.070  命中(每 5 局量一次，本局跳过)  梯度步 77500  累计 6283s
[图64.2·BC] 局 317/1000  样本 474(缓冲 122889)  老师消费 4,768  未匹配 1  loss 1.562  vf 0.072  命中(每 5 局量一次，本局跳过)  梯度步 77750  累计 6301s
[图64.3·BC] 局 318/1000  样本 474(缓冲 123363)  老师消费 4,768  未匹配 1  loss 1.565  vf 0.072  命中(每 5 局量一次，本局跳过)  梯度步 78000  累计 6319s
[图64.4·DAgger] 局 319/1000  样本 483(缓冲 123846)  学生消费 3,409  未匹配 17  loss 1.572  vf 0.066  命中(每 5 局量一次，本局跳过)  梯度步 78250  累计 6343s
[图64.5·DAgger] 局 320/1000  样本 495(缓冲 124341)  学生消费 3,773  未匹配 32  loss 1.541  vf 0.063  命中 训练33.7%/验证31.7%  真命中(扣end_turn) 训练32.1%/验证25.1%  梯度步 78500  累计 6373s
[图65.1·BC] 局 321/1000  样本 444(缓冲 124785)  老师消费 4,489  未匹配 1  loss 1.544  vf 0.062  命中(每 5 局量一次，本局跳过)  梯度步 78750  累计 6390s
[图65.2·BC] 局 322/1000  样本 444(缓冲 125229)  老师消费 4,489  未匹配 1  loss 1.528  vf 0.061  命中(每 5 局量一次，本局跳过)  梯度步 79000  累计 6408s
[图65.3·BC] 局 323/1000  样本 444(缓冲 125673)  老师消费 4,489  未匹配 1  loss 1.586  vf 0.057  命中(每 5 局量一次，本局跳过)  梯度步 79250  累计 6425s
[图65.4·DAgger] 局 324/1000  样本 430(缓冲 126103)  学生消费 3,945  未匹配 5  loss 1.590  vf 0.066  命中(每 5 局量一次，本局跳过)  梯度步 79500  累计 6448s
[图65.5·DAgger] 局 325/1000  样本 442(缓冲 126545)  学生消费 4,166  未匹配 11  loss 1.629  vf 0.066  命中 训练31.2%/验证30.0%  真命中(扣end_turn) 训练27.7%/验证23.2%  梯度步 79750  累计 6477s
[图66.1·BC] 局 326/1000  样本 500(缓冲 126545)  老师消费 4,703  未匹配 2  loss 1.568  vf 0.062  命中(每 5 局量一次，本局跳过)  梯度步 80000  累计 6495s
[图66.2·BC] 局 327/1000  样本 500(缓冲 126545)  老师消费 4,703  未匹配 2  loss 1.529  vf 0.056  命中(每 5 局量一次，本局跳过)  梯度步 80250  累计 6514s
[图66.3·BC] 局 328/1000  样本 500(缓冲 126545)  老师消费 4,703  未匹配 2  loss 1.508  vf 0.049  命中(每 5 局量一次，本局跳过)  梯度步 80500  累计 6533s
[图66.4·DAgger] 局 329/1000  样本 470(缓冲 126545)  学生消费 3,907  未匹配 5  loss 1.558  vf 0.054  命中(每 5 局量一次，本局跳过)  梯度步 80750  累计 6559s
[图66.5·DAgger] 局 330/1000  样本 458(缓冲 126545)  学生消费 4,161  未匹配 13  loss 1.478  vf 0.054  命中 训练34.5%/验证31.0%  真命中(扣end_turn) 训练32.9%/验证25.1%  梯度步 81000  累计 6588s
[图67.1·BC] 局 331/1000  样本 608(缓冲 127153)  老师消费 7,078  未匹配 1  loss 1.543  vf 0.053  命中(每 5 局量一次，本局跳过)  梯度步 81250  累计 6607s
[图67.2·BC] 局 332/1000  样本 608(缓冲 127761)  老师消费 7,078  未匹配 1  loss 1.493  vf 0.059  命中(每 5 局量一次，本局跳过)  梯度步 81500  累计 6626s
[图67.3·BC] 局 333/1000  样本 608(缓冲 128369)  老师消费 7,078  未匹配 1  loss 1.485  vf 0.054  命中(每 5 局量一次，本局跳过)  梯度步 81750  累计 6646s
[图67.4·DAgger] 局 334/1000  样本 521(缓冲 128890)  学生消费 4,265  未匹配 49  loss 1.529  vf 0.054  命中(每 5 局量一次，本局跳过)  梯度步 82000  累计 6671s
[图67.5·DAgger] 局 335/1000  样本 478(缓冲 129368)  学生消费 5,523  未匹配 18  loss 1.542  vf 0.054  命中 训练25.5%/验证29.6%  真命中(扣end_turn) 训练24.2%/验证24.4%  梯度步 82250  累计 6700s
[图68.1·BC] 局 336/1000  样本 469(缓冲 129837)  老师消费 3,584  未匹配 1  loss 1.545  vf 0.059  命中(每 5 局量一次，本局跳过)  梯度步 82500  累计 6717s
[图68.2·BC] 局 337/1000  样本 469(缓冲 130306)  老师消费 3,584  未匹配 1  loss 1.478  vf 0.053  命中(每 5 局量一次，本局跳过)  梯度步 82750  累计 6735s
[图68.3·BC] 局 338/1000  样本 469(缓冲 130775)  老师消费 3,584  未匹配 1  loss 1.551  vf 0.056  命中(每 5 局量一次，本局跳过)  梯度步 83000  累计 6753s
[图68.4·DAgger] 局 339/1000  样本 480(缓冲 131255)  学生消费 3,076  未匹配 4  loss 1.475  vf 0.054  命中(每 5 局量一次，本局跳过)  梯度步 83250  累计 6776s
[图68.5·DAgger] 局 340/1000  样本 485(缓冲 131740)  学生消费 3,265  未匹配 5  loss 1.501  vf 0.058  命中 训练22.8%/验证27.2%  真命中(扣end_turn) 训练21.6%/验证21.5%  梯度步 83500  累计 6806s
[图69.1·BC] 局 341/1000  样本 459(缓冲 132199)  老师消费 3,784  未匹配 1  loss 1.484  vf 0.057  命中(每 5 局量一次，本局跳过)  梯度步 83750  累计 6823s
[图69.2·BC] 局 342/1000  样本 459(缓冲 132658)  老师消费 3,784  未匹配 1  loss 1.490  vf 0.051  命中(每 5 局量一次，本局跳过)  梯度步 84000  累计 6841s
[图69.3·BC] 局 343/1000  样本 459(缓冲 133117)  老师消费 3,784  未匹配 1  loss 1.524  vf 0.057  命中(每 5 局量一次，本局跳过)  梯度步 84250  累计 6858s
[图69.4·DAgger] 局 344/1000  样本 449(缓冲 133566)  学生消费 3,075  未匹配 23  loss 1.551  vf 0.046  命中(每 5 局量一次，本局跳过)  梯度步 84500  累计 6882s
[图69.5·DAgger] 局 345/1000  样本 380(缓冲 133946)  学生消费 3,551  未匹配 7  loss 1.537  vf 0.051  命中 训练23.3%/验证28.3%  真命中(扣end_turn) 训练20.5%/验证22.0%  梯度步 84750  累计 6909s
[图70.1·BC] 局 346/1000  样本 504(缓冲 134450)  老师消费 3,353  未匹配 1  loss 1.506  vf 0.047  命中(每 5 局量一次，本局跳过)  梯度步 85000  累计 6927s
[图70.2·BC] 局 347/1000  样本 504(缓冲 134954)  老师消费 3,353  未匹配 1  loss 1.517  vf 0.054  命中(每 5 局量一次，本局跳过)  梯度步 85250  累计 6944s
[图70.3·BC] 局 348/1000  样本 504(缓冲 135458)  老师消费 3,353  未匹配 1  loss 1.529  vf 0.049  命中(每 5 局量一次，本局跳过)  梯度步 85500  累计 6962s
[图70.4·DAgger] 局 349/1000  样本 519(缓冲 135977)  学生消费 3,298  未匹配 18  loss 1.503  vf 0.050  命中(每 5 局量一次，本局跳过)  梯度步 85750  累计 6986s
[图70.5·DAgger] 局 350/1000  样本 480(缓冲 136457)  学生消费 3,390  未匹配 31  loss 1.530  vf 0.057  命中 训练30.3%/验证31.4%  真命中(扣end_turn) 训练26.2%/验证24.9%  梯度步 86000  累计 7016s
[图71.1·BC] 局 351/1000  样本 459(缓冲 136916)  老师消费 3,916  未匹配 2  loss 1.557  vf 0.052  命中(每 5 局量一次，本局跳过)  梯度步 86250  累计 7034s
[图71.2·BC] 局 352/1000  样本 459(缓冲 137375)  老师消费 3,916  未匹配 2  loss 1.530  vf 0.047  命中(每 5 局量一次，本局跳过)  梯度步 86500  累计 7052s
[图71.3·BC] 局 353/1000  样本 459(缓冲 137834)  老师消费 3,916  未匹配 2  loss 1.503  vf 0.045  命中(每 5 局量一次，本局跳过)  梯度步 86750  累计 7071s
[图71.4·DAgger] 局 354/1000  样本 413(缓冲 138247)  学生消费 3,175  未匹配 13  loss 1.461  vf 0.051  命中(每 5 局量一次，本局跳过)  梯度步 87000  累计 7095s
[图71.5·DAgger] 局 355/1000  样本 469(缓冲 138716)  学生消费 3,385  未匹配 45  loss 1.542  vf 0.051  命中 训练34.8%/验证31.2%  真命中(扣end_turn) 训练31.7%/验证25.0%  梯度步 87250  累计 7124s
[图72.1·BC] 局 356/1000  样本 445(缓冲 138716)  老师消费 3,793  未匹配 1  loss 1.499  vf 0.049  命中(每 5 局量一次，本局跳过)  梯度步 87500  累计 7144s
[图72.2·BC] 局 357/1000  样本 445(缓冲 138716)  老师消费 3,793  未匹配 1  loss 1.517  vf 0.049  命中(每 5 局量一次，本局跳过)  梯度步 87750  累计 7163s
[图72.3·BC] 局 358/1000  样本 445(缓冲 138716)  老师消费 3,793  未匹配 1  loss 1.509  vf 0.050  命中(每 5 局量一次，本局跳过)  梯度步 88000  累计 7181s
[图72.4·DAgger] 局 359/1000  样本 506(缓冲 138716)  学生消费 3,126  未匹配 28  loss 1.455  vf 0.051  命中(每 5 局量一次，本局跳过)  梯度步 88250  累计 7208s
[图72.5·DAgger] 局 360/1000  样本 455(缓冲 138716)  学生消费 3,410  未匹配 30  loss 1.464  vf 0.049  命中 训练38.3%/验证28.3%  真命中(扣end_turn) 训练35.1%/验证22.9%  梯度步 88500  累计 7238s
[图73.1·BC] 局 361/1000  样本 434(缓冲 139150)  老师消费 4,134  未匹配 0  loss 1.515  vf 0.050  命中(每 5 局量一次，本局跳过)  梯度步 88750  累计 7256s
[图73.2·BC] 局 362/1000  样本 434(缓冲 139584)  老师消费 4,134  未匹配 0  loss 1.451  vf 0.046  命中(每 5 局量一次，本局跳过)  梯度步 89000  累计 7274s
[图73.3·BC] 局 363/1000  样本 434(缓冲 140018)  老师消费 4,134  未匹配 0  loss 1.511  vf 0.047  命中(每 5 局量一次，本局跳过)  梯度步 89250  累计 7292s
[图73.4·DAgger] 局 364/1000  样本 487(缓冲 140505)  学生消费 3,622  未匹配 21  loss 1.507  vf 0.049  命中(每 5 局量一次，本局跳过)  梯度步 89500  累计 7317s
[图73.5·DAgger] 局 365/1000  样本 484(缓冲 140989)  学生消费 3,477  未匹配 23  loss 1.506  vf 0.047  命中 训练26.3%/验证30.6%  真命中(扣end_turn) 训练21.9%/验证25.4%  梯度步 89750  累计 7347s
⚠ 第 366 局老师没启动起来（领地 5，见过的中位 22）—— 判为退化局，**丢弃这一局的样本**（抖动过大的地图会这样）
⚠ 第 367 局老师没启动起来（领地 5，见过的中位 22）—— 判为退化局，**丢弃这一局的样本**（抖动过大的地图会这样）
⚠ 第 368 局老师没启动起来（领地 5，见过的中位 22）—— 判为退化局，**丢弃这一局的样本**（抖动过大的地图会这样）
[图74.4·DAgger] 局 369/1000  样本 508(缓冲 141497)  学生消费 3,577  未匹配 40  loss 1.487  vf 0.045  命中(每 5 局量一次，本局跳过)  梯度步 90000  累计 7390s
[图74.5·DAgger] 局 370/1000  样本 445(缓冲 141942)  学生消费 3,067  未匹配 37  loss 1.503  vf 0.047  命中 训练27.3%/验证28.6%  真命中(扣end_turn) 训练24.9%/验证22.9%  梯度步 90250  累计 7419s
[图75.1·BC] 局 371/1000  样本 495(缓冲 142437)  老师消费 4,343  未匹配 3  loss 1.479  vf 0.050  命中(每 5 局量一次，本局跳过)  梯度步 90500  累计 7438s
[图75.2·BC] 局 372/1000  样本 495(缓冲 142932)  老师消费 4,343  未匹配 3  loss 1.522  vf 0.046  命中(每 5 局量一次，本局跳过)  梯度步 90750  累计 7456s
[图75.3·BC] 局 373/1000  样本 495(缓冲 143427)  老师消费 4,343  未匹配 3  loss 1.490  vf 0.045  命中(每 5 局量一次，本局跳过)  梯度步 91000  累计 7474s
[图75.4·DAgger] 局 374/1000  样本 478(缓冲 143905)  学生消费 3,672  未匹配 15  loss 1.508  vf 0.047  命中(每 5 局量一次，本局跳过)  梯度步 91250  累计 7499s
[图75.5·DAgger] 局 375/1000  样本 493(缓冲 144398)  学生消费 3,141  未匹配 39  loss 1.507  vf 0.044  命中 训练22.8%/验证29.1%  真命中(扣end_turn) 训练18.5%/验证23.2%  梯度步 91500  累计 7530s
[图76.1·BC] 局 376/1000  样本 457(缓冲 144855)  老师消费 3,475  未匹配 2  loss 1.543  vf 0.048  命中(每 5 局量一次，本局跳过)  梯度步 91750  累计 7549s
[图76.2·BC] 局 377/1000  样本 457(缓冲 145312)  老师消费 3,475  未匹配 2  loss 1.521  vf 0.044  命中(每 5 局量一次，本局跳过)  梯度步 92000  累计 7567s
[图76.3·BC] 局 378/1000  样本 457(缓冲 145769)  老师消费 3,475  未匹配 2  loss 1.511  vf 0.048  命中(每 5 局量一次，本局跳过)  梯度步 92250  累计 7585s
[图76.4·DAgger] 局 379/1000  样本 560(缓冲 146329)  学生消费 3,109  未匹配 45  loss 1.544  vf 0.045  命中(每 5 局量一次，本局跳过)  梯度步 92500  累计 7611s
[图76.5·DAgger] 局 380/1000  样本 473(缓冲 146802)  学生消费 2,552  未匹配 47  loss 1.494  vf 0.045  命中 训练28.2%/验证28.9%  真命中(扣end_turn) 训练23.8%/验证23.3%  梯度步 92750  累计 7642s
[图77.1·BC] 局 381/1000  样本 370(缓冲 147172)  老师消费 3,368  未匹配 1  loss 1.466  vf 0.041  命中(每 5 局量一次，本局跳过)  梯度步 93000  累计 7658s
[图77.2·BC] 局 382/1000  样本 370(缓冲 147542)  老师消费 3,368  未匹配 1  loss 1.471  vf 0.044  命中(每 5 局量一次，本局跳过)  梯度步 93250  累计 7675s
[图77.3·BC] 局 383/1000  样本 370(缓冲 147912)  老师消费 3,368  未匹配 1  loss 1.454  vf 0.044  命中(每 5 局量一次，本局跳过)  梯度步 93500  累计 7692s
[图77.4·DAgger] 局 384/1000  样本 459(缓冲 148371)  学生消费 2,497  未匹配 35  loss 1.462  vf 0.038  命中(每 5 局量一次，本局跳过)  梯度步 93750  累计 7718s
[图77.5·DAgger] 局 385/1000  样本 405(缓冲 148776)  学生消费 2,580  未匹配 31  loss 1.482  vf 0.042  命中 训练23.8%/验证26.5%  真命中(扣end_turn) 训练21.5%/验证20.8%  梯度步 94000  累计 7746s
[图78.1·BC] 局 386/1000  样本 525(缓冲 148776)  老师消费 6,270  未匹配 4  loss 1.491  vf 0.045  命中(每 5 局量一次，本局跳过)  梯度步 94250  累计 7765s
[图78.2·BC] 局 387/1000  样本 525(缓冲 148776)  老师消费 6,270  未匹配 4  loss 1.496  vf 0.048  命中(每 5 局量一次，本局跳过)  梯度步 94500  累计 7784s
[图78.3·BC] 局 388/1000  样本 525(缓冲 148776)  老师消费 6,270  未匹配 4  loss 1.468  vf 0.043  命中(每 5 局量一次，本局跳过)  梯度步 94750  累计 7802s
[图78.4·DAgger] 局 389/1000  样本 521(缓冲 148776)  学生消费 3,508  未匹配 28  loss 1.503  vf 0.046  命中(每 5 局量一次，本局跳过)  梯度步 95000  累计 7828s
[图78.5·DAgger] 局 390/1000  样本 483(缓冲 148776)  学生消费 4,723  未匹配 8  loss 1.507  vf 0.046  命中 训练23.0%/验证27.0%  真命中(扣end_turn) 训练19.9%/验证20.0%  梯度步 95250  累计 7859s
[图79.1·BC] 局 391/1000  样本 485(缓冲 149261)  老师消费 3,425  未匹配 1  loss 1.505  vf 0.043  命中(每 5 局量一次，本局跳过)  梯度步 95500  累计 7877s
[图79.2·BC] 局 392/1000  样本 485(缓冲 149746)  老师消费 3,425  未匹配 1  loss 1.453  vf 0.047  命中(每 5 局量一次，本局跳过)  梯度步 95750  累计 7895s
[图79.3·BC] 局 393/1000  样本 485(缓冲 150231)  老师消费 3,425  未匹配 1  loss 1.463  vf 0.039  命中(每 5 局量一次，本局跳过)  梯度步 96000  累计 7913s
[图79.4·DAgger] 局 394/1000  样本 569(缓冲 150800)  学生消费 2,003  未匹配 9  loss 1.515  vf 0.043  命中(每 5 局量一次，本局跳过)  梯度步 96250  累计 7938s
[图79.5·DAgger] 局 395/1000  样本 529(缓冲 151329)  学生消费 2,501  未匹配 18  loss 1.489  vf 0.046  命中 训练24.5%/验证25.8%  真命中(扣end_turn) 训练24.3%/验证19.8%  梯度步 96500  累计 7967s
[图80.1·BC] 局 396/1000  样本 437(缓冲 151766)  老师消费 3,158  未匹配 0  loss 1.472  vf 0.047  命中(每 5 局量一次，本局跳过)  梯度步 96750  累计 7984s
[图80.2·BC] 局 397/1000  样本 437(缓冲 152203)  老师消费 3,158  未匹配 0  loss 1.468  vf 0.040  命中(每 5 局量一次，本局跳过)  梯度步 97000  累计 8001s
[图80.3·BC] 局 398/1000  样本 437(缓冲 152640)  老师消费 3,158  未匹配 0  loss 1.452  vf 0.044  命中(每 5 局量一次，本局跳过)  梯度步 97250  累计 8018s
[图80.4·DAgger] 局 399/1000  样本 478(缓冲 153118)  学生消费 3,221  未匹配 53  loss 1.462  vf 0.045  命中(每 5 局量一次，本局跳过)  梯度步 97500  累计 8042s
[图80.5·DAgger] 局 400/1000  样本 464(缓冲 153582)  学生消费 2,507  未匹配 47  loss 1.454  vf 0.043  命中 训练26.5%/验证28.2%  真命中(扣end_turn) 训练23.7%/验证22.2%  梯度步 97750  累计 8073s
[图81.1·BC] 局 401/1000  样本 509(缓冲 154091)  老师消费 5,332  未匹配 2  loss 1.454  vf 0.050  命中(每 5 局量一次，本局跳过)  梯度步 98000  累计 8091s
[图81.2·BC] 局 402/1000  样本 509(缓冲 154600)  老师消费 5,332  未匹配 2  loss 1.453  vf 0.051  命中(每 5 局量一次，本局跳过)  梯度步 98250  累计 8108s
[图81.3·BC] 局 403/1000  样本 509(缓冲 155109)  老师消费 5,332  未匹配 2  loss 1.491  vf 0.040  命中(每 5 局量一次，本局跳过)  梯度步 98500  累计 8125s
[图81.4·DAgger] 局 404/1000  样本 446(缓冲 155555)  学生消费 4,518  未匹配 17  loss 1.467  vf 0.046  命中(每 5 局量一次，本局跳过)  梯度步 98750  累计 8148s
[图81.5·DAgger] 局 405/1000  样本 489(缓冲 156044)  学生消费 4,796  未匹配 27  loss 1.446  vf 0.044  命中 训练31.0%/验证28.9%  真命中(扣end_turn) 训练29.4%/验证22.7%  梯度步 99000  累计 8177s
[图82.1·BC] 局 406/1000  样本 537(缓冲 156581)  老师消费 6,187  未匹配 1  loss 1.445  vf 0.039  命中(每 5 局量一次，本局跳过)  梯度步 99250  累计 8196s
[图82.2·BC] 局 407/1000  样本 537(缓冲 157118)  老师消费 6,187  未匹配 1  loss 1.477  vf 0.045  命中(每 5 局量一次，本局跳过)  梯度步 99500  累计 8214s
[图82.3·BC] 局 408/1000  样本 537(缓冲 157655)  老师消费 6,187  未匹配 1  loss 1.506  vf 0.044  命中(每 5 局量一次，本局跳过)  梯度步 99750  累计 8232s
[图82.4·DAgger] 局 409/1000  样本 475(缓冲 158130)  学生消费 5,271  未匹配 18  loss 1.483  vf 0.043  命中(每 5 局量一次，本局跳过)  梯度步 100000  累计 8256s
[图82.5·DAgger] 局 410/1000  样本 519(缓冲 158649)  学生消费 5,680  未匹配 31  loss 1.477  vf 0.043  命中 训练33.8%/验证27.8%  真命中(扣end_turn) 训练29.4%/验证21.1%  梯度步 100250  累计 8286s
[图83.1·BC] 局 411/1000  样本 499(缓冲 159148)  老师消费 5,352  未匹配 3  loss 1.441  vf 0.045  命中(每 5 局量一次，本局跳过)  梯度步 100500  累计 8304s
[图83.2·BC] 局 412/1000  样本 499(缓冲 159647)  老师消费 5,352  未匹配 3  loss 1.455  vf 0.045  命中(每 5 局量一次，本局跳过)  梯度步 100750  累计 8321s
[图83.3·BC] 局 413/1000  样本 499(缓冲 160146)  老师消费 5,352  未匹配 3  loss 1.469  vf 0.046  命中(每 5 局量一次，本局跳过)  梯度步 101000  累计 8338s
[图83.4·DAgger] 局 414/1000  样本 516(缓冲 160662)  学生消费 4,568  未匹配 32  loss 1.466  vf 0.045  命中(每 5 局量一次，本局跳过)  梯度步 101250  累计 8364s
[图83.5·DAgger] 局 415/1000  样本 502(缓冲 161164)  学生消费 4,580  未匹配 19  loss 1.459  vf 0.045  命中 训练24.7%/验证29.9%  真命中(扣end_turn) 训练19.7%/验证22.9%  梯度步 101500  累计 8394s
[图84.1·BC] 局 416/1000  样本 491(缓冲 161164)  老师消费 3,812  未匹配 3  loss 1.471  vf 0.046  命中(每 5 局量一次，本局跳过)  梯度步 101750  累计 8413s
[图84.2·BC] 局 417/1000  样本 491(缓冲 161164)  老师消费 3,812  未匹配 3  loss 1.487  vf 0.043  命中(每 5 局量一次，本局跳过)  梯度步 102000  累计 8435s
[图84.3·BC] 局 418/1000  样本 491(缓冲 161164)  老师消费 3,812  未匹配 3  loss 1.426  vf 0.042  命中(每 5 局量一次，本局跳过)  梯度步 102250  累计 8455s
[图84.4·DAgger] 局 419/1000  样本 509(缓冲 161164)  学生消费 3,525  未匹配 40  loss 1.465  vf 0.045  命中(每 5 局量一次，本局跳过)  梯度步 102500  累计 8484s
[图84.5·DAgger] 局 420/1000  样本 508(缓冲 161164)  学生消费 3,665  未匹配 55  loss 1.474  vf 0.043  命中 训练28.7%/验证28.0%  真命中(扣end_turn) 训练25.4%/验证21.2%  梯度步 102750  累计 8519s
[图85.1·BC] 局 421/1000  样本 468(缓冲 161632)  老师消费 5,537  未匹配 2  loss 1.439  vf 0.041  命中(每 5 局量一次，本局跳过)  梯度步 103000  累计 8539s
[图85.2·BC] 局 422/1000  样本 468(缓冲 162100)  老师消费 5,537  未匹配 2  loss 1.452  vf 0.047  命中(每 5 局量一次，本局跳过)  梯度步 103250  累计 8559s
[图85.3·BC] 局 423/1000  样本 468(缓冲 162568)  老师消费 5,537  未匹配 2  loss 1.444  vf 0.040  命中(每 5 局量一次，本局跳过)  梯度步 103500  累计 8579s
[图85.4·DAgger] 局 424/1000  样本 442(缓冲 163010)  学生消费 4,604  未匹配 22  loss 1.437  vf 0.042  命中(每 5 局量一次，本局跳过)  梯度步 103750  累计 8606s
[图85.5·DAgger] 局 425/1000  样本 409(缓冲 163419)  学生消费 4,080  未匹配 1  loss 1.472  vf 0.042  命中 训练38.3%/验证27.9%  真命中(扣end_turn) 训练33.2%/验证20.2%  梯度步 104000  累计 8638s
[图86.1·BC] 局 426/1000  样本 350(缓冲 163769)  老师消费 2,955  未匹配 2  loss 1.404  vf 0.042  命中(每 5 局量一次，本局跳过)  梯度步 104250  累计 8657s
[图86.2·BC] 局 427/1000  样本 350(缓冲 164119)  老师消费 2,955  未匹配 2  loss 1.429  vf 0.043  命中(每 5 局量一次，本局跳过)  梯度步 104500  累计 8676s
[图86.3·BC] 局 428/1000  样本 350(缓冲 164469)  老师消费 2,955  未匹配 2  loss 1.439  vf 0.044  命中(每 5 局量一次，本局跳过)  梯度步 104750  累计 8695s
[图86.4·DAgger] 局 429/1000  样本 401(缓冲 164870)  学生消费 3,867  未匹配 8  loss 1.437  vf 0.041  命中(每 5 局量一次，本局跳过)  梯度步 105000  累计 8720s
[图86.5·DAgger] 局 430/1000  样本 412(缓冲 165282)  学生消费 2,588  未匹配 8  loss 1.395  vf 0.040  命中 训练30.5%/验证28.9%  真命中(扣end_turn) 训练25.6%/验证21.2%  梯度步 105250  累计 8751s
[图87.1·BC] 局 431/1000  样本 549(缓冲 165831)  老师消费 5,650  未匹配 0  loss 1.451  vf 0.046  命中(每 5 局量一次，本局跳过)  梯度步 105500  累计 8771s
[图87.2·BC] 局 432/1000  样本 549(缓冲 166380)  老师消费 5,650  未匹配 0  loss 1.451  vf 0.042  命中(每 5 局量一次，本局跳过)  梯度步 105750  累计 8792s
[图87.3·BC] 局 433/1000  样本 549(缓冲 166929)  老师消费 5,650  未匹配 0  loss 1.414  vf 0.043  命中(每 5 局量一次，本局跳过)  梯度步 106000  累计 8812s
[图87.4·DAgger] 局 434/1000  样本 500(缓冲 167429)  学生消费 4,386  未匹配 6  loss 1.460  vf 0.043  命中(每 5 局量一次，本局跳过)  梯度步 106250  累计 8839s
[图87.5·DAgger] 局 435/1000  样本 506(缓冲 167935)  学生消费 3,536  未匹配 4  loss 1.400  vf 0.041  命中 训练28.7%/验证31.4%  真命中(扣end_turn) 训练25.2%/验证24.3%  梯度步 106500  累计 8872s
[图88.1·BC] 局 436/1000  样本 443(缓冲 168378)  老师消费 4,502  未匹配 2  loss 1.433  vf 0.043  命中(每 5 局量一次，本局跳过)  梯度步 106750  累计 8891s
[图88.2·BC] 局 437/1000  样本 443(缓冲 168821)  老师消费 4,502  未匹配 2  loss 1.409  vf 0.040  命中(每 5 局量一次，本局跳过)  梯度步 107000  累计 8910s
[图88.3·BC] 局 438/1000  样本 443(缓冲 169264)  老师消费 4,502  未匹配 2  loss 1.424  vf 0.040  命中(每 5 局量一次，本局跳过)  梯度步 107250  累计 8929s
[图88.4·DAgger] 局 439/1000  样本 487(缓冲 169751)  学生消费 4,149  未匹配 5  loss 1.402  vf 0.041  命中(每 5 局量一次，本局跳过)  梯度步 107500  累计 8957s
[图88.5·DAgger] 局 440/1000  样本 454(缓冲 170205)  学生消费 3,270  未匹配 7  loss 1.417  vf 0.043  命中 训练30.0%/验证29.8%  真命中(扣end_turn) 训练25.1%/验证22.9%  梯度步 107750  累计 8989s
[图89.1·BC] 局 441/1000  样本 432(缓冲 170637)  老师消费 3,445  未匹配 3  loss 1.442  vf 0.048  命中(每 5 局量一次，本局跳过)  梯度步 108000  累计 9021s
[图89.2·BC] 局 442/1000  样本 432(缓冲 171069)  老师消费 3,445  未匹配 3  loss 1.404  vf 0.039  命中(每 5 局量一次，本局跳过)  梯度步 108250  累计 9041s
[图89.3·BC] 局 443/1000  样本 432(缓冲 171501)  老师消费 3,445  未匹配 3  loss 1.417  vf 0.046  命中(每 5 局量一次，本局跳过)  梯度步 108500  累计 9061s
[图89.4·DAgger] 局 444/1000  样本 422(缓冲 171923)  学生消费 3,504  未匹配 12  loss 1.384  vf 0.045  命中(每 5 局量一次，本局跳过)  梯度步 108750  累计 9086s
[图89.5·DAgger] 局 445/1000  样本 372(缓冲 172295)  学生消费 3,044  未匹配 7  loss 1.413  vf 0.042  命中 训练32.7%/验证31.2%  真命中(扣end_turn) 训练28.3%/验证24.1%  梯度步 109000  累计 9116s
[图90.1·BC] 局 446/1000  样本 466(缓冲 172295)  老师消费 5,274  未匹配 2  loss 1.424  vf 0.046  命中(每 5 局量一次，本局跳过)  梯度步 109250  累计 9135s
[图90.2·BC] 局 447/1000  样本 466(缓冲 172295)  老师消费 5,274  未匹配 2  loss 1.394  vf 0.045  命中(每 5 局量一次，本局跳过)  梯度步 109500  累计 9155s
[图90.3·BC] 局 448/1000  样本 466(缓冲 172295)  老师消费 5,274  未匹配 2  loss 1.407  vf 0.040  命中(每 5 局量一次，本局跳过)  梯度步 109750  累计 9174s
[图90.4·DAgger] 局 449/1000  样本 438(缓冲 172295)  学生消费 4,813  未匹配 21  loss 1.380  vf 0.036  命中(每 5 局量一次，本局跳过)  梯度步 110000  累计 9198s
[图90.5·DAgger] 局 450/1000  样本 490(缓冲 172295)  学生消费 4,864  未匹配 14  loss 1.379  vf 0.040  命中 训练40.3%/验证30.0%  真命中(扣end_turn) 训练39.1%/验证23.8%  梯度步 110250  累计 9229s
[图91.1·BC] 局 451/1000  样本 485(缓冲 172780)  老师消费 4,750  未匹配 1  loss 1.375  vf 0.037  命中(每 5 局量一次，本局跳过)  梯度步 110500  累计 9246s
[图91.2·BC] 局 452/1000  样本 485(缓冲 173265)  老师消费 4,750  未匹配 1  loss 1.447  vf 0.041  命中(每 5 局量一次，本局跳过)  梯度步 110750  累计 9263s
[图91.3·BC] 局 453/1000  样本 485(缓冲 173750)  老师消费 4,750  未匹配 1  loss 1.354  vf 0.040  命中(每 5 局量一次，本局跳过)  梯度步 111000  累计 9281s
[图91.4·DAgger] 局 454/1000  样本 513(缓冲 174263)  学生消费 3,804  未匹配 21  loss 1.387  vf 0.039  命中(每 5 局量一次，本局跳过)  梯度步 111250  累计 9306s
[图91.5·DAgger] 局 455/1000  样本 529(缓冲 174792)  学生消费 3,934  未匹配 24  loss 1.383  vf 0.041  命中 训练29.7%/验证29.5%  真命中(扣end_turn) 训练24.1%/验证23.1%  梯度步 111500  累计 9337s
[图92.1·BC] 局 456/1000  样本 522(缓冲 175314)  老师消费 3,262  未匹配 1  loss 1.417  vf 0.043  命中(每 5 局量一次，本局跳过)  梯度步 111750  累计 9354s
[图92.2·BC] 局 457/1000  样本 522(缓冲 175836)  老师消费 3,262  未匹配 1  loss 1.441  vf 0.042  命中(每 5 局量一次，本局跳过)  梯度步 112000  累计 9372s
[图92.3·BC] 局 458/1000  样本 522(缓冲 176358)  老师消费 3,262  未匹配 1  loss 1.364  vf 0.040  命中(每 5 局量一次，本局跳过)  梯度步 112250  累计 9391s
[图92.4·DAgger] 局 459/1000  样本 492(缓冲 176850)  学生消费 3,555  未匹配 29  loss 1.420  vf 0.040  命中(每 5 局量一次，本局跳过)  梯度步 112500  累计 9416s
[图92.5·DAgger] 局 460/1000  样本 463(缓冲 177313)  学生消费 3,228  未匹配 11  loss 1.393  vf 0.041  命中 训练30.0%/验证30.0%  真命中(扣end_turn) 训练25.1%/验证23.4%  梯度步 112750  累计 9447s
[图93.1·BC] 局 461/1000  样本 478(缓冲 177791)  老师消费 4,756  未匹配 4  loss 1.415  vf 0.039  命中(每 5 局量一次，本局跳过)  梯度步 113000  累计 9465s
[图93.2·BC] 局 462/1000  样本 478(缓冲 178269)  老师消费 4,756  未匹配 4  loss 1.426  vf 0.039  命中(每 5 局量一次，本局跳过)  梯度步 113250  累计 9483s
[图93.3·BC] 局 463/1000  样本 478(缓冲 178747)  老师消费 4,756  未匹配 4  loss 1.405  vf 0.047  命中(每 5 局量一次，本局跳过)  梯度步 113500  累计 9501s
[图93.4·DAgger] 局 464/1000  样本 488(缓冲 179235)  学生消费 4,120  未匹配 10  loss 1.399  vf 0.042  命中(每 5 局量一次，本局跳过)  梯度步 113750  累计 9525s
[图93.5·DAgger] 局 465/1000  样本 441(缓冲 179676)  学生消费 4,352  未匹配 15  loss 1.401  vf 0.039  命中 训练32.8%/验证29.0%  真命中(扣end_turn) 训练29.1%/验证21.4%  梯度步 114000  累计 9553s
[图94.1·BC] 局 466/1000  样本 424(缓冲 180100)  老师消费 3,139  未匹配 1  loss 1.434  vf 0.040  命中(每 5 局量一次，本局跳过)  梯度步 114250  累计 9571s
[图94.2·BC] 局 467/1000  样本 424(缓冲 180524)  老师消费 3,139  未匹配 1  loss 1.392  vf 0.041  命中(每 5 局量一次，本局跳过)  梯度步 114500  累计 9589s
[图94.3·BC] 局 468/1000  样本 424(缓冲 180948)  老师消费 3,139  未匹配 1  loss 1.409  vf 0.042  命中(每 5 局量一次，本局跳过)  梯度步 114750  累计 9607s
[图94.4·DAgger] 局 469/1000  样本 343(缓冲 181291)  学生消费 2,294  未匹配 3  loss 1.396  vf 0.046  命中(每 5 局量一次，本局跳过)  梯度步 115000  累计 9631s
[图94.5·DAgger] 局 470/1000  样本 436(缓冲 181727)  学生消费 2,490  未匹配 31  loss 1.388  vf 0.042  命中 训练28.7%/验证28.5%  真命中(扣end_turn) 训练21.8%/验证21.7%  梯度步 115250  累计 9660s
[图95.1·BC] 局 471/1000  样本 456(缓冲 182183)  老师消费 3,526  未匹配 0  loss 1.379  vf 0.041  命中(每 5 局量一次，本局跳过)  梯度步 115500  累计 9678s
[图95.2·BC] 局 472/1000  样本 456(缓冲 182639)  老师消费 3,526  未匹配 0  loss 1.354  vf 0.042  命中(每 5 局量一次，本局跳过)  梯度步 115750  累计 9696s
[图95.3·BC] 局 473/1000  样本 456(缓冲 183095)  老师消费 3,526  未匹配 0  loss 1.402  vf 0.043  命中(每 5 局量一次，本局跳过)  梯度步 116000  累计 9715s
[图95.4·DAgger] 局 474/1000  样本 367(缓冲 183462)  学生消费 2,652  未匹配 15  loss 1.377  vf 0.041  命中(每 5 局量一次，本局跳过)  梯度步 116250  累计 9736s
[图95.5·DAgger] 局 475/1000  样本 442(缓冲 183904)  学生消费 2,759  未匹配 24  loss 1.373  vf 0.037  命中 训练29.3%/验证29.7%  真命中(扣end_turn) 训练28.1%/验证23.1%  梯度步 116500  累计 9765s
[图96.1·BC] 局 476/1000  样本 507(缓冲 183904)  老师消费 3,441  未匹配 1  loss 1.391  vf 0.038  命中(每 5 局量一次，本局跳过)  梯度步 116750  累计 9784s
[图96.2·BC] 局 477/1000  样本 507(缓冲 183904)  老师消费 3,441  未匹配 1  loss 1.349  vf 0.036  命中(每 5 局量一次，本局跳过)  梯度步 117000  累计 9803s
[图96.3·BC] 局 478/1000  样本 507(缓冲 183904)  老师消费 3,441  未匹配 1  loss 1.366  vf 0.040  命中(每 5 局量一次，本局跳过)  梯度步 117250  累计 9822s
[图96.4·DAgger] 局 479/1000  样本 449(缓冲 183904)  学生消费 3,490  未匹配 13  loss 1.380  vf 0.043  命中(每 5 局量一次，本局跳过)  梯度步 117500  累计 9847s
[图96.5·DAgger] 局 480/1000  样本 425(缓冲 183904)  学生消费 2,951  未匹配 7  loss 1.349  vf 0.039  命中 训练36.7%/验证36.1%  真命中(扣end_turn) 训练35.2%/验证29.2%  梯度步 117750  累计 9875s
[图97.1·BC] 局 481/1000  样本 449(缓冲 184353)  老师消费 4,290  未匹配 0  loss 1.331  vf 0.037  命中(每 5 局量一次，本局跳过)  梯度步 118000  累计 9893s
[图97.2·BC] 局 482/1000  样本 449(缓冲 184802)  老师消费 4,290  未匹配 0  loss 1.368  vf 0.039  命中(每 5 局量一次，本局跳过)  梯度步 118250  累计 9911s
[图97.3·BC] 局 483/1000  样本 449(缓冲 185251)  老师消费 4,290  未匹配 0  loss 1.395  vf 0.037  命中(每 5 局量一次，本局跳过)  梯度步 118500  累计 9928s
[图97.4·DAgger] 局 484/1000  样本 517(缓冲 185768)  学生消费 3,734  未匹配 18  loss 1.365  vf 0.038  命中(每 5 局量一次，本局跳过)  梯度步 118750  累计 9954s
[图97.5·DAgger] 局 485/1000  样本 470(缓冲 186238)  学生消费 3,729  未匹配 20  loss 1.342  vf 0.039  命中 训练23.7%/验证30.3%  真命中(扣end_turn) 训练19.4%/验证22.3%  梯度步 119000  累计 9984s
[图98.1·BC] 局 486/1000  样本 456(缓冲 186694)  老师消费 4,893  未匹配 3  loss 1.358  vf 0.040  命中(每 5 局量一次，本局跳过)  梯度步 119250  累计 10001s
[图98.2·BC] 局 487/1000  样本 456(缓冲 187150)  老师消费 4,893  未匹配 3  loss 1.388  vf 0.038  命中(每 5 局量一次，本局跳过)  梯度步 119500  累计 10018s
[图98.3·BC] 局 488/1000  样本 456(缓冲 187606)  老师消费 4,893  未匹配 3  loss 1.359  vf 0.037  命中(每 5 局量一次，本局跳过)  梯度步 119750  累计 10036s
[图98.4·DAgger] 局 489/1000  样本 486(缓冲 188092)  学生消费 2,888  未匹配 24  loss 1.346  vf 0.040  命中(每 5 局量一次，本局跳过)  梯度步 120000  累计 10059s
[图98.5·DAgger] 局 490/1000  样本 456(缓冲 188548)  学生消费 3,850  未匹配 7  loss 1.344  vf 0.039  命中 训练34.3%/验证36.0%  真命中(扣end_turn) 训练32.1%/验证28.4%  梯度步 120250  累计 10087s
[图99.1·BC] 局 491/1000  样本 493(缓冲 189041)  老师消费 5,234  未匹配 3  loss 1.336  vf 0.041  命中(每 5 局量一次，本局跳过)  梯度步 120500  累计 10104s
[图99.2·BC] 局 492/1000  样本 493(缓冲 189534)  老师消费 5,234  未匹配 3  loss 1.365  vf 0.039  命中(每 5 局量一次，本局跳过)  梯度步 120750  累计 10121s
[图99.3·BC] 局 493/1000  样本 493(缓冲 190027)  老师消费 5,234  未匹配 3  loss 1.370  vf 0.040  命中(每 5 局量一次，本局跳过)  梯度步 121000  累计 10138s
[图99.4·DAgger] 局 494/1000  样本 487(缓冲 190514)  学生消费 4,152  未匹配 34  loss 1.358  vf 0.036  命中(每 5 局量一次，本局跳过)  梯度步 121250  累计 10162s
[图99.5·DAgger] 局 495/1000  样本 588(缓冲 191102)  学生消费 2,865  未匹配 32  loss 1.331  vf 0.039  命中 训练29.5%/验证34.8%  真命中(扣end_turn) 训练27.8%/验证28.2%  梯度步 121500  累计 10193s
[图100.1·BC] 局 496/1000  样本 486(缓冲 191588)  老师消费 4,507  未匹配 1  loss 1.357  vf 0.037  命中(每 5 局量一次，本局跳过)  梯度步 121750  累计 10209s
[图100.2·BC] 局 497/1000  样本 486(缓冲 192074)  老师消费 4,507  未匹配 1  loss 1.374  vf 0.041  命中(每 5 局量一次，本局跳过)  梯度步 122000  累计 10226s
[图100.3·BC] 局 498/1000  样本 486(缓冲 192560)  老师消费 4,507  未匹配 1  loss 1.320  vf 0.038  命中(每 5 局量一次，本局跳过)  梯度步 122250  累计 10244s
[图100.4·DAgger] 局 499/1000  样本 433(缓冲 192993)  学生消费 3,394  未匹配 15  loss 1.388  vf 0.037  命中(每 5 局量一次，本局跳过)  梯度步 122500  累计 10266s
[图100.5·DAgger] 局 500/1000  样本 422(缓冲 193415)  学生消费 3,430  未匹配 1  loss 1.351  vf 0.037  命中 训练35.8%/验证34.5%  真命中(扣end_turn) 训练28.8%/验证26.7%  梯度步 122750  累计 10294s
[图101.1·BC] 局 501/1000  样本 441(缓冲 193856)  老师消费 3,290  未匹配 1  loss 1.343  vf 0.038  命中(每 5 局量一次，本局跳过)  梯度步 123000  累计 10311s
[图101.2·BC] 局 502/1000  样本 441(缓冲 194297)  老师消费 3,290  未匹配 1  loss 1.398  vf 0.035  命中(每 5 局量一次，本局跳过)  梯度步 123250  累计 10328s
[图101.3·BC] 局 503/1000  样本 441(缓冲 194738)  老师消费 3,290  未匹配 1  loss 1.326  vf 0.037  命中(每 5 局量一次，本局跳过)  梯度步 123500  累计 10345s
[图101.4·DAgger] 局 504/1000  样本 487(缓冲 195225)  学生消费 3,362  未匹配 54  loss 1.337  vf 0.038  命中(每 5 局量一次，本局跳过)  梯度步 123750  累计 10369s
[图101.5·DAgger] 局 505/1000  样本 436(缓冲 195661)  学生消费 3,229  未匹配 31  loss 1.363  vf 0.036  命中 训练30.8%/验证34.6%  真命中(扣end_turn) 训练30.3%/验证27.3%  梯度步 124000  累计 10398s
[图102.1·BC] 局 506/1000  样本 505(缓冲 195661)  老师消费 4,604  未匹配 2  loss 1.378  vf 0.038  命中(每 5 局量一次，本局跳过)  梯度步 124250  累计 10415s
[图102.2·BC] 局 507/1000  样本 505(缓冲 195661)  老师消费 4,604  未匹配 2  loss 1.350  vf 0.038  命中(每 5 局量一次，本局跳过)  梯度步 124500  累计 10431s
[图102.3·BC] 局 508/1000  样本 505(缓冲 195661)  老师消费 4,604  未匹配 2  loss 1.340  vf 0.039  命中(每 5 局量一次，本局跳过)  梯度步 124750  累计 10449s
[图102.4·DAgger] 局 509/1000  样本 483(缓冲 195661)  学生消费 3,715  未匹配 11  loss 1.387  vf 0.042  命中(每 5 局量一次，本局跳过)  梯度步 125000  累计 10471s
[图102.5·DAgger] 局 510/1000  样本 474(缓冲 195661)  学生消费 4,073  未匹配 17  loss 1.386  vf 0.037  命中 训练25.5%/验证38.2%  真命中(扣end_turn) 训练25.4%/验证32.9%  梯度步 125250  累计 10499s
[图103.1·BC] 局 511/1000  样本 477(缓冲 196138)  老师消费 4,218  未匹配 3  loss 1.324  vf 0.034  命中(每 5 局量一次，本局跳过)  梯度步 125500  累计 10515s
[图103.2·BC] 局 512/1000  样本 477(缓冲 196615)  老师消费 4,218  未匹配 3  loss 1.344  vf 0.034  命中(每 5 局量一次，本局跳过)  梯度步 125750  累计 10532s
[图103.3·BC] 局 513/1000  样本 477(缓冲 197092)  老师消费 4,218  未匹配 3  loss 1.315  vf 0.040  命中(每 5 局量一次，本局跳过)  梯度步 126000  累计 10548s
[图103.4·DAgger] 局 514/1000  样本 461(缓冲 197553)  学生消费 2,955  未匹配 5  loss 1.290  vf 0.034  命中(每 5 局量一次，本局跳过)  梯度步 126250  累计 10570s
[图103.5·DAgger] 局 515/1000  样本 438(缓冲 197991)  学生消费 3,625  未匹配 16  loss 1.292  vf 0.035  命中 训练25.5%/验证39.1%  真命中(扣end_turn) 训练23.0%/验证32.6%  梯度步 126500  累计 10596s
[图104.1·BC] 局 516/1000  样本 474(缓冲 198465)  老师消费 3,478  未匹配 1  loss 1.342  vf 0.039  命中(每 5 局量一次，本局跳过)  梯度步 126750  累计 10612s
[图104.2·BC] 局 517/1000  样本 474(缓冲 198939)  老师消费 3,478  未匹配 1  loss 1.349  vf 0.037  命中(每 5 局量一次，本局跳过)  梯度步 127000  累计 10629s
[图104.3·BC] 局 518/1000  样本 474(缓冲 199413)  老师消费 3,478  未匹配 1  loss 1.334  vf 0.034  命中(每 5 局量一次，本局跳过)  梯度步 127250  累计 10646s
[图104.4·DAgger] 局 519/1000  样本 459(缓冲 199872)  学生消费 3,846  未匹配 14  loss 1.310  vf 0.040  命中(每 5 局量一次，本局跳过)  梯度步 127500  累计 10668s
[图104.5·DAgger] 局 520/1000  样本 470(缓冲 200342)  学生消费 4,306  未匹配 14  loss 1.348  vf 0.037  命中 训练29.7%/验证39.2%  真命中(扣end_turn) 训练25.0%/验证33.2%  梯度步 127750  累计 10696s
[图105.1·BC] 局 521/1000  样本 506(缓冲 200848)  老师消费 4,756  未匹配 1  loss 1.354  vf 0.038  命中(每 5 局量一次，本局跳过)  梯度步 128000  累计 10712s
[图105.2·BC] 局 522/1000  样本 506(缓冲 201354)  老师消费 4,756  未匹配 1  loss 1.359  vf 0.038  命中(每 5 局量一次，本局跳过)  梯度步 128250  累计 10729s
[图105.3·BC] 局 523/1000  样本 506(缓冲 201860)  老师消费 4,756  未匹配 1  loss 1.333  vf 0.038  命中(每 5 局量一次，本局跳过)  梯度步 128500  累计 10745s
[图105.4·DAgger] 局 524/1000  样本 503(缓冲 202363)  学生消费 3,970  未匹配 29  loss 1.337  vf 0.041  命中(每 5 局量一次，本局跳过)  梯度步 128750  累计 10768s
[图105.5·DAgger] 局 525/1000  样本 500(缓冲 202863)  学生消费 4,619  未匹配 26  loss 1.366  vf 0.036  命中 训练26.0%/验证38.3%  真命中(扣end_turn) 训练24.1%/验证31.9%  梯度步 129000  累计 10797s
[图106.1·BC] 局 526/1000  样本 493(缓冲 203356)  老师消费 4,442  未匹配 1  loss 1.334  vf 0.038  命中(每 5 局量一次，本局跳过)  梯度步 129250  累计 10813s
[图106.2·BC] 局 527/1000  样本 493(缓冲 203849)  老师消费 4,442  未匹配 1  loss 1.332  vf 0.040  命中(每 5 局量一次，本局跳过)  梯度步 129500  累计 10829s
[图106.3·BC] 局 528/1000  样本 493(缓冲 204342)  老师消费 4,442  未匹配 1  loss 1.316  vf 0.034  命中(每 5 局量一次，本局跳过)  梯度步 129750  累计 10846s
[图106.4·DAgger] 局 529/1000  样本 446(缓冲 204788)  学生消费 3,727  未匹配 8  loss 1.357  vf 0.035  命中(每 5 局量一次，本局跳过)  梯度步 130000  累计 10867s
[图106.5·DAgger] 局 530/1000  样本 483(缓冲 205271)  学生消费 3,430  未匹配 38  loss 1.357  vf 0.037  命中 训练25.7%/验证38.9%  真命中(扣end_turn) 训练24.4%/验证32.0%  梯度步 130250  累计 10893s
[图107.1·BC] 局 531/1000  样本 443(缓冲 205714)  老师消费 3,515  未匹配 2  loss 1.328  vf 0.036  命中(每 5 局量一次，本局跳过)  梯度步 130500  累计 10909s
[图107.2·BC] 局 532/1000  样本 443(缓冲 206157)  老师消费 3,515  未匹配 2  loss 1.270  vf 0.037  命中(每 5 局量一次，本局跳过)  梯度步 130750  累计 10924s
[图107.3·BC] 局 533/1000  样本 443(缓冲 206600)  老师消费 3,515  未匹配 2  loss 1.305  vf 0.036  命中(每 5 局量一次，本局跳过)  梯度步 131000  累计 10954s
[图107.4·DAgger] 局 534/1000  样本 443(缓冲 207043)  学生消费 4,304  未匹配 23  loss 1.323  vf 0.040  命中(每 5 局量一次，本局跳过)  梯度步 131250  累计 10976s
[图107.5·DAgger] 局 535/1000  样本 468(缓冲 207511)  学生消费 3,065  未匹配 40  loss 1.307  vf 0.036  命中 训练18.2%/验证40.6%  真命中(扣end_turn) 训练16.1%/验证34.4%  梯度步 131500  累计 11003s
[图108.1·BC] 局 536/1000  样本 561(缓冲 207511)  老师消费 5,089  未匹配 1  loss 1.319  vf 0.036  命中(每 5 局量一次，本局跳过)  梯度步 131750  累计 11020s
[图108.2·BC] 局 537/1000  样本 561(缓冲 207511)  老师消费 5,089  未匹配 1  loss 1.269  vf 0.038  命中(每 5 局量一次，本局跳过)  梯度步 132000  累计 11038s
[图108.3·BC] 局 538/1000  样本 561(缓冲 207511)  老师消费 5,089  未匹配 1  loss 1.300  vf 0.038  命中(每 5 局量一次，本局跳过)  梯度步 132250  累计 11055s
[图108.4·DAgger] 局 539/1000  样本 455(缓冲 207511)  学生消费 3,331  未匹配 16  loss 1.324  vf 0.035  命中(每 5 局量一次，本局跳过)  梯度步 132500  累计 11079s
[图108.5·DAgger] 局 540/1000  样本 489(缓冲 207511)  学生消费 4,953  未匹配 16  loss 1.303  vf 0.035  命中 训练27.0%/验证31.7%  真命中(扣end_turn) 训练25.0%/验证24.8%  梯度步 132750  累计 11107s
[图109.1·BC] 局 541/1000  样本 493(缓冲 208004)  老师消费 4,743  未匹配 0  loss 1.343  vf 0.034  命中(每 5 局量一次，本局跳过)  梯度步 133000  累计 11123s
[图109.2·BC] 局 542/1000  样本 493(缓冲 208497)  老师消费 4,743  未匹配 0  loss 1.345  vf 0.043  命中(每 5 局量一次，本局跳过)  梯度步 133250  累计 11138s
[图109.3·BC] 局 543/1000  样本 493(缓冲 208990)  老师消费 4,743  未匹配 0  loss 1.343  vf 0.038  命中(每 5 局量一次，本局跳过)  梯度步 133500  累计 11154s
[图109.4·DAgger] 局 544/1000  样本 476(缓冲 209466)  学生消费 3,928  未匹配 14  loss 1.307  vf 0.033  命中(每 5 局量一次，本局跳过)  梯度步 133750  累计 11176s
[图109.5·DAgger] 局 545/1000  样本 519(缓冲 209985)  学生消费 3,008  未匹配 40  loss 1.344  vf 0.041  命中 训练29.8%/验证29.9%  真命中(扣end_turn) 训练28.2%/验证24.2%  梯度步 134000  累计 11202s
[图110.1·BC] 局 546/1000  样本 492(缓冲 210477)  老师消费 3,486  未匹配 0  loss 1.310  vf 0.041  命中(每 5 局量一次，本局跳过)  梯度步 134250  累计 11217s
[图110.2·BC] 局 547/1000  样本 492(缓冲 210969)  老师消费 3,486  未匹配 0  loss 1.318  vf 0.038  命中(每 5 局量一次，本局跳过)  梯度步 134500  累计 11233s
[图110.3·BC] 局 548/1000  样本 492(缓冲 211461)  老师消费 3,486  未匹配 0  loss 1.264  vf 0.037  命中(每 5 局量一次，本局跳过)  梯度步 134750  累计 11248s
[图110.4·DAgger] 局 549/1000  样本 557(缓冲 212018)  学生消费 3,329  未匹配 33  loss 1.297  vf 0.038  命中(每 5 局量一次，本局跳过)  梯度步 135000  累计 11271s
[图110.5·DAgger] 局 550/1000  样本 494(缓冲 212512)  学生消费 3,209  未匹配 25  loss 1.357  vf 0.035  命中 训练28.7%/验证31.4%  真命中(扣end_turn) 训练22.6%/验证24.6%  梯度步 135250  累计 11296s
[图111.1·BC] 局 551/1000  样本 446(缓冲 212958)  老师消费 3,338  未匹配 1  loss 1.300  vf 0.041  命中(每 5 局量一次，本局跳过)  梯度步 135500  累计 11311s
[图111.2·BC] 局 552/1000  样本 446(缓冲 213404)  老师消费 3,338  未匹配 1  loss 1.284  vf 0.039  命中(每 5 局量一次，本局跳过)  梯度步 135750  累计 11327s
[图111.3·BC] 局 553/1000  样本 446(缓冲 213850)  老师消费 3,338  未匹配 1  loss 1.348  vf 0.039  命中(每 5 局量一次，本局跳过)  梯度步 136000  累计 11342s
[图111.4·DAgger] 局 554/1000  样本 436(缓冲 214286)  学生消费 4,001  未匹配 23  loss 1.296  vf 0.036  命中(每 5 局量一次，本局跳过)  梯度步 136250  累计 11362s
[图111.5·DAgger] 局 555/1000  样本 475(缓冲 214761)  学生消费 4,607  未匹配 32  loss 1.298  vf 0.035  命中 训练27.2%/验证30.2%  真命中(扣end_turn) 训练22.9%/验证23.7%  梯度步 136500  累计 11388s
[图112.1·BC] 局 556/1000  样本 514(缓冲 215275)  老师消费 6,599  未匹配 5  loss 1.352  vf 0.035  命中(每 5 局量一次，本局跳过)  梯度步 136750  累计 11404s
[图112.2·BC] 局 557/1000  样本 514(缓冲 215789)  老师消费 6,599  未匹配 5  loss 1.290  vf 0.035  命中(每 5 局量一次，本局跳过)  梯度步 137000  累计 11419s
[图112.3·BC] 局 558/1000  样本 514(缓冲 216303)  老师消费 6,599  未匹配 5  loss 1.313  vf 0.036  命中(每 5 局量一次，本局跳过)  梯度步 137250  累计 11434s
[图112.4·DAgger] 局 559/1000  样本 504(缓冲 216807)  学生消费 5,447  未匹配 7  loss 1.356  vf 0.039  命中(每 5 局量一次，本局跳过)  梯度步 137500  累计 11455s
[图112.5·DAgger] 局 560/1000  样本 494(缓冲 217301)  学生消费 6,295  未匹配 25  loss 1.318  vf 0.038  命中 训练32.2%/验证32.5%  真命中(扣end_turn) 训练30.8%/验证27.0%  梯度步 137750  累计 11481s
[图113.1·BC] 局 561/1000  样本 525(缓冲 217826)  老师消费 5,964  未匹配 0  loss 1.307  vf 0.037  命中(每 5 局量一次，本局跳过)  梯度步 138000  累计 11496s
[图113.2·BC] 局 562/1000  样本 525(缓冲 218351)  老师消费 5,964  未匹配 0  loss 1.261  vf 0.040  命中(每 5 局量一次，本局跳过)  梯度步 138250  累计 11511s
[图113.3·BC] 局 563/1000  样本 525(缓冲 218876)  老师消费 5,964  未匹配 0  loss 1.284  vf 0.036  命中(每 5 局量一次，本局跳过)  梯度步 138500  累计 11526s
[图113.4·DAgger] 局 564/1000  样本 457(缓冲 219333)  学生消费 5,047  未匹配 11  loss 1.286  vf 0.035  命中(每 5 局量一次，本局跳过)  梯度步 138750  累计 11547s
[图113.5·DAgger] 局 565/1000  样本 446(缓冲 219779)  学生消费 4,233  未匹配 14  loss 1.356  vf 0.039  命中 训练36.8%/验证32.6%  真命中(扣end_turn) 训练32.0%/验证25.7%  梯度步 139000  累计 11571s
[图114.1·BC] 局 566/1000  样本 332(缓冲 219779)  老师消费 2,652  未匹配 0  loss 1.286  vf 0.042  命中(每 5 局量一次，本局跳过)  梯度步 139250  累计 11586s
[图114.2·BC] 局 567/1000  样本 332(缓冲 219779)  老师消费 2,652  未匹配 0  loss 1.327  vf 0.040  命中(每 5 局量一次，本局跳过)  梯度步 139500  累计 11600s
[图114.3·BC] 局 568/1000  样本 332(缓冲 219779)  老师消费 2,652  未匹配 0  loss 1.295  vf 0.036  命中(每 5 局量一次，本局跳过)  梯度步 139750  累计 11614s
[图114.4·DAgger] 局 569/1000  样本 497(缓冲 219779)  学生消费 3,475  未匹配 57  loss 1.309  vf 0.042  命中(每 5 局量一次，本局跳过)  梯度步 140000  累计 11636s
[图114.5·DAgger] 局 570/1000  样本 487(缓冲 219779)  学生消费 3,777  未匹配 31  loss 1.299  vf 0.035  命中 训练36.8%/验证35.6%  真命中(扣end_turn) 训练33.9%/验证29.6%  梯度步 140250  累计 11662s
[图115.1·BC] 局 571/1000  样本 349(缓冲 220128)  老师消费 3,593  未匹配 0  loss 1.317  vf 0.035  命中(每 5 局量一次，本局跳过)  梯度步 140500  累计 11676s
[图115.2·BC] 局 572/1000  样本 349(缓冲 220477)  老师消费 3,593  未匹配 0  loss 1.295  vf 0.037  命中(每 5 局量一次，本局跳过)  梯度步 140750  累计 11690s
[图115.3·BC] 局 573/1000  样本 349(缓冲 220826)  老师消费 3,593  未匹配 0  loss 1.308  vf 0.036  命中(每 5 局量一次，本局跳过)  梯度步 141000  累计 11704s
[图115.4·DAgger] 局 574/1000  样本 427(缓冲 221253)  学生消费 4,515  未匹配 21  loss 1.292  vf 0.035  命中(每 5 局量一次，本局跳过)  梯度步 141250  累计 11724s
[图115.5·DAgger] 局 575/1000  样本 406(缓冲 221659)  学生消费 4,278  未匹配 23  loss 1.352  vf 0.037  命中 训练23.3%/验证31.4%  真命中(扣end_turn) 训练21.0%/验证25.8%  梯度步 141500  累计 11749s
[图116.1·BC] 局 576/1000  样本 379(缓冲 222038)  老师消费 4,479  未匹配 2  loss 1.316  vf 0.038  命中(每 5 局量一次，本局跳过)  梯度步 141750  累计 11763s
[图116.2·BC] 局 577/1000  样本 379(缓冲 222417)  老师消费 4,479  未匹配 2  loss 1.272  vf 0.038  命中(每 5 局量一次，本局跳过)  梯度步 142000  累计 11777s
[图116.3·BC] 局 578/1000  样本 379(缓冲 222796)  老师消费 4,479  未匹配 2  loss 1.277  vf 0.038  命中(每 5 局量一次，本局跳过)  梯度步 142250  累计 11791s
[图116.4·DAgger] 局 579/1000  样本 419(缓冲 223215)  学生消费 5,000  未匹配 15  loss 1.294  vf 0.035  命中(每 5 局量一次，本局跳过)  梯度步 142500  累计 11811s
[图116.5·DAgger] 局 580/1000  样本 413(缓冲 223628)  学生消费 4,554  未匹配 14  loss 1.283  vf 0.034  命中 训练31.8%/验证33.1%  真命中(扣end_turn) 训练26.5%/验证26.9%  梯度步 142750  累计 11836s
[图117.1·BC] 局 581/1000  样本 509(缓冲 224137)  老师消费 6,509  未匹配 3  loss 1.267  vf 0.038  命中(每 5 局量一次，本局跳过)  梯度步 143000  累计 11851s
[图117.2·BC] 局 582/1000  样本 509(缓冲 224646)  老师消费 6,509  未匹配 3  loss 1.285  vf 0.035  命中(每 5 局量一次，本局跳过)  梯度步 143250  累计 11867s
[图117.3·BC] 局 583/1000  样本 509(缓冲 225155)  老师消费 6,509  未匹配 3  loss 1.283  vf 0.037  命中(每 5 局量一次，本局跳过)  梯度步 143500  累计 11882s
[图117.4·DAgger] 局 584/1000  样本 530(缓冲 225685)  学生消费 3,401  未匹配 53  loss 1.280  vf 0.039  命中(每 5 局量一次，本局跳过)  梯度步 143750  累计 11905s
[图117.5·DAgger] 局 585/1000  样本 554(缓冲 226239)  学生消费 3,987  未匹配 40  loss 1.306  vf 0.036  命中 训练27.7%/验证30.2%  真命中(扣end_turn) 训练22.4%/验证24.7%  梯度步 144000  累计 11933s
[图118.1·BC] 局 586/1000  样本 499(缓冲 226738)  老师消费 5,722  未匹配 1  loss 1.323  vf 0.038  命中(每 5 局量一次，本局跳过)  梯度步 144250  累计 11948s
[图118.2·BC] 局 587/1000  样本 499(缓冲 227237)  老师消费 5,722  未匹配 1  loss 1.309  vf 0.035  命中(每 5 局量一次，本局跳过)  梯度步 144500  累计 11963s
[图118.3·BC] 局 588/1000  样本 499(缓冲 227736)  老师消费 5,722  未匹配 1  loss 1.264  vf 0.036  命中(每 5 局量一次，本局跳过)  梯度步 144750  累计 11978s
[图118.4·DAgger] 局 589/1000  样本 524(缓冲 228260)  学生消费 5,513  未匹配 26  loss 1.303  vf 0.037  命中(每 5 局量一次，本局跳过)  梯度步 145000  累计 12000s
[图118.5·DAgger] 局 590/1000  样本 457(缓冲 228717)  学生消费 4,678  未匹配 6  loss 1.282  vf 0.038  命中 训练25.0%/验证33.8%  真命中(扣end_turn) 训练23.2%/验证28.7%  梯度步 145250  累计 12025s
[图119.1·BC] 局 591/1000  样本 475(缓冲 229192)  老师消费 4,468  未匹配 0  loss 1.290  vf 0.037  命中(每 5 局量一次，本局跳过)  梯度步 145500  累计 12040s
[图119.2·BC] 局 592/1000  样本 475(缓冲 229667)  老师消费 4,468  未匹配 0  loss 1.298  vf 0.038  命中(每 5 局量一次，本局跳过)  梯度步 145750  累计 12056s
[图119.3·BC] 局 593/1000  样本 475(缓冲 230142)  老师消费 4,468  未匹配 0  loss 1.265  vf 0.037  命中(每 5 局量一次，本局跳过)  梯度步 146000  累计 12071s
[图119.4·DAgger] 局 594/1000  样本 431(缓冲 230573)  学生消费 4,521  未匹配 25  loss 1.295  vf 0.036  命中(每 5 局量一次，本局跳过)  梯度步 146250  累计 12092s
[图119.5·DAgger] 局 595/1000  样本 458(缓冲 231031)  学生消费 4,362  未匹配 27  loss 1.305  vf 0.036  命中 训练35.3%/验证29.4%  真命中(扣end_turn) 训练32.4%/验证24.3%  梯度步 146500  累计 12117s
[图120.1·BC] 局 596/1000  样本 364(缓冲 231031)  老师消费 2,961  未匹配 1  loss 1.266  vf 0.040  命中(每 5 局量一次，本局跳过)  梯度步 146750  累计 12131s
[图120.2·BC] 局 597/1000  样本 364(缓冲 231031)  老师消费 2,961  未匹配 1  loss 1.324  vf 0.037  命中(每 5 局量一次，本局跳过)  梯度步 147000  累计 12146s
[图120.3·BC] 局 598/1000  样本 364(缓冲 231031)  老师消费 2,961  未匹配 1  loss 1.306  vf 0.038  命中(每 5 局量一次，本局跳过)  梯度步 147250  累计 12161s
[图120.4·DAgger] 局 599/1000  样本 437(缓冲 231031)  学生消费 2,793  未匹配 24  loss 1.307  vf 0.038  命中(每 5 局量一次，本局跳过)  梯度步 147500  累计 12182s
[图120.5·DAgger] 局 600/1000  样本 439(缓冲 231031)  学生消费 2,770  未匹配 46  loss 1.288  vf 0.035  命中 训练33.3%/验证34.3%  真命中(扣end_turn) 训练28.8%/验证28.1%  梯度步 147750  累计 12208s
[图121.1·BC] 局 601/1000  样本 499(缓冲 231530)  老师消费 4,304  未匹配 1  loss 1.293  vf 0.036  命中(每 5 局量一次，本局跳过)  梯度步 148000  累计 12223s
[图121.2·BC] 局 602/1000  样本 499(缓冲 232029)  老师消费 4,304  未匹配 1  loss 1.334  vf 0.036  命中(每 5 局量一次，本局跳过)  梯度步 148250  累计 12238s
[图121.3·BC] 局 603/1000  样本 499(缓冲 232528)  老师消费 4,304  未匹配 1  loss 1.283  vf 0.033  命中(每 5 局量一次，本局跳过)  梯度步 148500  累计 12253s
[图121.4·DAgger] 局 604/1000  样本 441(缓冲 232969)  学生消费 3,836  未匹配 3  loss 1.275  vf 0.038  命中(每 5 局量一次，本局跳过)  梯度步 148750  累计 12273s
[图121.5·DAgger] 局 605/1000  样本 436(缓冲 233405)  学生消费 3,673  未匹配 8  loss 1.301  vf 0.036  命中 训练35.0%/验证34.9%  真命中(扣end_turn) 训练31.4%/验证29.3%  梯度步 149000  累计 12298s
[图122.1·BC] 局 606/1000  样本 515(缓冲 233920)  老师消费 4,909  未匹配 4  loss 1.327  vf 0.036  命中(每 5 局量一次，本局跳过)  梯度步 149250  累计 12313s
[图122.2·BC] 局 607/1000  样本 515(缓冲 234435)  老师消费 4,909  未匹配 4  loss 1.288  vf 0.034  命中(每 5 局量一次，本局跳过)  梯度步 149500  累计 12328s
[图122.3·BC] 局 608/1000  样本 515(缓冲 234950)  老师消费 4,909  未匹配 4  loss 1.250  vf 0.038  命中(每 5 局量一次，本局跳过)  梯度步 149750  累计 12343s
[图122.4·DAgger] 局 609/1000  样本 455(缓冲 235405)  学生消费 4,066  未匹配 6  loss 1.274  vf 0.032  命中(每 5 局量一次，本局跳过)  梯度步 150000  累计 12363s
[图122.5·DAgger] 局 610/1000  样本 466(缓冲 235871)  学生消费 4,208  未匹配 7  loss 1.274  vf 0.037  命中 训练23.0%/验证35.5%  真命中(扣end_turn) 训练19.4%/验证30.1%  梯度步 150250  累计 12388s
[图123.1·BC] 局 611/1000  样本 460(缓冲 236331)  老师消费 3,863  未匹配 1  loss 1.261  vf 0.036  命中(每 5 局量一次，本局跳过)  梯度步 150500  累计 12403s
[图123.2·BC] 局 612/1000  样本 460(缓冲 236791)  老师消费 3,863  未匹配 1  loss 1.284  vf 0.040  命中(每 5 局量一次，本局跳过)  梯度步 150750  累计 12418s
[图123.3·BC] 局 613/1000  样本 460(缓冲 237251)  老师消费 3,863  未匹配 1  loss 1.284  vf 0.035  命中(每 5 局量一次，本局跳过)  梯度步 151000  累计 12433s
[图123.4·DAgger] 局 614/1000  样本 501(缓冲 237752)  学生消费 4,063  未匹配 47  loss 1.262  vf 0.038  命中(每 5 局量一次，本局跳过)  梯度步 151250  累计 12454s
[图123.5·DAgger] 局 615/1000  样本 526(缓冲 238278)  学生消费 3,639  未匹配 23  loss 1.242  vf 0.037  命中 训练35.2%/验证32.5%  真命中(扣end_turn) 训练30.5%/验证26.1%  梯度步 151500  累计 12480s
[图124.1·BC] 局 616/1000  样本 461(缓冲 238739)  老师消费 4,377  未匹配 3  loss 1.261  vf 0.034  命中(每 5 局量一次，本局跳过)  梯度步 151750  累计 12495s
[图124.2·BC] 局 617/1000  样本 461(缓冲 239200)  老师消费 4,377  未匹配 3  loss 1.283  vf 0.035  命中(每 5 局量一次，本局跳过)  梯度步 152000  累计 12509s
[图124.3·BC] 局 618/1000  样本 461(缓冲 239661)  老师消费 4,377  未匹配 3  loss 1.256  vf 0.034  命中(每 5 局量一次，本局跳过)  梯度步 152250  累计 12524s
[图124.4·DAgger] 局 619/1000  样本 430(缓冲 240091)  学生消费 3,138  未匹配 21  loss 1.258  vf 0.036  命中(每 5 局量一次，本局跳过)  梯度步 152500  累计 12544s
[图124.5·DAgger] 局 620/1000  样本 508(缓冲 240599)  学生消费 3,441  未匹配 32  loss 1.247  vf 0.039  命中 训练26.7%/验证33.6%  真命中(扣end_turn) 训练24.6%/验证28.8%  梯度步 152750  累计 12570s
[图125.1·BC] 局 621/1000  样本 489(缓冲 241088)  老师消费 3,354  未匹配 0  loss 1.327  vf 0.034  命中(每 5 局量一次，本局跳过)  梯度步 153000  累计 12585s
[图125.2·BC] 局 622/1000  样本 489(缓冲 241577)  老师消费 3,354  未匹配 0  loss 1.274  vf 0.034  命中(每 5 局量一次，本局跳过)  梯度步 153250  累计 12600s
[图125.3·BC] 局 623/1000  样本 489(缓冲 242066)  老师消费 3,354  未匹配 0  loss 1.268  vf 0.040  命中(每 5 局量一次，本局跳过)  梯度步 153500  累计 12615s
[图125.4·DAgger] 局 624/1000  样本 541(缓冲 242607)  学生消费 3,428  未匹配 37  loss 1.245  vf 0.034  命中(每 5 局量一次，本局跳过)  梯度步 153750  累计 12637s
[图125.5·DAgger] 局 625/1000  样本 511(缓冲 243118)  学生消费 3,215  未匹配 32  loss 1.264  vf 0.036  命中 训练24.0%/验证32.5%  真命中(扣end_turn) 训练19.4%/验证26.3%  梯度步 154000  累计 12663s
⚠ 第 626 局老师没启动起来（领地 5，见过的中位 22）—— 判为退化局，**丢弃这一局的样本**（抖动过大的地图会这样）
⚠ 第 627 局老师没启动起来（领地 5，见过的中位 22）—— 判为退化局，**丢弃这一局的样本**（抖动过大的地图会这样）
⚠ 第 628 局老师没启动起来（领地 5，见过的中位 22）—— 判为退化局，**丢弃这一局的样本**（抖动过大的地图会这样）
[图126.4·DAgger] 局 629/1000  样本 398(缓冲 243118)  学生消费 2,408  未匹配 34  loss 1.276  vf 0.036  命中(每 5 局量一次，本局跳过)  梯度步 154250  累计 12687s
[图126.5·DAgger] 局 630/1000  样本 539(缓冲 243118)  学生消费 2,982  未匹配 29  loss 1.247  vf 0.035  命中 训练28.3%/验证33.2%  真命中(扣end_turn) 训练25.7%/验证29.1%  梯度步 154500  累计 12714s
[图127.1·BC] 局 631/1000  样本 578(缓冲 243696)  老师消费 6,321  未匹配 5  loss 1.248  vf 0.038  命中(每 5 局量一次，本局跳过)  梯度步 154750  累计 12730s
[图127.2·BC] 局 632/1000  样本 578(缓冲 244274)  老师消费 6,321  未匹配 5  loss 1.257  vf 0.036  命中(每 5 局量一次，本局跳过)  梯度步 155000  累计 12746s
[图127.3·BC] 局 633/1000  样本 578(缓冲 244852)  老师消费 6,321  未匹配 5  loss 1.295  vf 0.035  命中(每 5 局量一次，本局跳过)  梯度步 155250  累计 12761s
[图127.4·DAgger] 局 634/1000  样本 527(缓冲 245379)  学生消费 5,620  未匹配 24  loss 1.270  vf 0.035  命中(每 5 局量一次，本局跳过)  梯度步 155500  累计 12782s
[图127.5·DAgger] 局 635/1000  样本 504(缓冲 245883)  学生消费 5,395  未匹配 35  loss 1.290  vf 0.037  命中 训练28.2%/验证27.6%  真命中(扣end_turn) 训练25.7%/验证22.5%  梯度步 155750  累计 12808s
[图128.1·BC] 局 636/1000  样本 434(缓冲 246317)  老师消费 4,056  未匹配 1  loss 1.263  vf 0.032  命中(每 5 局量一次，本局跳过)  梯度步 156000  累计 12823s
[图128.2·BC] 局 637/1000  样本 434(缓冲 246751)  老师消费 4,056  未匹配 1  loss 1.238  vf 0.035  命中(每 5 局量一次，本局跳过)  梯度步 156250  累计 12838s
[图128.3·BC] 局 638/1000  样本 434(缓冲 247185)  老师消费 4,056  未匹配 1  loss 1.288  vf 0.039  命中(每 5 局量一次，本局跳过)  梯度步 156500  累计 12853s
[图128.4·DAgger] 局 639/1000  样本 421(缓冲 247606)  学生消费 3,130  未匹配 40  loss 1.273  vf 0.037  命中(每 5 局量一次，本局跳过)  梯度步 156750  累计 12873s
[图128.5·DAgger] 局 640/1000  样本 456(缓冲 248062)  学生消费 2,949  未匹配 33  loss 1.226  vf 0.034  命中 训练28.7%/验证33.6%  真命中(扣end_turn) 训练25.8%/验证28.2%  梯度步 157000  累计 12898s
[图129.1·BC] 局 641/1000  样本 505(缓冲 248567)  老师消费 4,769  未匹配 1  loss 1.263  vf 0.033  命中(每 5 局量一次，本局跳过)  梯度步 157250  累计 12913s
[图129.2·BC] 局 642/1000  样本 505(缓冲 249072)  老师消费 4,769  未匹配 1  loss 1.242  vf 0.035  命中(每 5 局量一次，本局跳过)  梯度步 157500  累计 12928s
[图129.3·BC] 局 643/1000  样本 505(缓冲 249577)  老师消费 4,769  未匹配 1  loss 1.261  vf 0.033  命中(每 5 局量一次，本局跳过)  梯度步 157750  累计 12956s
[图129.4·DAgger] 局 644/1000  样本 491(缓冲 250068)  学生消费 3,684  未匹配 3  loss 1.275  vf 0.033  命中(每 5 局量一次，本局跳过)  梯度步 158000  累计 12977s
[图129.5·DAgger] 局 645/1000  样本 538(缓冲 250606)  学生消费 3,738  未匹配 28  loss 1.291  vf 0.034  命中 训练33.7%/验证29.8%  真命中(扣end_turn) 训练31.9%/验证25.5%  梯度步 158250  累计 13002s
[图130.1·BC] 局 646/1000  样本 412(缓冲 251018)  老师消费 3,398  未匹配 1  loss 1.265  vf 0.035  命中(每 5 局量一次，本局跳过)  梯度步 158500  累计 13017s
[图130.2·BC] 局 647/1000  样本 412(缓冲 251430)  老师消费 3,398  未匹配 1  loss 1.267  vf 0.035  命中(每 5 局量一次，本局跳过)  梯度步 158750  累计 13032s
[图130.3·BC] 局 648/1000  样本 412(缓冲 251842)  老师消费 3,398  未匹配 1  loss 1.248  vf 0.038  命中(每 5 局量一次，本局跳过)  梯度步 159000  累计 13046s
[图130.4·DAgger] 局 649/1000  样本 470(缓冲 252312)  学生消费 3,226  未匹配 9  loss 1.272  vf 0.036  命中(每 5 局量一次，本局跳过)  梯度步 159250  累计 13068s
[图130.5·DAgger] 局 650/1000  样本 453(缓冲 252765)  学生消费 3,153  未匹配 9  loss 1.258  vf 0.037  命中 训练27.8%/验证33.4%  真命中(扣end_turn) 训练24.7%/验证28.2%  梯度步 159500  累计 13093s
