★P4 主干（WindowTransformer）：d_model=192 4 层 4 头，2,110,530 参数；窗口 360 token / 亮 71；**无 CNN**（候选只带相对落点去 attend）；batch=32 激活粗估 ≈478 MB（ECS 可用 3.3 GB，超了就换页——换页看着像慢，不像崩）
设备：cuda（NVIDIA GeForce RTX 3080 Ti，11.8 GiB）
★纠正模式：从 rl/runs/bc/ep650.pt 起步（iter 0）——不从头 BC，只做纠正
老师 = v10（expand_rule_v10）  视野(HORIZON)=90（口径 = 每局 70 + 20）  每局 70 回合 × 400 局  每局 250 梯度步  缓冲 450000
★块调度：每 3 局换一张图（共约 133 张）—— 块内前 1 局纯 BC（70 回合）、其余 2 局 DAgger（100 回合）；每 6 **块**留出 1 整块当验证集
  ⚠ --episodes 400 不是 --block 3 的整数倍，最后一块只有 1 局
[图1.1·BC] 局 1/400  样本 493(缓冲 493)  老师消费 4,563  未匹配 1  loss 0.667  vf 0.008  命中(每 5 局量一次，本局跳过)  梯度步 250  累计 15s
[图1.2·DAgger] 局 2/400  样本 536(缓冲 1029)  学生消费 3,748  未匹配 16  loss 1.401  vf 0.010  命中(每 5 局量一次，本局跳过)  梯度步 500  累计 37s
[图1.3·DAgger] 局 3/400  样本 551(缓冲 1580)  学生消费 3,931  未匹配 30  loss 1.519  vf 0.009  命中(每 5 局量一次，本局跳过)  梯度步 750  累计 57s
[图2.1·BC] 局 4/400  样本 459(缓冲 2039)  老师消费 4,133  未匹配 2  loss 1.139  vf 0.009  命中(每 5 局量一次，本局跳过)  梯度步 1000  累计 71s
[图2.2·DAgger] 局 5/400  样本 544(缓冲 2583)  学生消费 3,589  未匹配 30  loss 1.343  vf 0.012  命中 训练45.3%/验证nan%  真命中(扣end_turn) 训练43.2%/验证nan%  梯度步 1250  累计 93s
[图2.3·DAgger] 局 6/400  样本 537(缓冲 3120)  学生消费 3,386  未匹配 33  loss 1.380  vf 0.013  命中(每 5 局量一次，本局跳过)  梯度步 1500  累计 114s
[图3.1·BC] 局 7/400  样本 496(缓冲 3616)  老师消费 4,945  未匹配 4  loss 1.169  vf 0.013  命中(每 5 局量一次，本局跳过)  梯度步 1750  累计 128s
[图3.2·DAgger] 局 8/400  样本 564(缓冲 4180)  学生消费 4,335  未匹配 30  loss 1.249  vf 0.012  命中(每 5 局量一次，本局跳过)  梯度步 2000  累计 149s
[图3.3·DAgger] 局 9/400  样本 545(缓冲 4725)  学生消费 4,254  未匹配 11  loss 1.357  vf 0.012  命中(每 5 局量一次，本局跳过)  梯度步 2250  累计 170s
[图4.1·BC] 局 10/400  样本 446(缓冲 5171)  老师消费 3,923  未匹配 0  loss 1.167  vf 0.012  命中 训练67.0%/验证nan%  真命中(扣end_turn) 训练64.2%/验证nan%  梯度步 2500  累计 185s
[图4.2·DAgger] 局 11/400  样本 608(缓冲 5779)  学生消费 3,498  未匹配 37  loss 1.283  vf 0.012  命中(每 5 局量一次，本局跳过)  梯度步 2750  累计 208s
[图4.3·DAgger] 局 12/400  样本 631(缓冲 6410)  学生消费 3,483  未匹配 41  loss 1.412  vf 0.013  命中(每 5 局量一次，本局跳过)  梯度步 3000  累计 232s
[图5.1·BC] 局 13/400  样本 533(缓冲 6943)  老师消费 5,691  未匹配 4  loss 1.327  vf 0.013  命中(每 5 局量一次，本局跳过)  梯度步 3250  累计 246s
[图5.2·DAgger] 局 14/400  样本 547(缓冲 7490)  学生消费 4,946  未匹配 10  loss 1.352  vf 0.015  命中(每 5 局量一次，本局跳过)  梯度步 3500  累计 267s
[图5.3·DAgger] 局 15/400  样本 583(缓冲 8073)  学生消费 5,070  未匹配 29  loss 1.334  vf 0.014  命中 训练41.0%/验证nan%  真命中(扣end_turn) 训练40.5%/验证nan%  梯度步 3750  累计 289s
[图6.1·BC] 局 16/400  样本 500(缓冲 8073)  老师消费 4,228  未匹配 4  loss 1.255  vf 0.013  命中(每 5 局量一次，本局跳过)  梯度步 4000  累计 304s
[图6.2·DAgger] 局 17/400  样本 566(缓冲 8073)  学生消费 3,537  未匹配 33  loss 1.230  vf 0.012  命中(每 5 局量一次，本局跳过)  梯度步 4250  累计 326s
[图6.3·DAgger] 局 18/400  样本 601(缓冲 8073)  学生消费 3,798  未匹配 24  loss 1.159  vf 0.012  命中(每 5 局量一次，本局跳过)  梯度步 4500  累计 347s
[图7.1·BC] 局 19/400  样本 482(缓冲 8555)  老师消费 4,691  未匹配 2  loss 1.162  vf 0.012  命中(每 5 局量一次，本局跳过)  梯度步 4750  累计 361s
[图7.2·DAgger] 局 20/400  样本 521(缓冲 9076)  学生消费 4,171  未匹配 17  loss 1.211  vf 0.013  命中 训练31.7%/验证17.6%  真命中(扣end_turn) 训练27.4%/验证13.3%  梯度步 5000  累计 385s
[图7.3·DAgger] 局 21/400  样本 527(缓冲 9603)  学生消费 4,097  未匹配 19  loss 1.257  vf 0.013  命中(每 5 局量一次，本局跳过)  梯度步 5250  累计 405s
[图8.1·BC] 局 22/400  样本 510(缓冲 10113)  老师消费 5,700  未匹配 1  loss 1.218  vf 0.023  命中(每 5 局量一次，本局跳过)  梯度步 5500  累计 420s
[图8.2·DAgger] 局 23/400  样本 533(缓冲 10646)  学生消费 4,840  未匹配 27  loss 1.269  vf 0.019  命中(每 5 局量一次，本局跳过)  梯度步 5750  累计 440s
[图8.3·DAgger] 局 24/400  样本 553(缓冲 11199)  学生消费 5,126  未匹配 18  loss 1.332  vf 0.018  命中(每 5 局量一次，本局跳过)  梯度步 6000  累计 460s
[图9.1·BC] 局 25/400  样本 438(缓冲 11637)  老师消费 3,245  未匹配 1  loss 1.240  vf 0.023  命中 训练62.0%/验证19.0%  真命中(扣end_turn) 训练57.4%/验证15.1%  梯度步 6250  累计 477s
[图9.2·DAgger] 局 26/400  样本 523(缓冲 12160)  学生消费 3,768  未匹配 32  loss 1.305  vf 0.020  命中(每 5 局量一次，本局跳过)  梯度步 6500  累计 498s
[图9.3·DAgger] 局 27/400  样本 508(缓冲 12668)  学生消费 3,959  未匹配 26  loss 1.329  vf 0.018  命中(每 5 局量一次，本局跳过)  梯度步 6750  累计 518s
[图10.1·BC] 局 28/400  样本 506(缓冲 13174)  老师消费 4,450  未匹配 0  loss 1.323  vf 0.017  命中(每 5 局量一次，本局跳过)  梯度步 7000  累计 532s
[图10.2·DAgger] 局 29/400  样本 562(缓冲 13736)  学生消费 3,706  未匹配 16  loss 1.327  vf 0.018  命中(每 5 局量一次，本局跳过)  梯度步 7250  累计 553s
[图10.3·DAgger] 局 30/400  样本 607(缓冲 14343)  学生消费 3,783  未匹配 35  loss 1.375  vf 0.019  命中 训练26.7%/验证19.9%  真命中(扣end_turn) 训练24.1%/验证16.2%  梯度步 7500  累计 578s
[图11.1·BC] 局 31/400  样本 424(缓冲 14767)  老师消费 3,965  未匹配 1  loss 1.326  vf 0.021  命中(每 5 局量一次，本局跳过)  梯度步 7750  累计 592s
[图11.2·DAgger] 局 32/400  样本 581(缓冲 15348)  学生消费 4,092  未匹配 4  loss 1.374  vf 0.019  命中(每 5 局量一次，本局跳过)  梯度步 8000  累计 613s
[图11.3·DAgger] 局 33/400  样本 594(缓冲 15942)  学生消费 4,004  未匹配 8  loss 1.381  vf 0.020  命中(每 5 局量一次，本局跳过)  梯度步 8250  累计 636s
[图12.1·BC] 局 34/400  样本 463(缓冲 15942)  老师消费 4,716  未匹配 1  loss 1.355  vf 0.019  命中(每 5 局量一次，本局跳过)  梯度步 8500  累计 650s
[图12.2·DAgger] 局 35/400  样本 551(缓冲 15942)  学生消费 4,685  未匹配 25  loss 1.324  vf 0.018  命中 训练32.3%/验证25.4%  真命中(扣end_turn) 训练27.5%/验证20.9%  梯度步 8750  累计 674s
[图12.3·DAgger] 局 36/400  样本 550(缓冲 15942)  学生消费 4,736  未匹配 5  loss 1.321  vf 0.016  命中(每 5 局量一次，本局跳过)  梯度步 9000  累计 695s
[图13.1·BC] 局 37/400  样本 443(缓冲 16385)  老师消费 3,168  未匹配 3  loss 1.241  vf 0.021  命中(每 5 局量一次，本局跳过)  梯度步 9250  累计 709s
[图13.2·DAgger] 局 38/400  样本 532(缓冲 16917)  学生消费 4,141  未匹配 38  loss 1.331  vf 0.022  命中(每 5 局量一次，本局跳过)  梯度步 9500  累计 730s
[图13.3·DAgger] 局 39/400  样本 477(缓冲 17394)  学生消费 3,891  未匹配 39  loss 1.305  vf 0.023  命中(每 5 局量一次，本局跳过)  梯度步 9750  累计 750s
[图14.1·BC] 局 40/400  样本 429(缓冲 17823)  老师消费 4,319  未匹配 0  loss 1.314  vf 0.020  命中 训练54.5%/验证23.6%  真命中(扣end_turn) 训练49.9%/验证19.8%  梯度步 10000  累计 768s
[图14.2·DAgger] 局 41/400  样本 532(缓冲 18355)  学生消费 4,073  未匹配 25  loss 1.315  vf 0.019  命中(每 5 局量一次，本局跳过)  梯度步 10250  累计 789s
[图14.3·DAgger] 局 42/400  样本 524(缓冲 18879)  学生消费 3,886  未匹配 14  loss 1.303  vf 0.019  命中(每 5 局量一次，本局跳过)  梯度步 10500  累计 811s
[图15.1·BC] 局 43/400  样本 457(缓冲 19336)  老师消费 3,965  未匹配 1  loss 1.303  vf 0.022  命中(每 5 局量一次，本局跳过)  梯度步 10750  累计 826s
[图15.2·DAgger] 局 44/400  样本 504(缓冲 19840)  学生消费 3,480  未匹配 25  loss 1.288  vf 0.021  命中(每 5 局量一次，本局跳过)  梯度步 11000  累计 849s
[图15.3·DAgger] 局 45/400  样本 428(缓冲 20268)  学生消费 3,057  未匹配 1  loss 1.328  vf 0.021  命中 训练33.7%/验证24.9%  真命中(扣end_turn) 训练27.3%/验证20.3%  梯度步 11250  累计 872s
[图16.1·BC] 局 46/400  样本 496(缓冲 20764)  老师消费 4,724  未匹配 1  loss 1.306  vf 0.022  命中(每 5 局量一次，本局跳过)  梯度步 11500  累计 887s
[图16.2·DAgger] 局 47/400  样本 533(缓冲 21297)  学生消费 4,869  未匹配 18  loss 1.416  vf 0.025  命中(每 5 局量一次，本局跳过)  梯度步 11750  累计 911s
[图16.3·DAgger] 局 48/400  样本 554(缓冲 21851)  学生消费 5,150  未匹配 35  loss 1.322  vf 0.027  命中(每 5 局量一次，本局跳过)  梯度步 12000  累计 934s
[图17.1·BC] 局 49/400  样本 449(缓冲 22300)  老师消费 4,656  未匹配 3  loss 1.332  vf 0.026  命中(每 5 局量一次，本局跳过)  梯度步 12250  累计 948s
[图17.2·DAgger] 局 50/400  样本 446(缓冲 22746)  学生消费 4,401  未匹配 12  loss 1.311  vf 0.024  命中 训练38.7%/验证22.9%  真命中(扣end_turn) 训练33.4%/验证18.7%  梯度步 12500  累计 972s
[图17.3·DAgger] 局 51/400  样本 495(缓冲 23241)  学生消费 4,611  未匹配 37  loss 1.337  vf 0.024  命中(每 5 局量一次，本局跳过)  梯度步 12750  累计 992s
[图18.1·BC] 局 52/400  样本 370(缓冲 23241)  老师消费 3,152  未匹配 0  loss 1.317  vf 0.023  命中(每 5 局量一次，本局跳过)  梯度步 13000  累计 1006s
[图18.2·DAgger] 局 53/400  样本 516(缓冲 23241)  学生消费 3,866  未匹配 31  loss 1.299  vf 0.024  命中(每 5 局量一次，本局跳过)  梯度步 13250  累计 1028s
[图18.3·DAgger] 局 54/400  样本 461(缓冲 23241)  学生消费 3,873  未匹配 16  loss 1.251  vf 0.021  命中(每 5 局量一次，本局跳过)  梯度步 13500  累计 1048s
[图19.1·BC] 局 55/400  样本 510(缓冲 23751)  老师消费 6,426  未匹配 2  loss 1.235  vf 0.025  命中 训练48.3%/验证25.7%  真命中(扣end_turn) 训练43.8%/验证21.5%  梯度步 13750  累计 1066s
[图19.2·DAgger] 局 56/400  样本 571(缓冲 24322)  学生消费 5,560  未匹配 34  loss 1.294  vf 0.024  命中(每 5 局量一次，本局跳过)  梯度步 14000  累计 1089s
[图19.3·DAgger] 局 57/400  样本 526(缓冲 24848)  学生消费 5,315  未匹配 11  loss 1.310  vf 0.022  命中(每 5 局量一次，本局跳过)  梯度步 14250  累计 1110s
[图20.1·BC] 局 58/400  样本 493(缓冲 25341)  老师消费 4,391  未匹配 1  loss 1.322  vf 0.023  命中(每 5 局量一次，本局跳过)  梯度步 14500  累计 1124s
[图20.2·DAgger] 局 59/400  样本 538(缓冲 25879)  学生消费 3,884  未匹配 28  loss 1.296  vf 0.025  命中(每 5 局量一次，本局跳过)  梯度步 14750  累计 1146s
[图20.3·DAgger] 局 60/400  样本 541(缓冲 26420)  学生消费 3,759  未匹配 20  loss 1.318  vf 0.025  命中 训练33.0%/验证27.2%  真命中(扣end_turn) 训练28.9%/验证22.2%  梯度步 15000  累计 1171s
[图21.1·BC] 局 61/400  样本 428(缓冲 26848)  老师消费 2,977  未匹配 2  loss 1.322  vf 0.022  命中(每 5 局量一次，本局跳过)  梯度步 15250  累计 1185s
[图21.2·DAgger] 局 62/400  样本 542(缓冲 27390)  学生消费 2,820  未匹配 55  loss 1.363  vf 0.022  命中(每 5 局量一次，本局跳过)  梯度步 15500  累计 1207s
[图21.3·DAgger] 局 63/400  样本 390(缓冲 27780)  学生消费 2,558  未匹配 6  loss 1.310  vf 0.025  命中(每 5 局量一次，本局跳过)  梯度步 15750  累计 1225s
[图22.1·BC] 局 64/400  样本 432(缓冲 28212)  老师消费 3,298  未匹配 0  loss 1.336  vf 0.025  命中(每 5 局量一次，本局跳过)  梯度步 16000  累计 1240s
[图22.2·DAgger] 局 65/400  样本 517(缓冲 28729)  学生消费 3,520  未匹配 48  loss 1.328  vf 0.025  命中 训练40.8%/验证25.2%  真命中(扣end_turn) 训练37.7%/验证20.1%  梯度步 16250  累计 1265s
[图22.3·DAgger] 局 66/400  样本 483(缓冲 29212)  学生消费 3,900  未匹配 23  loss 1.347  vf 0.024  命中(每 5 局量一次，本局跳过)  梯度步 16500  累计 1285s
[图23.1·BC] 局 67/400  样本 506(缓冲 29718)  老师消费 4,533  未匹配 2  loss 1.334  vf 0.024  命中(每 5 局量一次，本局跳过)  梯度步 16750  累计 1301s
[图23.2·DAgger] 局 68/400  样本 586(缓冲 30304)  学生消费 3,925  未匹配 28  loss 1.349  vf 0.024  命中(每 5 局量一次，本局跳过)  梯度步 17000  累计 1322s
[图23.3·DAgger] 局 69/400  样本 573(缓冲 30877)  学生消费 4,038  未匹配 25  loss 1.367  vf 0.023  命中(每 5 局量一次，本局跳过)  梯度步 17250  累计 1344s
[图24.1·BC] 局 70/400  样本 464(缓冲 30877)  老师消费 3,361  未匹配 1  loss 1.359  vf 0.023  命中 训练27.5%/验证27.7%  真命中(扣end_turn) 训练22.7%/验证22.2%  梯度步 17500  累计 1362s
[图24.2·DAgger] 局 71/400  样本 460(缓冲 30877)  学生消费 3,753  未匹配 11  loss 1.353  vf 0.021  命中(每 5 局量一次，本局跳过)  梯度步 17750  累计 1382s
[图24.3·DAgger] 局 72/400  样本 532(缓冲 30877)  学生消费 2,950  未匹配 61  loss 1.314  vf 0.023  命中(每 5 局量一次，本局跳过)  梯度步 18000  累计 1408s
[图25.1·BC] 局 73/400  样本 461(缓冲 31338)  老师消费 4,915  未匹配 2  loss 1.293  vf 0.023  命中(每 5 局量一次，本局跳过)  梯度步 18250  累计 1422s
[图25.2·DAgger] 局 74/400  样本 511(缓冲 31849)  学生消费 4,003  未匹配 5  loss 1.304  vf 0.023  命中(每 5 局量一次，本局跳过)  梯度步 18500  累计 1442s
[图25.3·DAgger] 局 75/400  样本 535(缓冲 32384)  学生消费 4,080  未匹配 0  loss 1.327  vf 0.022  命中 训练29.3%/验证28.3%  真命中(扣end_turn) 训练24.8%/验证22.9%  梯度步 18750  累计 1467s
[图26.1·BC] 局 76/400  样本 488(缓冲 32872)  老师消费 5,548  未匹配 3  loss 1.348  vf 0.026  命中(每 5 局量一次，本局跳过)  梯度步 19000  累计 1481s
[图26.2·DAgger] 局 77/400  样本 520(缓冲 33392)  学生消费 3,928  未匹配 47  loss 1.325  vf 0.023  命中(每 5 局量一次，本局跳过)  梯度步 19250  累计 1502s
[图26.3·DAgger] 局 78/400  样本 535(缓冲 33927)  学生消费 4,318  未匹配 17  loss 1.355  vf 0.025  命中(每 5 局量一次，本局跳过)  梯度步 19500  累计 1523s
[图27.1·BC] 局 79/400  样本 455(缓冲 34382)  老师消费 3,435  未匹配 1  loss 1.349  vf 0.024  命中(每 5 局量一次，本局跳过)  梯度步 19750  累计 1537s
[图27.2·DAgger] 局 80/400  样本 506(缓冲 34888)  学生消费 4,636  未匹配 31  loss 1.294  vf 0.023  命中 训练34.2%/验证27.8%  真命中(扣end_turn) 训练32.0%/验证22.4%  梯度步 20000  累计 1562s
[图27.3·DAgger] 局 81/400  样本 524(缓冲 35412)  学生消费 3,604  未匹配 49  loss 1.362  vf 0.023  命中(每 5 局量一次，本局跳过)  梯度步 20250  累计 1583s
[图28.1·BC] 局 82/400  样本 417(缓冲 35829)  老师消费 3,152  未匹配 1  loss 1.299  vf 0.023  命中(每 5 局量一次，本局跳过)  梯度步 20500  累计 1598s
[图28.2·DAgger] 局 83/400  样本 553(缓冲 36382)  学生消费 2,536  未匹配 26  loss 1.384  vf 0.026  命中(每 5 局量一次，本局跳过)  梯度步 20750  累计 1620s
[图28.3·DAgger] 局 84/400  样本 459(缓冲 36841)  学生消费 3,643  未匹配 11  loss 1.367  vf 0.026  命中(每 5 局量一次，本局跳过)  梯度步 21000  累计 1640s
[图29.1·BC] 局 85/400  样本 436(缓冲 37277)  老师消费 3,136  未匹配 1  loss 1.358  vf 0.025  命中 训练49.2%/验证27.2%  真命中(扣end_turn) 训练42.8%/验证21.3%  梯度步 21250  累计 1658s
[图29.2·DAgger] 局 86/400  样本 519(缓冲 37796)  学生消费 3,274  未匹配 30  loss 1.362  vf 0.025  命中(每 5 局量一次，本局跳过)  梯度步 21500  累计 1679s
[图29.3·DAgger] 局 87/400  样本 465(缓冲 38261)  学生消费 3,728  未匹配 16  loss 1.351  vf 0.025  命中(每 5 局量一次，本局跳过)  梯度步 21750  累计 1699s
[图30.1·BC] 局 88/400  样本 484(缓冲 38261)  老师消费 4,677  未匹配 2  loss 1.322  vf 0.026  命中(每 5 局量一次，本局跳过)  梯度步 22000  累计 1714s
[图30.2·DAgger] 局 89/400  样本 485(缓冲 38261)  学生消费 3,845  未匹配 2  loss 1.342  vf 0.024  命中(每 5 局量一次，本局跳过)  梯度步 22250  累计 1734s
[图30.3·DAgger] 局 90/400  样本 523(缓冲 38261)  学生消费 4,366  未匹配 20  loss 1.342  vf 0.025  命中 训练32.7%/验证31.7%  真命中(扣end_turn) 训练28.0%/验证26.7%  梯度步 22500  累计 1758s
[图31.1·BC] 局 91/400  样本 532(缓冲 38793)  老师消费 6,711  未匹配 4  loss 1.319  vf 0.033  命中(每 5 局量一次，本局跳过)  梯度步 22750  累计 1773s
[图31.2·DAgger] 局 92/400  样本 532(缓冲 39325)  学生消费 4,803  未匹配 13  loss 1.379  vf 0.029  命中(每 5 局量一次，本局跳过)  梯度步 23000  累计 1794s
[图31.3·DAgger] 局 93/400  样本 592(缓冲 39917)  学生消费 5,186  未匹配 23  loss 1.335  vf 0.030  命中(每 5 局量一次，本局跳过)  梯度步 23250  累计 1816s
[图32.1·BC] 局 94/400  样本 379(缓冲 40296)  老师消费 4,487  未匹配 1  loss 1.389  vf 0.030  命中(每 5 局量一次，本局跳过)  梯度步 23500  累计 1830s
[图32.2·DAgger] 局 95/400  样本 438(缓冲 40734)  学生消费 3,979  未匹配 14  loss 1.333  vf 0.029  命中 训练41.7%/验证30.7%  真命中(扣end_turn) 训练36.8%/验证26.0%  梯度步 23750  累计 1854s
[图32.3·DAgger] 局 96/400  样本 445(缓冲 41179)  学生消费 3,869  未匹配 9  loss 1.347  vf 0.029  命中(每 5 局量一次，本局跳过)  梯度步 24000  累计 1875s
[图33.1·BC] 局 97/400  样本 442(缓冲 41621)  老师消费 3,300  未匹配 3  loss 1.314  vf 0.029  命中(每 5 局量一次，本局跳过)  梯度步 24250  累计 1890s
[图33.2·DAgger] 局 98/400  样本 453(缓冲 42074)  学生消费 3,755  未匹配 2  loss 1.330  vf 0.027  命中(每 5 局量一次，本局跳过)  梯度步 24500  累计 1910s
[图33.3·DAgger] 局 99/400  样本 452(缓冲 42526)  学生消费 3,661  未匹配 5  loss 1.326  vf 0.028  命中(每 5 局量一次，本局跳过)  梯度步 24750  累计 1932s
[图34.1·BC] 局 100/400  样本 480(缓冲 43006)  老师消费 5,667  未匹配 4  loss 1.324  vf 0.031  命中 训练54.0%/验证31.5%  真命中(扣end_turn) 训练50.9%/验证26.9%  梯度步 25000  累计 1954s
[图34.2·DAgger] 局 101/400  样本 571(缓冲 43577)  学生消费 4,543  未匹配 7  loss 1.358  vf 0.029  命中(每 5 局量一次，本局跳过)  梯度步 25250  累计 1978s
[图34.3·DAgger] 局 102/400  样本 540(缓冲 44117)  学生消费 4,558  未匹配 18  loss 1.361  vf 0.029  命中(每 5 局量一次，本局跳过)  梯度步 25500  累计 2001s
[图35.1·BC] 局 103/400  样本 522(缓冲 44639)  老师消费 5,083  未匹配 4  loss 1.345  vf 0.030  命中(每 5 局量一次，本局跳过)  梯度步 25750  累计 2015s
[图35.2·DAgger] 局 104/400  样本 578(缓冲 45217)  学生消费 3,999  未匹配 19  loss 1.374  vf 0.030  命中(每 5 局量一次，本局跳过)  梯度步 26000  累计 2036s
[图35.3·DAgger] 局 105/400  样本 573(缓冲 45790)  学生消费 4,428  未匹配 21  loss 1.379  vf 0.028  命中 训练26.8%/验证31.5%  真命中(扣end_turn) 训练23.0%/验证26.7%  梯度步 26250  累计 2061s
[图36.1·BC] 局 106/400  样本 501(缓冲 45790)  老师消费 3,579  未匹配 2  loss 1.360  vf 0.027  命中(每 5 局量一次，本局跳过)  梯度步 26500  累计 2076s
[图36.2·DAgger] 局 107/400  样本 598(缓冲 45790)  学生消费 3,788  未匹配 54  loss 1.358  vf 0.025  命中(每 5 局量一次，本局跳过)  梯度步 26750  累计 2099s
[图36.3·DAgger] 局 108/400  样本 549(缓冲 45790)  学生消费 3,944  未匹配 24  loss 1.355  vf 0.026  命中(每 5 局量一次，本局跳过)  梯度步 27000  累计 2120s
[图37.1·BC] 局 109/400  样本 434(缓冲 46224)  老师消费 4,461  未匹配 1  loss 1.340  vf 0.026  命中(每 5 局量一次，本局跳过)  梯度步 27250  累计 2134s
[图37.2·DAgger] 局 110/400  样本 533(缓冲 46757)  学生消费 3,708  未匹配 27  loss 1.347  vf 0.029  命中 训练34.2%/验证32.6%  真命中(扣end_turn) 训练32.2%/验证28.1%  梯度步 27500  累计 2159s
[图37.3·DAgger] 局 111/400  样本 495(缓冲 47252)  学生消费 3,594  未匹配 5  loss 1.365  vf 0.026  命中(每 5 局量一次，本局跳过)  梯度步 27750  累计 2179s
[图38.1·BC] 局 112/400  样本 489(缓冲 47741)  老师消费 5,764  未匹配 2  loss 1.342  vf 0.028  命中(每 5 局量一次，本局跳过)  梯度步 28000  累计 2194s
[图38.2·DAgger] 局 113/400  样本 513(缓冲 48254)  学生消费 4,500  未匹配 5  loss 1.313  vf 0.026  命中(每 5 局量一次，本局跳过)  梯度步 28250  累计 2214s
[图38.3·DAgger] 局 114/400  样本 561(缓冲 48815)  学生消费 4,709  未匹配 16  loss 1.340  vf 0.028  命中(每 5 局量一次，本局跳过)  梯度步 28500  累计 2235s
[图39.1·BC] 局 115/400  样本 475(缓冲 49290)  老师消费 3,698  未匹配 1  loss 1.355  vf 0.027  命中 训练53.5%/验证30.6%  真命中(扣end_turn) 训练47.8%/验证26.7%  梯度步 28750  累计 2254s
