########## rl/runs/strat_rows_ckpt_5.npz ##########
rl/runs/strat_rows_ckpt_5.npz  重采样 400 次  头已训

=== 全部：19522 个候选 / 80 个状态 / 4 局 ===
  点估计：头 0.644  策略 0.502  差 +0.142
  按状态  95% CI（400/400 次有效）：头 [0.542, 0.738]  策略 [0.420, 0.606]  差 [-0.008, +0.281]  下界≤0 ✗
  按局   95% CI（400/400 次有效）：头 [0.568, 0.710]  策略 [0.413, 0.599]  差 [-0.018, +0.297]  下界≤0 ✗
  ⚠ 只有 4 局：按局的区间很粗（重采样取值组合有限）

=== 回合 < 70：3871 个候选 / 23 个状态 / 4 局 ===
  点估计：头 0.618  策略 0.504  差 +0.114
  按状态  95% CI（400/400 次有效）：头 [0.449, 0.737]  策略 [0.364, 0.632]  差 [-0.113, +0.311]  下界≤0 ✗
  按局   95% CI（400/400 次有效）：头 [0.485, 0.744]  策略 [0.330, 0.610]  差 [+0.040, +0.303]  下界>0 ✓
  ⚠ 只有 4 局：按局的区间很粗（重采样取值组合有限）

=== 回合 ≥ 70：15651 个候选 / 57 个状态 / 4 局 ===
  点估计：头 0.638  策略 0.534  差 +0.105
  按状态  95% CI（400/400 次有效）：头 [0.513, 0.747]  策略 [0.428, 0.647]  差 [-0.063, +0.249]  下界≤0 ✗
  按局   95% CI（400/400 次有效）：头 [0.575, 0.703]  策略 [0.455, 0.612]  差 [-0.011, +0.226]  下界≤0 ✗
  ⚠ 只有 4 局：按局的区间很粗（重采样取值组合有限）

判据：头−策略 的 95% 区间下界 > 0（按状态与按局都成立）⇒ 头的局面级排序优于策略

########## rl/runs/strat_rows_ckpt_35.npz ##########
rl/runs/strat_rows_ckpt_35.npz  重采样 400 次  头已训

=== 全部：12163 个候选 / 72 个状态 / 4 局 ===
  点估计：头 0.579  策略 0.514  差 +0.066
  按状态  95% CI（400/400 次有效）：头 [0.486, 0.658]  策略 [0.435, 0.582]  差 [-0.074, +0.198]  下界≤0 ✗
  按局   95% CI（400/400 次有效）：头 [0.508, 0.663]  策略 [0.445, 0.570]  差 [-0.043, +0.186]  下界≤0 ✗
  ⚠ 只有 4 局：按局的区间很粗（重采样取值组合有限）

=== 回合 < 70：3706 个候选 / 23 个状态 / 4 局 ===
  点估计：头 0.543  策略 0.545  差 -0.002
  按状态  95% CI（400/400 次有效）：头 [0.366, 0.726]  策略 [0.376, 0.671]  差 [-0.278, +0.313]  下界≤0 ✗
  按局   95% CI（400/400 次有效）：头 [0.422, 0.720]  策略 [0.470, 0.588]  差 [-0.166, +0.192]  下界≤0 ✗
  ⚠ 只有 4 局：按局的区间很粗（重采样取值组合有限）

=== 回合 ≥ 70：8457 个候选 / 49 个状态 / 4 局 ===
  点估计：头 0.592  策略 0.529  差 +0.063
  按状态  95% CI（400/400 次有效）：头 [0.490, 0.691]  策略 [0.441, 0.624]  差 [-0.081, +0.201]  下界≤0 ✗
  按局   95% CI（400/400 次有效）：头 [0.517, 0.649]  策略 [0.475, 0.643]  差 [-0.048, +0.177]  下界≤0 ✗
  ⚠ 只有 4 局：按局的区间很粗（重采样取值组合有限）

判据：头−策略 的 95% 区间下界 > 0（按状态与按局都成立）⇒ 头的局面级排序优于策略

[bootstrap 完成]
