[2026-09-13 15:39:43 UTC] start sanity_ppo_v6_ckpt30 rl/runs/bc/ckpt_30.pt 8x30
[2026-09-13 15:41:01 UTC] done  sanity_ppo_v6_ckpt30 8x30 rc=0 78s
[2026-09-13 15:41:01 UTC] start bc_ep100 rl/runs/bc_cont/ep100.pt 8x60
[2026-09-13 15:43:20 UTC] done  bc_ep100 8x60 rc=0 139s
[2026-09-13 15:43:20 UTC] start v10_ckpt5 rl/runs/ppo_v10/ckpt_5.pt 8x60
[2026-09-13 15:47:41 UTC] done  v10_ckpt5 8x60 rc=0 261s
[2026-09-13 15:47:41 UTC] start v10_ckpt35 rl/runs/ppo_v10/ckpt_35.pt 8x60
[2026-09-13 15:52:12 UTC] done  v10_ckpt35 8x60 rc=0 271s
[2026-09-13 15:52:12 UTC] start bc_ep100 rl/runs/bc_cont/ep100.pt 8x200
[2026-09-13 15:53:57 UTC] queue1 stopped (reordered; bc_ep100 8x200 partial discarded)
[2026-09-13 15:54:29 UTC] start ratio_drift_ckpt5_to_35_2x200 experiments/probe_ratio_drift.py rl/runs/ppo_v10/ckpt_5.pt rl/runs/ppo_v10/ckpt_35.pt 2 200 960 32
[2026-09-13 16:00:36 UTC] done  ratio_drift_ckpt5_to_35_2x200 rc=0 367s
[2026-09-13 16:00:36 UTC] start ratio_s0_ckpt35_2x200 experiments/probe_ratio_drift.py rl/runs/ppo_v10/ckpt_35.pt - 2 200 960 32
[2026-09-13 16:02:40 UTC] done  ratio_s0_ckpt35_2x200 rc=0 124s
[2026-09-13 16:02:40 UTC] start validity_bc_ep100_8x200 experiments/probe_validity.py rl/runs/bc_cont/ep100.pt 8 200
[2026-09-13 16:12:37 UTC] done  validity_bc_ep100_8x200 rc=0 597s
[2026-09-13 16:12:37 UTC] start validity_v10_ckpt5_8x200 experiments/probe_validity.py rl/runs/ppo_v10/ckpt_5.pt 8 200
[2026-09-13 16:31:09 UTC] done  validity_v10_ckpt5_8x200 rc=0 1112s
[2026-09-13 16:31:09 UTC] start validity_v10_ckpt35_8x200 experiments/probe_validity.py rl/runs/ppo_v10/ckpt_35.pt 8 200
[2026-09-13 16:39:55 UTC] rl_teacher (waiting, never started) replaced by queue3
[2026-09-13 16:50:15 UTC] done  validity_v10_ckpt35_8x200 rc=0 1146s
[2026-09-13 16:50:15 UTC] queue2 finished
[2026-09-13 16:50:25 UTC] start gradnoise_bc_ep100_12x200 experiments/probe_grad_noise.py rl/runs/bc_cont/ep100.pt rl/runs/ppo_v10/ckpt_5.pt 12 200 100
[2026-09-13 17:39:49 UTC] done  gradnoise_bc_ep100_12x200 rc=0 2964s
[2026-09-13 17:39:49 UTC] start gradnoise_v10_ckpt5_12x200 experiments/probe_grad_noise.py rl/runs/ppo_v10/ckpt_5.pt rl/runs/ppo_v10/ckpt_5.pt 12 200 100
[2026-09-13 18:27:57 UTC] done  gradnoise_v10_ckpt5_12x200 rc=0 2888s
[2026-09-13 18:27:57 UTC] start teacher_ceiling_4x70 experiments/probe_teacher_ceiling.py 4 70
[2026-09-13 18:27:58 UTC] done  teacher_ceiling_4x70 rc=0 1s
[2026-09-13 18:27:58 UTC] start teacher_ceiling_4x200 experiments/probe_teacher_ceiling.py 4 200
[2026-09-13 18:28:01 UTC] done  teacher_ceiling_4x200 rc=0 3s
[2026-09-13 18:28:01 UTC] queue3 finished
[2026-09-13 18:31:57 UTC] start trunk_linear_4x200 (tmux rl_lin)
