驱动 rl/runs/ppo_v10/ckpt_5.pt；被测 ['RANDOM', 'rl/runs/bc_cont/ep100.pt', 'rl/runs/ppo_v10/ckpt_5.pt', 'rl/runs/ppo_v10/ckpt_35.pt']
4 局 × 200 回合，每 97 步取状态、每局最多 20 个；图 900000+

  局0 步48 回合7：候选 161，可执行 72.0%  （2s）
  局0 步145 回合20：候选 152，可执行 53.9%  （6s）
  局0 步242 回合34：候选 162，可执行 56.8%  （10s）
  局0 步339 回合47：候选 163，可执行 66.3%  （14s）
  局0 步436 回合59：候选 182，可执行 58.2%  （18s）
  局0 步533 回合70：候选 195，可执行 57.9%  （22s）
  局0 步630 回合82：候选 202，可执行 73.3%  （26s）
  局0 步727 回合93：候选 233，可执行 50.6%  （30s）
  局0 步824 回合103：候选 253，可执行 46.2%  （34s）
  局0 步921 回合113：候选 253，可执行 50.6%  （38s）
  局0 步1018 回合123：候选 241，可执行 69.3%  （43s）
  局0 步1115 回合132：候选 268，可执行 62.7%  （47s）
  局0 步1212 回合139：候选 285，可执行 54.0%  （52s）
  局0 步1309 回合147：候选 301，可执行 47.2%  （56s）
  局0 步1406 回合154：候选 297，可执行 66.7%  （61s）
  局0 步1503 回合160：候选 304，可执行 38.5%  （65s）
  局0 步1600 回合166：候选 336，可执行 53.6%  （70s）
  局0 步1697 回合172：候选 364，可执行 74.7%  （75s）
  局0 步1794 回合177：候选 365，可执行 67.7%  （80s）
  局0 步1891 回合183：候选 371，可执行 44.7%  （85s）
  局1 步48 回合7：候选 165，可执行 37.0%  （100s）
  局1 步145 回合20：候选 165，可执行 46.1%  （104s）
  局1 步242 回合33：候选 198，可执行 42.4%  （108s）
  局1 步339 回合45：候选 189，可执行 32.8%  （112s）
  局1 步436 回合57：候选 189，可执行 27.0%  （116s）
  局1 步533 回合70：候选 208，可执行 24.0%  （120s）
  局1 步630 回合82：候选 187，可执行 28.3%  （124s）
  局1 步727 回合95：候选 204，可执行 46.1%  （128s）
  局1 步824 回合108：候选 205，可执行 44.9%  （132s）
  局1 步921 回合119：候选 211，可执行 49.8%  （136s）
  局1 步1018 回合131：候选 194，可执行 51.0%  （141s）
  局1 步1115 回合143：候选 248，可执行 48.0%  （145s）
  局1 步1212 回合155：候选 260，可执行 68.1%  （150s）
  局1 步1309 回合166：候选 245，可执行 44.9%  （154s）
  局1 步1406 回合177：候选 264，可执行 45.1%  （158s）
  局1 步1503 回合187：候选 278，可执行 38.5%  （163s）
  局1 步1600 回合198：候选 269，可执行 38.7%  （167s）
  局2 步48 回合7：候选 164，可执行 40.2%  （170s）
  局2 步145 回合19：候选 164，可执行 32.9%  （174s）
  局2 步242 回合32：候选 172，可执行 52.3%  （178s）
  局2 步339 回合44：候选 163，可执行 41.1%  （182s）
  局2 步436 回合56：候选 163，可执行 46.6%  （186s）
  局2 步533 回合68：候选 185，可执行 53.5%  （190s）
  局2 步630 回合79：候选 183，可执行 51.4%  （194s）
  局2 步727 回合90：候选 171，可执行 38.6%  （198s）
  局2 步824 回合101：候选 200，可执行 70.0%  （202s）
  局2 步921 回合111：候选 206，可执行 63.1%  （207s）
  局2 步1018 回合121：候选 212，可执行 58.0%  （211s）
  局2 步1115 回合132：候选 211，可执行 53.6%  （215s）
  局2 步1212 回合142：候选 235，可执行 57.9%  （219s）
  局2 步1309 回合151：候选 264，可执行 56.8%  （224s）
  局2 步1406 回合159：候选 283，可执行 59.0%  （228s）
  局2 步1503 回合167：候选 281，可执行 75.8%  （233s）
  局2 步1600 回合174：候选 299，可执行 47.5%  （238s）
  局2 步1697 回合180：候选 296，可执行 49.3%  （242s）
  局2 步1794 回合187：候选 335，可执行 63.3%  （247s）
  局2 步1891 回合193：候选 315，可执行 39.4%  （252s）
  局3 步48 回合6：候选 150，可执行 26.7%  （258s）
  局3 步145 回合22：候选 159，可执行 54.1%  （262s）
  局3 步242 回合36：候选 151，可执行 62.9%  （266s）
  局3 步339 回合51：候选 162，可执行 63.6%  （270s）
  局3 步436 回合66：候选 177，可执行 52.0%  （274s）
  局3 步533 回合79：候选 177，可执行 63.8%  （278s）
  局3 步630 回合90：候选 189，可执行 50.8%  （282s）
  局3 步727 回合102：候选 197，可执行 52.8%  （286s）
  局3 步824 回合113：候选 201，可执行 44.3%  （290s）
  局3 步921 回合125：候选 210，可执行 33.3%  （294s）
  局3 步1018 回合136：候选 222，可执行 55.0%  （299s）
  局3 步1115 回合146：候选 239，可执行 48.1%  （303s）
  局3 步1212 回合156：候选 248，可执行 62.5%  （307s）
  局3 步1309 回合166：候选 272，可执行 40.1%  （312s）
  局3 步1406 回合174：候选 310，可执行 61.9%  （317s）
  局3 步1503 回合181：候选 285，可执行 39.6%  （321s）
  局3 步1600 回合188：候选 323，可执行 74.6%  （326s）
  局3 步1697 回合195：候选 324，可执行 75.6%  （331s）

共 17265 个候选 / 75 个状态，基准可执行率 52.6%  （335s）
  拟合完 RANDOM  （335s）
  拟合完 rl/runs/bc_cont/ep100.pt  （336s）
  拟合完 rl/runs/ppo_v10/ckpt_5.pt  （336s）
  拟合完 rl/runs/ppo_v10/ckpt_35.pt  （337s）

=== 全部：17265 个候选 / 75 个状态 ===
  主干                            分数                  状态内同种类          同候选跨状态(同局)
  RANDOM                        线性探针                 0.935               0.554
  RANDOM                        策略 logits            0.442               0.534
  rl/runs/bc_cont/ep100.pt      线性探针                 0.923               0.758
  rl/runs/bc_cont/ep100.pt      策略 logits            0.583               0.499
  rl/runs/ppo_v10/ckpt_5.pt     线性探针                 0.924               0.765
  rl/runs/ppo_v10/ckpt_5.pt     自带头                  0.526               0.415
  rl/runs/ppo_v10/ckpt_5.pt     策略 logits            0.588               0.494
  rl/runs/ppo_v10/ckpt_35.pt    线性探针                 0.919               0.725
  rl/runs/ppo_v10/ckpt_35.pt    自带头                  0.725               0.564
  rl/runs/ppo_v10/ckpt_35.pt    策略 logits            0.600               0.493

=== 回合 < 70：3536 个候选 / 21 个状态 ===
  主干                            分数                  状态内同种类          同候选跨状态(同局)
  RANDOM                        线性探针                 0.912               0.428
  RANDOM                        策略 logits            0.505               0.588
  rl/runs/bc_cont/ep100.pt      线性探针                 0.912               0.789
  rl/runs/bc_cont/ep100.pt      策略 logits            0.688               0.494
  rl/runs/ppo_v10/ckpt_5.pt     线性探针                 0.911               0.776
  rl/runs/ppo_v10/ckpt_5.pt     自带头                  0.474               0.708
  rl/runs/ppo_v10/ckpt_5.pt     策略 logits            0.686               0.509
  rl/runs/ppo_v10/ckpt_35.pt    线性探针                 0.916               0.721
  rl/runs/ppo_v10/ckpt_35.pt    自带头                  0.764               0.635
  rl/runs/ppo_v10/ckpt_35.pt    策略 logits            0.673               0.653

=== 回合 ≥ 70：13729 个候选 / 54 个状态 ===
  主干                            分数                  状态内同种类          同候选跨状态(同局)
  RANDOM                        线性探针                 0.940               0.567
  RANDOM                        策略 logits            0.427               0.498
  rl/runs/bc_cont/ep100.pt      线性探针                 0.926               0.758
  rl/runs/bc_cont/ep100.pt      策略 logits            0.556               0.504
  rl/runs/ppo_v10/ckpt_5.pt     线性探针                 0.927               0.767
  rl/runs/ppo_v10/ckpt_5.pt     自带头                  0.540               0.381
  rl/runs/ppo_v10/ckpt_5.pt     策略 logits            0.563               0.492
  rl/runs/ppo_v10/ckpt_35.pt    线性探针                 0.920               0.732
  rl/runs/ppo_v10/ckpt_35.pt    自带头                  0.715               0.572
  rl/runs/ppo_v10/ckpt_35.pt    策略 logits            0.582               0.453

判据：BC 探针−RANDOM ≤+0.03 ⇒ BC 主干无超出随机特征的信息；ckpt_5 探针−BC 探针 ≥+0.05 ⇒ 训练把主干推向可执行性；自带头 ≈ 新拟合探针(±0.03) ⇒ 头已接近最优线性读出
（总耗时 337s）
[exit 0]
