老师 = v8（expand_rule_v8）  视野(HORIZON)=90（= 每局 70 + 20）  每局 70 回合 × 40 局  每局 250 梯度步  缓冲 40000
局 1/40  样本 445(缓冲 445)  老师消费 5,267  未匹配 1  loss 2.309  vf 3.038  命中 训练52.8%/验证nan%  真命中(扣end_turn) 训练44.8%/验证nan%  梯度步 250  累计 209s
局 2/40  样本 442(缓冲 887)  老师消费 4,340  未匹配 1  loss 1.978  vf 1.328  命中 训练53.7%/验证nan%  真命中(扣end_turn) 训练49.1%/验证nan%  梯度步 500  累计 419s
局 3/40  样本 504(缓冲 1391)  老师消费 4,773  未匹配 3  loss 1.845  vf 0.995  命中 训练41.5%/验证nan%  真命中(扣end_turn) 训练39.3%/验证nan%  梯度步 750  累计 651s
局 4/40  样本 373(缓冲 1764)  老师消费 3,328  未匹配 0  loss 1.628  vf 0.760  命中 训练50.5%/验证nan%  真命中(扣end_turn) 训练42.5%/验证nan%  梯度步 1000  累计 910s
局 5/40  样本 453(缓冲 2217)  老师消费 5,260  未匹配 0  loss 1.598  vf 0.600  命中 训练48.3%/验证nan%  真命中(扣end_turn) 训练43.1%/验证nan%  梯度步 1250  累计 1169s
局 6/40  样本 340(缓冲 2217)  老师消费 2,971  未匹配 1  loss 1.375  vf 0.445  命中 训练54.0%/验证14.1%  真命中(扣end_turn) 训练44.7%/验证13.3%  梯度步 1500  累计 1428s
局 7/40  样本 443(缓冲 2660)  老师消费 3,951  未匹配 0  loss 1.329  vf 0.323  命中 训练59.7%/验证13.5%  真命中(扣end_turn) 训练55.3%/验证13.7%  梯度步 1750  累计 1700s
局 8/40  样本 454(缓冲 3114)  老师消费 3,841  未匹配 0  loss 1.276  vf 0.249  命中 训练53.3%/验证12.6%  真命中(扣end_turn) 训练46.4%/验证12.6%  梯度步 2000  累计 1971s
局 9/40  样本 427(缓冲 3541)  老师消费 4,391  未匹配 1  loss 1.215  vf 0.195  命中 训练63.2%/验证12.9%  真命中(扣end_turn) 训练59.7%/验证13.0%  梯度步 2250  累计 2243s
局 10/40  样本 384(缓冲 3925)  老师消费 3,560  未匹配 0  loss 1.190  vf 0.187  命中 训练55.5%/验证17.6%  真命中(扣end_turn) 训练48.0%/验证14.8%  梯度步 2500  累计 2511s
局 11/40  样本 341(缓冲 4266)  老师消费 3,302  未匹配 1  loss 1.183  vf 0.212  命中 训练48.8%/验证17.6%  真命中(扣end_turn) 训练44.7%/验证14.4%  梯度步 2750  累计 2778s
局 12/40  样本 426(缓冲 4266)  老师消费 4,579  未匹配 1  loss 1.079  vf 0.189  命中 训练49.0%/验证31.6%  真命中(扣end_turn) 训练37.6%/验证20.0%  梯度步 3000  累计 3047s
局 13/40  样本 493(缓冲 4759)  老师消费 4,931  未匹配 0  loss 1.109  vf 0.158  命中 训练62.5%/验证30.3%  真命中(扣end_turn) 训练56.4%/验证21.6%  梯度步 3250  累计 3315s
局 14/40  样本 464(缓冲 5223)  老师消费 5,493  未匹配 1  loss 1.085  vf 0.136  命中 训练60.3%/验证30.0%  真命中(扣end_turn) 训练54.6%/验证21.6%  梯度步 3500  累计 3581s
局 15/40  样本 455(缓冲 5678)  老师消费 5,561  未匹配 0  loss 1.048  vf 0.120  命中 训练60.7%/验证31.3%  真命中(扣end_turn) 训练54.6%/验证23.5%  梯度步 3750  累计 3846s
局 16/40  样本 394(缓冲 6072)  老师消费 3,368  未匹配 1  loss 1.053  vf 0.122  命中 训练56.7%/验证32.9%  真命中(扣end_turn) 训练49.3%/验证24.3%  梯度步 4000  累计 4108s
局 17/40  样本 394(缓冲 6466)  老师消费 2,978  未匹配 1  loss 1.082  vf 0.147  命中 训练55.0%/验证33.7%  真命中(扣end_turn) 训练45.8%/验证23.5%  梯度步 4250  累计 4371s
局 18/40  样本 443(缓冲 6466)  老师消费 4,710  未匹配 0  loss 0.974  vf 0.127  命中 训练54.3%/验证33.1%  真命中(扣end_turn) 训练57.0%/验证27.0%  梯度步 4500  累计 4636s
局 19/40  样本 416(缓冲 6882)  老师消费 4,082  未匹配 2  loss 1.011  vf 0.115  命中 训练54.2%/验证30.9%  真命中(扣end_turn) 训练45.7%/验证21.2%  梯度步 4750  累计 4906s
局 20/40  样本 429(缓冲 7311)  老师消费 4,485  未匹配 1  loss 1.001  vf 0.105  命中 训练57.8%/验证35.9%  真命中(扣end_turn) 训练51.1%/验证26.2%  梯度步 5000  累计 5174s
局 21/40  样本 402(缓冲 7713)  学生消费 5,210  未匹配 73  loss 1.048  vf 0.091  命中 训练41.5%/验证34.0%  真命中(扣end_turn) 训练41.3%/验证25.2%  梯度步 5250  累计 5451s
局 22/40  样本 444(缓冲 8157)  学生消费 2,214  未匹配 164  loss 1.102  vf 0.186  命中 训练29.2%/验证34.1%  真命中(扣end_turn) 训练30.3%/验证22.5%  梯度步 5500  累计 5741s
局 23/40  样本 346(缓冲 8503)  学生消费 1,959  未匹配 46  loss 1.051  vf 0.132  命中 训练43.3%/验证34.7%  真命中(扣end_turn) 训练37.9%/验证27.0%  梯度步 5750  累计 6012s
局 24/40  样本 310(缓冲 8503)  学生消费 2,019  未匹配 154  loss 0.964  vf 0.106  命中 训练60.7%/验证31.7%  真命中(扣end_turn) 训练57.8%/验证22.8%  梯度步 6000  累计 6282s
局 25/40  样本 356(缓冲 8859)  学生消费 2,089  未匹配 60  loss 0.976  vf 0.133  命中 训练53.7%/验证34.2%  真命中(扣end_turn) 训练51.7%/验证26.4%  梯度步 6250  累计 6552s
局 26/40  样本 342(缓冲 9201)  学生消费 2,808  未匹配 36  loss 0.951  vf 0.126  命中 训练54.8%/验证36.7%  真命中(扣end_turn) 训练53.5%/验证31.1%  梯度步 6500  累计 6823s
局 27/40  样本 403(缓冲 9604)  学生消费 2,153  未匹配 58  loss 0.929  vf 0.139  命中 训练57.3%/验证39.4%  真命中(扣end_turn) 训练56.9%/验证32.1%  梯度步 6750  累计 7094s
局 28/40  样本 360(缓冲 9964)  学生消费 3,217  未匹配 162  loss 0.920  vf 0.135  命中 训练64.2%/验证38.0%  真命中(扣end_turn) 训练62.6%/验证28.8%  梯度步 7000  累计 7364s
局 29/40  样本 384(缓冲 10348)  学生消费 2,728  未匹配 121  loss 0.898  vf 0.168  命中 训练56.3%/验证37.2%  真命中(扣end_turn) 训练50.5%/验证26.8%  梯度步 7250  累计 7635s
局 30/40  样本 369(缓冲 10348)  学生消费 3,488  未匹配 118  loss 0.864  vf 0.157  命中 训练60.3%/验证37.3%  真命中(扣end_turn) 训练58.3%/验证31.0%  梯度步 7500  累计 7904s
局 31/40  样本 301(缓冲 10649)  学生消费 2,977  未匹配 107  loss 0.848  vf 0.175  命中 训练65.5%/验证34.5%  真命中(扣end_turn) 训练63.9%/验证29.4%  梯度步 7750  累计 8172s
局 32/40  样本 341(缓冲 10990)  学生消费 4,634  未匹配 56  loss 0.855  vf 0.172  命中 训练55.8%/验证33.9%  真命中(扣end_turn) 训练54.4%/验证27.2%  梯度步 8000  累计 8438s
局 33/40  样本 341(缓冲 11331)  学生消费 4,445  未匹配 76  loss 0.844  vf 0.165  命中 训练49.7%/验证34.2%  真命中(扣end_turn) 训练49.2%/验证29.4%  梯度步 8250  累计 8704s
局 34/40  样本 434(缓冲 11765)  学生消费 3,250  未匹配 41  loss 0.837  vf 0.180  命中 训练60.2%/验证34.8%  真命中(扣end_turn) 训练57.3%/验证29.9%  梯度步 8500  累计 8971s
局 35/40  样本 394(缓冲 12159)  学生消费 2,602  未匹配 81  loss 0.817  vf 0.176  命中 训练70.8%/验证35.0%  真命中(扣end_turn) 训练67.5%/验证30.0%  梯度步 8750  累计 9239s
局 36/40  样本 325(缓冲 12159)  学生消费 2,000  未匹配 64  loss 0.798  vf 0.168  命中 训练75.8%/验证31.3%  真命中(扣end_turn) 训练73.4%/验证26.6%  梯度步 9000  累计 9502s
局 37/40  样本 373(缓冲 12532)  学生消费 2,589  未匹配 85  loss 0.787  vf 0.168  命中 训练74.2%/验证32.3%  真命中(扣end_turn) 训练72.8%/验证27.8%  梯度步 9250  累计 9767s
局 38/40  样本 364(缓冲 12896)  学生消费 3,169  未匹配 86  loss 0.782  vf 0.166  命中 训练67.7%/验证33.4%  真命中(扣end_turn) 训练66.7%/验证28.8%  梯度步 9500  累计 10033s
局 39/40  样本 335(缓冲 13231)  学生消费 3,197  未匹配 46  loss 0.778  vf 0.179  命中 训练57.8%/验证31.9%  真命中(扣end_turn) 训练57.1%/验证27.3%  梯度步 9750  累计 10294s
局 40/40  样本 390(缓冲 13621)  学生消费 3,516  未匹配 40  loss 0.810  vf 0.172  命中 训练45.3%/验证32.5%  真命中(扣end_turn) 训练42.4%/验证27.3%  梯度步 10000  累计 10558s

BC 完成：15834 个样本 · 10000 梯度步 → rl/runs/bc_v2/last.pt
