老师 = v8（expand_rule_v8）  视野(HORIZON)=90（= 每局 70 + 20）  每局 70 回合 × 40 局  每局 250 梯度步  缓冲 40000
局 1/40  样本 473(缓冲 473)  老师消费 4,905  未匹配 2  loss 2.519  vf 2.347  命中 训练51.8%/验证nan%  真命中(扣end_turn) 训练44.4%/验证nan%  梯度步 250  累计 238s
局 2/40  样本 484(缓冲 957)  老师消费 3,824  未匹配 2  loss 2.062  vf 1.181  命中 训练49.3%/验证nan%  真命中(扣end_turn) 训练41.2%/验证nan%  梯度步 500  累计 495s
局 3/40  样本 525(缓冲 1482)  老师消费 4,929  未匹配 1  loss 2.012  vf 0.976  命中 训练37.8%/验证nan%  真命中(扣end_turn) 训练31.5%/验证nan%  梯度步 750  累计 753s
局 4/40  样本 430(缓冲 1912)  老师消费 3,182  未匹配 1  loss 1.758  vf 0.739  命中 训练48.3%/验证nan%  真命中(扣end_turn) 训练47.3%/验证nan%  梯度步 1000  累计 1009s
局 5/40  样本 485(缓冲 2397)  老师消费 4,894  未匹配 2  loss 1.719  vf 0.536  命中 训练46.5%/验证nan%  真命中(扣end_turn) 训练42.6%/验证nan%  梯度步 1250  累计 1261s
局 6/40  样本 389(缓冲 2397)  老师消费 3,013  未匹配 0  loss 1.526  vf 0.377  命中 训练51.5%/验证21.1%  真命中(扣end_turn) 训练46.7%/验证22.9%  梯度步 1500  累计 1514s
局 7/40  样本 494(缓冲 2891)  老师消费 3,397  未匹配 0  loss 1.536  vf 0.275  命中 训练55.3%/验证19.3%  真命中(扣end_turn) 训练50.7%/验证20.4%  梯度步 1750  累计 1769s
局 8/40  样本 517(缓冲 3408)  老师消费 3,579  未匹配 1  loss 1.526  vf 0.214  命中 训练50.0%/验证21.1%  真命中(扣end_turn) 训练51.4%/验证23.2%  梯度步 2000  累计 2020s
局 9/40  样本 427(缓冲 3835)  老师消费 4,130  未匹配 1  loss 1.452  vf 0.181  命中 训练52.0%/验证22.1%  真命中(扣end_turn) 训练46.0%/验证24.1%  梯度步 2250  累计 2269s
局 10/40  样本 443(缓冲 4278)  老师消费 3,318  未匹配 0  loss 1.395  vf 0.166  命中 训练51.8%/验证20.3%  真命中(扣end_turn) 训练52.7%/验证22.3%  梯度步 2500  累计 2518s
局 11/40  样本 403(缓冲 4681)  老师消费 3,269  未匹配 1  loss 1.322  vf 0.158  命中 训练61.8%/验证12.1%  真命中(扣end_turn) 训练59.3%/验证12.9%  梯度步 2750  累计 2765s
局 12/40  样本 437(缓冲 4681)  老师消费 4,486  未匹配 2  loss 1.181  vf 0.138  命中 训练65.2%/验证23.8%  真命中(扣end_turn) 训练62.1%/验证21.1%  梯度步 3000  累计 3012s
局 13/40  样本 515(缓冲 5196)  老师消费 4,779  未匹配 1  loss 1.227  vf 0.120  命中 训练54.3%/验证21.4%  真命中(扣end_turn) 训练50.7%/验证19.4%  梯度步 3250  累计 3262s
局 14/40  样本 511(缓冲 5707)  老师消费 5,383  未匹配 3  loss 1.243  vf 0.113  命中 训练52.0%/验证22.3%  真命中(扣end_turn) 训练45.2%/验证18.2%  梯度步 3500  累计 3513s
局 15/40  样本 496(缓冲 6203)  老师消费 5,528  未匹配 0  loss 1.204  vf 0.108  命中 训练58.7%/验证24.7%  真命中(扣end_turn) 训练54.9%/验证22.3%  梯度步 3750  累计 3761s
局 16/40  样本 492(缓冲 6695)  老师消费 3,230  未匹配 1  loss 1.162  vf 0.102  命中 训练57.7%/验证22.0%  真命中(扣end_turn) 训练52.5%/验证19.4%  梯度步 4000  累计 4008s
局 17/40  样本 421(缓冲 7116)  老师消费 3,062  未匹配 2  loss 1.221  vf 0.131  命中 训练46.3%/验证27.7%  真命中(扣end_turn) 训练39.9%/验证24.1%  梯度步 4250  累计 4262s
局 18/40  样本 436(缓冲 7116)  老师消费 4,629  未匹配 1  loss 1.097  vf 0.110  命中 训练51.7%/验证29.4%  真命中(扣end_turn) 训练48.3%/验证24.4%  梯度步 4500  累计 4516s
局 19/40  样本 467(缓冲 7583)  老师消费 3,393  未匹配 1  loss 1.116  vf 0.098  命中 训练47.5%/验证27.7%  真命中(扣end_turn) 训练43.8%/验证23.2%  梯度步 4750  累计 4778s
局 20/40  样本 435(缓冲 8018)  老师消费 4,465  未匹配 3  loss 1.110  vf 0.088  命中 训练50.3%/验证29.6%  真命中(扣end_turn) 训练46.3%/验证26.2%  梯度步 5000  累计 5030s
局 21/40  样本 245(缓冲 8263)  学生消费 931  未匹配 280  loss 1.048  vf 0.254  命中 训练61.2%/验证30.7%  真命中(扣end_turn) 训练54.6%/验证25.0%  梯度步 5250  累计 5323s
局 22/40  样本 358(缓冲 8621)  学生消费 3,177  未匹配 72  loss 1.030  vf 0.213  命中 训练61.7%/验证33.7%  真命中(扣end_turn) 训练56.5%/验证26.4%  梯度步 5500  累计 5623s
局 23/40  样本 302(缓冲 8923)  学生消费 2,080  未匹配 83  loss 1.012  vf 0.172  命中 训练48.7%/验证28.5%  真命中(扣end_turn) 训练53.6%/验证24.3%  梯度步 5750  累计 5880s
局 24/40  样本 314(缓冲 8923)  学生消费 3,215  未匹配 27  loss 0.956  vf 0.154  命中 训练69.5%/验证27.7%  真命中(扣end_turn) 训练66.7%/验证22.6%  梯度步 6000  累计 6220s
