批次自动 = 32（net=tf）
★P4 主干（WindowTransformer）：d_model=192 4 层 4 头，2,259,459 参数；窗口 360 token / 亮 71；**无 CNN**（候选只带相对落点去 attend）；batch=32 激活粗估 ≈478 MB（ECS 可用 3.3 GB，超了就换页——换页看着像慢，不像崩）
设备：cuda（Tesla P4，7.9 GiB）
老师 = v11plus（ruleai.v11plus.entry）  视野 = 每局回合数 + 20（本局 50 ⇒ 70）  每局 50 回合 × 1000 局  每局 250 梯度步  缓冲 40000
★块调度：每 3 局换一张图（共约 333 张）—— 块内前 2 局纯 BC（50 回合）、其余 1 局 DAgger（80 回合）；每 6 **块**留出 1 整块当验证集
  ⚠ --episodes 1000 不是 --block 3 的整数倍，最后一块只有 1 局
★地图池：rl/maps/early_start_pool.json（802 张）⇒ 训练图不再按 `块号×7919` 取，改成**按块顺序取池子**（块 k 用池子第 k % 802 个）
[图1.1·BC] 局 1/1000  样本 351(缓冲 351)  老师消费 2,855  未匹配 8  loss 3.155  vf 0.617  命中(每 5 局量一次，本局跳过)  梯度步 250  累计 55s
[图1.2·BC] 局 2/1000  样本 351(缓冲 702)  老师消费 2,855  未匹配 8  loss 2.552  vf 0.126  命中(每 5 局量一次，本局跳过)  梯度步 500  累计 109s
[图1.3·DAgger] 局 3/1000  样本 170(缓冲 872)  学生消费 1,591  未匹配 5  loss 2.682  vf 0.401  命中(每 5 局量一次，本局跳过)  梯度步 750  累计 164s
[图2.1·BC] 局 4/1000  样本 307(缓冲 1179)  老师消费 2,788  未匹配 11  loss 2.808  vf 0.161  命中(每 5 局量一次，本局跳过)  梯度步 1000  累计 217s
[图2.2·BC] 局 5/1000  样本 307(缓冲 1486)  老师消费 2,788  未匹配 11  loss 2.546  vf 0.140  命中 训练22.5%/验证nan%  真命中(扣end_turn) 训练18.8%/验证nan%  梯度步 1250  累计 272s
[图2.3·DAgger] 局 6/1000  样本 301(缓冲 1787)  学生消费 2,229  未匹配 16  loss 2.765  vf 0.207  命中(每 5 局量一次，本局跳过)  梯度步 1500  累计 353s
[图3.1·BC] 局 7/1000  样本 310(缓冲 2097)  老师消费 2,649  未匹配 9  loss 2.662  vf 0.137  命中(每 5 局量一次，本局跳过)  梯度步 1750  累计 407s
[图3.2·BC] 局 8/1000  样本 310(缓冲 2407)  老师消费 2,649  未匹配 9  loss 2.480  vf 0.102  命中(每 5 局量一次，本局跳过)  梯度步 2000  累计 460s
[图3.3·DAgger] 局 9/1000  样本 125(缓冲 2532)  学生消费 1,785  未匹配 9  loss 2.410  vf 0.113  命中(每 5 局量一次，本局跳过)  梯度步 2250  累计 514s
[图4.1·BC] 局 10/1000  样本 248(缓冲 2780)  老师消费 2,404  未匹配 11  loss 2.402  vf 0.111  命中 训练31.2%/验证nan%  真命中(扣end_turn) 训练21.0%/验证nan%  梯度步 2500  累计 569s
[图4.2·BC] 局 11/1000  样本 248(缓冲 3028)  老师消费 2,404  未匹配 11  loss 2.286  vf 0.101  命中(每 5 局量一次，本局跳过)  梯度步 2750  累计 622s
[图4.3·DAgger] 局 12/1000  样本 253(缓冲 3281)  学生消费 1,660  未匹配 19  loss 2.385  vf 0.128  命中(每 5 局量一次，本局跳过)  梯度步 3000  累计 678s
[图5.1·BC] 局 13/1000  样本 292(缓冲 3573)  老师消费 2,843  未匹配 12  loss 2.409  vf 0.116  命中(每 5 局量一次，本局跳过)  梯度步 3250  累计 731s
[图5.2·BC] 局 14/1000  样本 292(缓冲 3865)  老师消费 2,843  未匹配 12  loss 2.319  vf 0.108  命中(每 5 局量一次，本局跳过)  梯度步 3500  累计 784s
[图5.3·DAgger] 局 15/1000  样本 258(缓冲 4123)  学生消费 2,278  未匹配 27  loss 2.323  vf 0.127  命中 训练24.0%/验证nan%  真命中(扣end_turn) 训练17.5%/验证nan%  梯度步 3750  累计 844s
[图6.1·BC] 局 16/1000  样本 288(缓冲 4123)  老师消费 2,802  未匹配 11  loss 2.315  vf 0.119  命中(每 5 局量一次，本局跳过)  梯度步 4000  累计 897s
[图6.2·BC] 局 17/1000  样本 288(缓冲 4123)  老师消费 2,802  未匹配 11  loss 2.232  vf 0.114  命中(每 5 局量一次，本局跳过)  梯度步 4250  累计 949s
[图6.3·DAgger] 局 18/1000  样本 325(缓冲 4123)  学生消费 1,915  未匹配 9  loss 2.187  vf 0.104  命中(每 5 局量一次，本局跳过)  梯度步 4500  累计 1009s
[图7.1·BC] 局 19/1000  样本 332(缓冲 4455)  老师消费 2,982  未匹配 14  loss 2.251  vf 0.120  命中(每 5 局量一次，本局跳过)  梯度步 4750  累计 1062s
[图7.2·BC] 局 20/1000  样本 332(缓冲 4787)  老师消费 2,982  未匹配 14  loss 2.153  vf 0.105  命中 训练28.5%/验证18.3%  真命中(扣end_turn) 训练19.3%/验证8.3%  梯度步 5000  累计 1120s
[图7.3·DAgger] 局 21/1000  样本 259(缓冲 5046)  学生消费 1,753  未匹配 7  loss 2.190  vf 0.106  命中(每 5 局量一次，本局跳过)  梯度步 5250  累计 1179s
[图8.1·BC] 局 22/1000  样本 272(缓冲 5318)  老师消费 2,873  未匹配 11  loss 2.203  vf 0.108  命中(每 5 局量一次，本局跳过)  梯度步 5500  累计 1233s
[图8.2·BC] 局 23/1000  样本 272(缓冲 5590)  老师消费 2,873  未匹配 11  loss 2.148  vf 0.095  命中(每 5 局量一次，本局跳过)  梯度步 5750  累计 1286s
[图8.3·DAgger] 局 24/1000  样本 315(缓冲 5905)  学生消费 1,721  未匹配 10  loss 2.109  vf 0.095  命中(每 5 局量一次，本局跳过)  梯度步 6000  累计 1344s
[图9.1·BC] 局 25/1000  样本 275(缓冲 6180)  老师消费 2,761  未匹配 12  loss 2.148  vf 0.088  命中 训练31.7%/验证20.9%  真命中(扣end_turn) 训练26.2%/验证13.7%  梯度步 6250  累计 1401s
[图9.2·BC] 局 26/1000  样本 275(缓冲 6455)  老师消费 2,761  未匹配 12  loss 2.101  vf 0.093  命中(每 5 局量一次，本局跳过)  梯度步 6500  累计 1453s
[图9.3·DAgger] 局 27/1000  样本 372(缓冲 6827)  学生消费 2,472  未匹配 48  loss 2.148  vf 0.087  命中(每 5 局量一次，本局跳过)  梯度步 6750  累计 1513s
[图10.1·BC] 局 28/1000  样本 263(缓冲 7090)  老师消费 2,540  未匹配 12  loss 2.155  vf 0.093  命中(每 5 局量一次，本局跳过)  梯度步 7000  累计 1565s
[图10.2·BC] 局 29/1000  样本 263(缓冲 7353)  老师消费 2,540  未匹配 12  loss 2.091  vf 0.079  命中(每 5 局量一次，本局跳过)  梯度步 7250  累计 1618s
[图10.3·DAgger] 局 30/1000  样本 287(缓冲 7640)  学生消费 2,115  未匹配 7  loss 2.115  vf 0.082  命中 训练33.5%/验证24.9%  真命中(扣end_turn) 训练26.0%/验证17.6%  梯度步 7500  累计 1679s
[图11.1·BC] 局 31/1000  样本 355(缓冲 7995)  老师消费 2,885  未匹配 7  loss 2.110  vf 0.080  命中(每 5 局量一次，本局跳过)  梯度步 7750  累计 1733s
[图11.2·BC] 局 32/1000  样本 355(缓冲 8350)  老师消费 2,885  未匹配 7  loss 2.051  vf 0.076  命中(每 5 局量一次，本局跳过)  梯度步 8000  累计 1788s
[图11.3·DAgger] 局 33/1000  样本 327(缓冲 8677)  学生消费 2,368  未匹配 4  loss 2.094  vf 0.079  命中(每 5 局量一次，本局跳过)  梯度步 8250  累计 1846s
[图12.1·BC] 局 34/1000  样本 281(缓冲 8677)  老师消费 2,792  未匹配 8  loss 2.034  vf 0.085  命中(每 5 局量一次，本局跳过)  梯度步 8500  累计 1900s
[图12.2·BC] 局 35/1000  样本 281(缓冲 8677)  老师消费 2,792  未匹配 8  loss 1.997  vf 0.074  命中 训练38.3%/验证23.0%  真命中(扣end_turn) 训练33.3%/验证14.0%  梯度步 8750  累计 1961s
[图12.3·DAgger] 局 36/1000  样本 309(缓冲 8677)  学生消费 1,894  未匹配 3  loss 1.982  vf 0.080  命中(每 5 局量一次，本局跳过)  梯度步 9000  累计 2019s
[图13.1·BC] 局 37/1000  样本 298(缓冲 8975)  老师消费 2,943  未匹配 12  loss 2.001  vf 0.071  命中(每 5 局量一次，本局跳过)  梯度步 9250  累计 2073s
[图13.2·BC] 局 38/1000  样本 298(缓冲 9273)  老师消费 2,943  未匹配 12  loss 1.980  vf 0.076  命中(每 5 局量一次，本局跳过)  梯度步 9500  累计 2128s
[图13.3·DAgger] 局 39/1000  样本 325(缓冲 9598)  学生消费 2,257  未匹配 4  loss 1.989  vf 0.079  命中(每 5 局量一次，本局跳过)  梯度步 9750  累计 2188s
[图14.1·BC] 局 40/1000  样本 294(缓冲 9892)  老师消费 2,799  未匹配 6  loss 1.997  vf 0.085  命中 训练32.0%/验证29.5%  真命中(扣end_turn) 训练23.3%/验证19.6%  梯度步 10000  累计 2248s
[图14.2·BC] 局 41/1000  样本 294(缓冲 10186)  老师消费 2,799  未匹配 6  loss 1.988  vf 0.076  命中(每 5 局量一次，本局跳过)  梯度步 10250  累计 2301s
[图14.3·DAgger] 局 42/1000  样本 357(缓冲 10543)  学生消费 2,087  未匹配 9  loss 2.026  vf 0.093  命中(每 5 局量一次，本局跳过)  梯度步 10500  累计 2363s
[图15.1·BC] 局 43/1000  样本 295(缓冲 10838)  老师消费 2,935  未匹配 14  loss 2.042  vf 0.085  命中(每 5 局量一次，本局跳过)  梯度步 10750  累计 2416s
[图15.2·BC] 局 44/1000  样本 295(缓冲 11133)  老师消费 2,935  未匹配 14  loss 2.019  vf 0.078  命中(每 5 局量一次，本局跳过)  梯度步 11000  累计 2470s
[图15.3·DAgger] 局 45/1000  样本 264(缓冲 11397)  学生消费 2,790  未匹配 5  loss 2.036  vf 0.085  命中 训练32.7%/验证28.6%  真命中(扣end_turn) 训练26.5%/验证21.2%  梯度步 11250  累计 2533s
[图16.1·BC] 局 46/1000  样本 354(缓冲 11751)  老师消费 2,915  未匹配 8  loss 2.016  vf 0.074  命中(每 5 局量一次，本局跳过)  梯度步 11500  累计 2587s
[图16.2·BC] 局 47/1000  样本 354(缓冲 12105)  老师消费 2,915  未匹配 8  loss 1.966  vf 0.067  命中(每 5 局量一次，本局跳过)  梯度步 11750  累计 2641s
[图16.3·DAgger] 局 48/1000  样本 328(缓冲 12433)  学生消费 2,948  未匹配 13  loss 1.991  vf 0.078  命中(每 5 局量一次，本局跳过)  梯度步 12000  累计 2700s
[图17.1·BC] 局 49/1000  样本 282(缓冲 12715)  老师消费 2,899  未匹配 10  loss 2.041  vf 0.074  命中(每 5 局量一次，本局跳过)  梯度步 12250  累计 2754s
[图17.2·BC] 局 50/1000  样本 282(缓冲 12997)  老师消费 2,899  未匹配 10  loss 1.995  vf 0.069  命中 训练31.5%/验证30.2%  真命中(扣end_turn) 训练27.3%/验证23.0%  梯度步 12500  累计 2814s
[图17.3·DAgger] 局 51/1000  样本 280(缓冲 13277)  学生消费 1,939  未匹配 5  loss 2.003  vf 0.080  命中(每 5 局量一次，本局跳过)  梯度步 12750  累计 2871s
[图18.1·BC] 局 52/1000  样本 316(缓冲 13277)  老师消费 3,224  未匹配 10  loss 1.956  vf 0.078  命中(每 5 局量一次，本局跳过)  梯度步 13000  累计 2925s
[图18.2·BC] 局 53/1000  样本 316(缓冲 13277)  老师消费 3,224  未匹配 10  loss 1.946  vf 0.077  命中(每 5 局量一次，本局跳过)  梯度步 13250  累计 2979s
[图18.3·DAgger] 局 54/1000  样本 365(缓冲 13277)  学生消费 2,423  未匹配 38  loss 1.907  vf 0.072  命中(每 5 局量一次，本局跳过)  梯度步 13500  累计 3039s
[图19.1·BC] 局 55/1000  样本 299(缓冲 13576)  老师消费 2,943  未匹配 11  loss 1.907  vf 0.073  命中 训练33.2%/验证30.0%  真命中(扣end_turn) 训练23.9%/验证20.2%  梯度步 13750  累计 3102s
[图19.2·BC] 局 56/1000  样本 299(缓冲 13875)  老师消费 2,943  未匹配 11  loss 1.918  vf 0.065  命中(每 5 局量一次，本局跳过)  梯度步 14000  累计 3156s
[图19.3·DAgger] 局 57/1000  样本 352(缓冲 14227)  学生消费 2,498  未匹配 39  loss 1.894  vf 0.067  命中(每 5 局量一次，本局跳过)  梯度步 14250  累计 3214s
[图20.1·BC] 局 58/1000  样本 306(缓冲 14533)  老师消费 2,678  未匹配 7  loss 1.905  vf 0.063  命中(每 5 局量一次，本局跳过)  梯度步 14500  累计 3269s
[图20.2·BC] 局 59/1000  样本 306(缓冲 14839)  老师消费 2,678  未匹配 7  loss 1.895  vf 0.066  命中(每 5 局量一次，本局跳过)  梯度步 14750  累计 3323s
[图20.3·DAgger] 局 60/1000  样本 310(缓冲 15149)  学生消费 2,729  未匹配 7  loss 1.920  vf 0.066  命中 训练29.3%/验证31.1%  真命中(扣end_turn) 训练21.5%/验证22.8%  梯度步 15000  累计 3392s
[图21.1·BC] 局 61/1000  样本 305(缓冲 15454)  老师消费 3,192  未匹配 7  loss 1.883  vf 0.073  命中(每 5 局量一次，本局跳过)  梯度步 15250  累计 3447s
[图21.2·BC] 局 62/1000  样本 305(缓冲 15759)  老师消费 3,192  未匹配 7  loss 1.906  vf 0.067  命中(每 5 局量一次，本局跳过)  梯度步 15500  累计 3502s
[图21.3·DAgger] 局 63/1000  样本 388(缓冲 16147)  学生消费 2,453  未匹配 36  loss 1.912  vf 0.071  命中(每 5 局量一次，本局跳过)  梯度步 15750  累计 3563s
[图22.1·BC] 局 64/1000  样本 320(缓冲 16467)  老师消费 3,134  未匹配 8  loss 1.953  vf 0.071  命中(每 5 局量一次，本局跳过)  梯度步 16000  累计 3618s
[图22.2·BC] 局 65/1000  样本 320(缓冲 16787)  老师消费 3,134  未匹配 8  loss 1.944  vf 0.064  命中 训练30.8%/验证31.1%  真命中(扣end_turn) 训练20.4%/验证22.3%  梯度步 16250  累计 3684s
[图22.3·DAgger] 局 66/1000  样本 313(缓冲 17100)  学生消费 2,243  未匹配 9  loss 1.939  vf 0.063  命中(每 5 局量一次，本局跳过)  梯度步 16500  累计 3743s
[图23.1·BC] 局 67/1000  样本 310(缓冲 17410)  老师消费 2,670  未匹配 6  loss 1.940  vf 0.062  命中(每 5 局量一次，本局跳过)  梯度步 16750  累计 3798s
[图23.2·BC] 局 68/1000  样本 310(缓冲 17720)  老师消费 2,670  未匹配 6  loss 1.935  vf 0.067  命中(每 5 局量一次，本局跳过)  梯度步 17000  累计 3853s
[图23.3·DAgger] 局 69/1000  样本 363(缓冲 18083)  学生消费 2,257  未匹配 44  loss 1.907  vf 0.065  命中(每 5 局量一次，本局跳过)  梯度步 17250  累计 3913s
[图24.1·BC] 局 70/1000  样本 340(缓冲 18083)  老师消费 2,818  未匹配 10  loss 1.880  vf 0.061  命中 训练38.5%/验证30.9%  真命中(扣end_turn) 训练32.1%/验证22.4%  梯度步 17500  累计 3979s
[图24.2·BC] 局 71/1000  样本 340(缓冲 18083)  老师消费 2,818  未匹配 10  loss 1.852  vf 0.063  命中(每 5 局量一次，本局跳过)  梯度步 17750  累计 4034s
[图24.3·DAgger] 局 72/1000  样本 320(缓冲 18083)  学生消费 2,385  未匹配 42  loss 1.840  vf 0.058  命中(每 5 局量一次，本局跳过)  梯度步 18000  累计 4093s
[图25.1·BC] 局 73/1000  样本 302(缓冲 18385)  老师消费 2,753  未匹配 5  loss 1.849  vf 0.059  命中(每 5 局量一次，本局跳过)  梯度步 18250  累计 4148s
[图25.2·BC] 局 74/1000  样本 302(缓冲 18687)  老师消费 2,753  未匹配 5  loss 1.838  vf 0.055  命中(每 5 局量一次，本局跳过)  梯度步 18500  累计 4202s
[图25.3·DAgger] 局 75/1000  样本 297(缓冲 18984)  学生消费 3,127  未匹配 22  loss 1.841  vf 0.056  命中 训练33.2%/验证31.3%  真命中(扣end_turn) 训练26.2%/验证23.4%  梯度步 18750  累计 4271s
[图26.1·BC] 局 76/1000  样本 336(缓冲 19320)  老师消费 2,834  未匹配 9  loss 1.849  vf 0.059  命中(每 5 局量一次，本局跳过)  梯度步 19000  累计 4325s
[图26.2·BC] 局 77/1000  样本 336(缓冲 19656)  老师消费 2,834  未匹配 9  loss 1.872  vf 0.052  命中(每 5 局量一次，本局跳过)  梯度步 19250  累计 4379s
[图26.3·DAgger] 局 78/1000  样本 345(缓冲 20001)  学生消费 2,496  未匹配 20  loss 1.832  vf 0.055  命中(每 5 局量一次，本局跳过)  梯度步 19500  累计 4438s
[图27.1·BC] 局 79/1000  样本 307(缓冲 20308)  老师消费 2,868  未匹配 9  loss 1.909  vf 0.055  命中(每 5 局量一次，本局跳过)  梯度步 19750  累计 4492s
[图27.2·BC] 局 80/1000  样本 307(缓冲 20615)  老师消费 2,868  未匹配 9  loss 1.876  vf 0.058  命中 训练40.5%/验证30.9%  真命中(扣end_turn) 训练31.1%/验证24.2%  梯度步 20000  累计 4558s
[图27.3·DAgger] 局 81/1000  样本 348(缓冲 20963)  学生消费 2,691  未匹配 34  loss 1.808  vf 0.051  命中(每 5 局量一次，本局跳过)  梯度步 20250  累计 4619s
[图28.1·BC] 局 82/1000  样本 287(缓冲 21250)  老师消费 2,887  未匹配 12  loss 1.838  vf 0.050  命中(每 5 局量一次，本局跳过)  梯度步 20500  累计 4673s
[图28.2·BC] 局 83/1000  样本 287(缓冲 21537)  老师消费 2,887  未匹配 12  loss 1.819  vf 0.049  命中(每 5 局量一次，本局跳过)  梯度步 20750  累计 4727s
[图28.3·DAgger] 局 84/1000  样本 343(缓冲 21880)  学生消费 2,673  未匹配 18  loss 1.856  vf 0.048  命中(每 5 局量一次，本局跳过)  梯度步 21000  累计 4786s
[图29.1·BC] 局 85/1000  样本 337(缓冲 22217)  老师消费 2,816  未匹配 10  loss 1.833  vf 0.051  命中 训练28.7%/验证30.7%  真命中(扣end_turn) 训练22.0%/验证22.7%  梯度步 21250  累计 4851s
[图29.2·BC] 局 86/1000  样本 337(缓冲 22554)  老师消费 2,816  未匹配 10  loss 1.826  vf 0.053  命中(每 5 局量一次，本局跳过)  梯度步 21500  累计 4906s
[图29.3·DAgger] 局 87/1000  样本 362(缓冲 22916)  学生消费 2,670  未匹配 30  loss 1.872  vf 0.048  命中(每 5 局量一次，本局跳过)  梯度步 21750  累计 4966s
[图30.1·BC] 局 88/1000  样本 296(缓冲 22916)  老师消费 2,823  未匹配 12  loss 1.800  vf 0.049  命中(每 5 局量一次，本局跳过)  梯度步 22000  累计 5021s
[图30.2·BC] 局 89/1000  样本 296(缓冲 22916)  老师消费 2,823  未匹配 12  loss 1.775  vf 0.048  命中(每 5 局量一次，本局跳过)  梯度步 22250  累计 5075s
[图30.3·DAgger] 局 90/1000  样本 296(缓冲 22916)  学生消费 2,149  未匹配 12  loss 1.766  vf 0.049  命中 训练27.3%/验证33.1%  真命中(扣end_turn) 训练23.7%/验证26.7%  梯度步 22500  累计 5143s
[图31.1·BC] 局 91/1000  样本 357(缓冲 23273)  老师消费 2,790  未匹配 2  loss 1.756  vf 0.047  命中(每 5 局量一次，本局跳过)  梯度步 22750  累计 5197s
[图31.2·BC] 局 92/1000  样本 357(缓冲 23630)  老师消费 2,790  未匹配 2  loss 1.786  vf 0.047  命中(每 5 局量一次，本局跳过)  梯度步 23000  累计 5251s
[图31.3·DAgger] 局 93/1000  样本 364(缓冲 23994)  学生消费 2,905  未匹配 46  loss 1.743  vf 0.049  命中(每 5 局量一次，本局跳过)  梯度步 23250  累计 5311s
[图32.1·BC] 局 94/1000  样本 303(缓冲 24297)  老师消费 2,829  未匹配 12  loss 1.791  vf 0.047  命中(每 5 局量一次，本局跳过)  梯度步 23500  累计 5365s
[图32.2·BC] 局 95/1000  样本 303(缓冲 24600)  老师消费 2,829  未匹配 12  loss 1.764  vf 0.042  命中 训练38.5%/验证32.7%  真命中(扣end_turn) 训练31.8%/验证27.2%  梯度步 23750  累计 5430s
[图32.3·DAgger] 局 96/1000  样本 383(缓冲 24983)  学生消费 2,549  未匹配 29  loss 1.751  vf 0.050  命中(每 5 局量一次，本局跳过)  梯度步 24000  累计 5492s
[图33.1·BC] 局 97/1000  样本 301(缓冲 25284)  老师消费 2,830  未匹配 13  loss 1.753  vf 0.044  命中(每 5 局量一次，本局跳过)  梯度步 24250  累计 5547s
[图33.2·BC] 局 98/1000  样本 301(缓冲 25585)  老师消费 2,830  未匹配 13  loss 1.725  vf 0.044  命中(每 5 局量一次，本局跳过)  梯度步 24500  累计 5603s
[图33.3·DAgger] 局 99/1000  样本 317(缓冲 25902)  学生消费 2,384  未匹配 7  loss 1.732  vf 0.044  命中(每 5 局量一次，本局跳过)  梯度步 24750  累计 5662s
[图34.1·BC] 局 100/1000  样本 312(缓冲 26214)  老师消费 2,938  未匹配 9  loss 1.722  vf 0.044  命中 训练38.2%/验证33.3%  真命中(扣end_turn) 训练33.0%/验证26.7%  梯度步 25000  累计 5728s
[图34.2·BC] 局 101/1000  样本 312(缓冲 26526)  老师消费 2,938  未匹配 9  loss 1.720  vf 0.049  命中(每 5 局量一次，本局跳过)  梯度步 25250  累计 5782s
[图34.3·DAgger] 局 102/1000  样本 337(缓冲 26863)  学生消费 2,773  未匹配 43  loss 1.688  vf 0.044  命中(每 5 局量一次，本局跳过)  梯度步 25500  累计 5841s
[图35.1·BC] 局 103/1000  样本 304(缓冲 27167)  老师消费 2,872  未匹配 8  loss 1.686  vf 0.045  命中(每 5 局量一次，本局跳过)  梯度步 25750  累计 5895s
[图35.2·BC] 局 104/1000  样本 304(缓冲 27471)  老师消费 2,872  未匹配 8  loss 1.689  vf 0.046  命中(每 5 局量一次，本局跳过)  梯度步 26000  累计 5949s
[图35.3·DAgger] 局 105/1000  样本 349(缓冲 27820)  学生消费 2,559  未匹配 39  loss 1.695  vf 0.043  命中 训练33.2%/验证36.4%  真命中(扣end_turn) 训练27.9%/验证30.6%  梯度步 26250  累计 6019s
[图36.1·BC] 局 106/1000  样本 291(缓冲 27820)  老师消费 2,981  未匹配 10  loss 1.702  vf 0.046  命中(每 5 局量一次，本局跳过)  梯度步 26500  累计 6073s
[图36.2·BC] 局 107/1000  样本 291(缓冲 27820)  老师消费 2,981  未匹配 10  loss 1.711  vf 0.040  命中(每 5 局量一次，本局跳过)  梯度步 26750  累计 6127s
[图36.3·DAgger] 局 108/1000  样本 323(缓冲 27820)  学生消费 2,178  未匹配 9  loss 1.654  vf 0.044  命中(每 5 局量一次，本局跳过)  梯度步 27000  累计 6185s
[图37.1·BC] 局 109/1000  样本 260(缓冲 28080)  老师消费 2,791  未匹配 8  loss 1.636  vf 0.046  命中(每 5 局量一次，本局跳过)  梯度步 27250  累计 6239s
[图37.2·BC] 局 110/1000  样本 260(缓冲 28340)  老师消费 2,791  未匹配 8  loss 1.679  vf 0.043  命中 训练35.3%/验证35.4%  真命中(扣end_turn) 训练30.3%/验证28.8%  梯度步 27500  累计 6304s
[图37.3·DAgger] 局 111/1000  样本 306(缓冲 28646)  学生消费 2,489  未匹配 47  loss 1.672  vf 0.041  命中(每 5 局量一次，本局跳过)  梯度步 27750  累计 6363s
[图38.1·BC] 局 112/1000  样本 309(缓冲 28955)  老师消费 2,874  未匹配 8  loss 1.649  vf 0.043  命中(每 5 局量一次，本局跳过)  梯度步 28000  累计 6417s
[图38.2·BC] 局 113/1000  样本 309(缓冲 29264)  老师消费 2,874  未匹配 8  loss 1.660  vf 0.047  命中(每 5 局量一次，本局跳过)  梯度步 28250  累计 6472s
[图38.3·DAgger] 局 114/1000  样本 299(缓冲 29563)  学生消费 2,332  未匹配 12  loss 1.661  vf 0.044  命中(每 5 局量一次，本局跳过)  梯度步 28500  累计 6529s
[图39.1·BC] 局 115/1000  样本 321(缓冲 29884)  老师消费 3,364  未匹配 10  loss 1.635  vf 0.040  命中 训练33.8%/验证35.0%  真命中(扣end_turn) 训练28.7%/验证28.5%  梯度步 28750  累计 6594s
[图39.2·BC] 局 116/1000  样本 321(缓冲 30205)  老师消费 3,364  未匹配 10  loss 1.615  vf 0.043  命中(每 5 局量一次，本局跳过)  梯度步 29000  累计 6648s
[图39.3·DAgger] 局 117/1000  样本 343(缓冲 30548)  学生消费 3,030  未匹配 36  loss 1.692  vf 0.044  命中(每 5 局量一次，本局跳过)  梯度步 29250  累计 6708s
[图40.1·BC] 局 118/1000  样本 340(缓冲 30888)  老师消费 2,843  未匹配 13  loss 1.695  vf 0.040  命中(每 5 局量一次，本局跳过)  梯度步 29500  累计 6762s
[图40.2·BC] 局 119/1000  样本 340(缓冲 31228)  老师消费 2,843  未匹配 13  loss 1.712  vf 0.045  命中(每 5 局量一次，本局跳过)  梯度步 29750  累计 6817s
[图40.3·DAgger] 局 120/1000  样本 331(缓冲 31559)  学生消费 1,846  未匹配 7  loss 1.663  vf 0.042  命中 训练40.0%/验证35.5%  真命中(扣end_turn) 训练35.6%/验证30.4%  梯度步 30000  累计 6887s
[图41.1·BC] 局 121/1000  样本 309(缓冲 31868)  老师消费 2,925  未匹配 9  loss 1.642  vf 0.043  命中(每 5 局量一次，本局跳过)  梯度步 30250  累计 6941s
[图41.2·BC] 局 122/1000  样本 309(缓冲 32177)  老师消费 2,925  未匹配 9  loss 1.655  vf 0.048  命中(每 5 局量一次，本局跳过)  梯度步 30500  累计 6997s
[图41.3·DAgger] 局 123/1000  样本 313(缓冲 32490)  学生消费 2,668  未匹配 38  loss 1.678  vf 0.048  命中(每 5 局量一次，本局跳过)  梯度步 30750  累计 7055s
[图42.1·BC] 局 124/1000  样本 306(缓冲 32490)  老师消费 2,859  未匹配 6  loss 1.617  vf 0.040  命中(每 5 局量一次，本局跳过)  梯度步 31000  累计 7109s
[图42.2·BC] 局 125/1000  样本 306(缓冲 32490)  老师消费 2,859  未匹配 6  loss 1.619  vf 0.040  命中 训练30.0%/验证37.6%  真命中(扣end_turn) 训练24.3%/验证31.2%  梯度步 31250  累计 7174s
[图42.3·DAgger] 局 126/1000  样本 288(缓冲 32490)  学生消费 2,615  未匹配 7  loss 1.641  vf 0.043  命中(每 5 局量一次，本局跳过)  梯度步 31500  累计 7231s
[图43.1·BC] 局 127/1000  样本 289(缓冲 32779)  老师消费 2,792  未匹配 11  loss 1.620  vf 0.045  命中(每 5 局量一次，本局跳过)  梯度步 31750  累计 7285s
[图43.2·BC] 局 128/1000  样本 289(缓冲 33068)  老师消费 2,792  未匹配 11  loss 1.560  vf 0.041  命中(每 5 局量一次，本局跳过)  梯度步 32000  累计 7339s
[图43.3·DAgger] 局 129/1000  样本 375(缓冲 33443)  学生消费 2,895  未匹配 43  loss 1.593  vf 0.043  命中(每 5 局量一次，本局跳过)  梯度步 32250  累计 7400s
[图44.1·BC] 局 130/1000  样本 307(缓冲 33750)  老师消费 2,821  未匹配 7  loss 1.588  vf 0.042  命中 训练45.5%/验证35.3%  真命中(扣end_turn) 训练39.2%/验证30.1%  梯度步 32500  累计 7466s
[图44.2·BC] 局 131/1000  样本 307(缓冲 34057)  老师消费 2,821  未匹配 7  loss 1.562  vf 0.044  命中(每 5 局量一次，本局跳过)  梯度步 32750  累计 7520s
[图44.3·DAgger] 局 132/1000  样本 355(缓冲 34412)  学生消费 2,689  未匹配 36  loss 1.615  vf 0.042  命中(每 5 局量一次，本局跳过)  梯度步 33000  累计 7579s
[图45.1·BC] 局 133/1000  样本 288(缓冲 34700)  老师消费 2,870  未匹配 11  loss 1.620  vf 0.043  命中(每 5 局量一次，本局跳过)  梯度步 33250  累计 7633s
[图45.2·BC] 局 134/1000  样本 288(缓冲 34988)  老师消费 2,870  未匹配 11  loss 1.564  vf 0.042  命中(每 5 局量一次，本局跳过)  梯度步 33500  累计 7686s
[图45.3·DAgger] 局 135/1000  样本 359(缓冲 35347)  学生消费 2,549  未匹配 36  loss 1.644  vf 0.043  命中 训练42.3%/验证41.1%  真命中(扣end_turn) 训练36.7%/验证35.7%  梯度步 33750  累计 7756s
[图46.1·BC] 局 136/1000  样本 284(缓冲 35631)  老师消费 2,805  未匹配 10  loss 1.590  vf 0.047  命中(每 5 局量一次，本局跳过)  梯度步 34000  累计 7810s
[图46.2·BC] 局 137/1000  样本 284(缓冲 35915)  老师消费 2,805  未匹配 10  loss 1.646  vf 0.044  命中(每 5 局量一次，本局跳过)  梯度步 34250  累计 7863s
[图46.3·DAgger] 局 138/1000  样本 354(缓冲 36269)  学生消费 2,620  未匹配 27  loss 1.552  vf 0.042  命中(每 5 局量一次，本局跳过)  梯度步 34500  累计 7924s
[图47.1·BC] 局 139/1000  样本 309(缓冲 36578)  老师消费 2,869  未匹配 6  loss 1.626  vf 0.045  命中(每 5 局量一次，本局跳过)  梯度步 34750  累计 7979s
[图47.2·BC] 局 140/1000  样本 309(缓冲 36887)  老师消费 2,869  未匹配 6  loss 1.574  vf 0.044  命中 训练49.3%/验证39.5%  真命中(扣end_turn) 训练41.0%/验证33.2%  梯度步 35000  累计 8044s
[图47.3·DAgger] 局 141/1000  样本 331(缓冲 37218)  学生消费 2,745  未匹配 25  loss 1.583  vf 0.040  命中(每 5 局量一次，本局跳过)  梯度步 35250  累计 8104s
[图48.1·BC] 局 142/1000  样本 283(缓冲 37218)  老师消费 2,676  未匹配 12  loss 1.571  vf 0.041  命中(每 5 局量一次，本局跳过)  梯度步 35500  累计 8158s
[图48.2·BC] 局 143/1000  样本 283(缓冲 37218)  老师消费 2,676  未匹配 12  loss 1.591  vf 0.041  命中(每 5 局量一次，本局跳过)  梯度步 35750  累计 8212s
[图48.3·DAgger] 局 144/1000  样本 334(缓冲 37218)  学生消费 2,160  未匹配 29  loss 1.552  vf 0.042  命中(每 5 局量一次，本局跳过)  梯度步 36000  累计 8270s
[图49.1·BC] 局 145/1000  样本 290(缓冲 37508)  老师消费 2,727  未匹配 9  loss 1.629  vf 0.043  命中 训练30.0%/验证33.4%  真命中(扣end_turn) 训练25.7%/验证27.6%  梯度步 36250  累计 8334s
[图49.2·BC] 局 146/1000  样本 290(缓冲 37798)  老师消费 2,727  未匹配 9  loss 1.593  vf 0.044  命中(每 5 局量一次，本局跳过)  梯度步 36500  累计 8388s
[图49.3·DAgger] 局 147/1000  样本 295(缓冲 38093)  学生消费 2,132  未匹配 8  loss 1.574  vf 0.041  命中(每 5 局量一次，本局跳过)  梯度步 36750  累计 8445s
[图50.1·BC] 局 148/1000  样本 279(缓冲 38372)  老师消费 2,690  未匹配 8  loss 1.596  vf 0.039  命中(每 5 局量一次，本局跳过)  梯度步 37000  累计 8499s
[图50.2·BC] 局 149/1000  样本 279(缓冲 38651)  老师消费 2,690  未匹配 8  loss 1.555  vf 0.039  命中(每 5 局量一次，本局跳过)  梯度步 37250  累计 8552s
[图50.3·DAgger] 局 150/1000  样本 285(缓冲 38936)  学生消费 2,516  未匹配 9  loss 1.609  vf 0.042  命中 训练40.7%/验证43.6%  真命中(扣end_turn) 训练33.9%/验证38.2%  梯度步 37500  累计 8625s
[图51.1·BC] 局 151/1000  样本 355(缓冲 39291)  老师消费 2,881  未匹配 10  loss 1.590  vf 0.040  命中(每 5 局量一次，本局跳过)  梯度步 37750  累计 8680s
[图51.2·BC] 局 152/1000  样本 355(缓冲 39646)  老师消费 2,881  未匹配 10  loss 1.579  vf 0.038  命中(每 5 局量一次，本局跳过)  梯度步 38000  累计 8734s
[图51.3·DAgger] 局 153/1000  样本 354(缓冲 40000)  学生消费 2,615  未匹配 7  loss 1.520  vf 0.042  命中(每 5 局量一次，本局跳过)  梯度步 38250  累计 8793s
⚠ 缓冲已满（--buffer 40000）：从此**每局都会丢掉最老的样本**，模型只看得到最近约 136 局。要真用上全部局数就调大 --buffer（每条约 56 KB：45 万条 ≈ 24 GB）
[图52.1·BC] 局 154/1000  样本 294(缓冲 40000)  老师消费 2,935  未匹配 12  loss 1.513  vf 0.038  命中(每 5 局量一次，本局跳过)  梯度步 38500  累计 8846s
[图52.2·BC] 局 155/1000  样本 294(缓冲 40000)  老师消费 2,935  未匹配 12  loss 1.541  vf 0.040  命中 训练56.8%/验证44.8%  真命中(扣end_turn) 训练54.0%/验证40.2%  梯度步 38750  累计 8911s
[图52.3·DAgger] 局 156/1000  样本 340(缓冲 40000)  学生消费 2,421  未匹配 31  loss 1.574  vf 0.045  命中(每 5 局量一次，本局跳过)  梯度步 39000  累计 8969s
[图53.1·BC] 局 157/1000  样本 296(缓冲 40000)  老师消费 2,379  未匹配 12  loss 1.637  vf 0.045  命中(每 5 局量一次，本局跳过)  梯度步 39250  累计 9023s
[图53.2·BC] 局 158/1000  样本 296(缓冲 40000)  老师消费 2,379  未匹配 12  loss 1.576  vf 0.046  命中(每 5 局量一次，本局跳过)  梯度步 39500  累计 9076s
[图53.3·DAgger] 局 159/1000  样本 331(缓冲 40000)  学生消费 2,905  未匹配 27  loss 1.537  vf 0.040  命中(每 5 局量一次，本局跳过)  梯度步 39750  累计 9135s
[图54.1·BC] 局 160/1000  样本 277(缓冲 40000)  老师消费 2,576  未匹配 10  loss 1.641  vf 0.045  命中 训练40.5%/验证40.8%  真命中(扣end_turn) 训练36.8%/验证36.0%  梯度步 40000  累计 9199s
[图54.2·BC] 局 161/1000  样本 277(缓冲 40000)  老师消费 2,576  未匹配 10  loss 1.522  vf 0.041  命中(每 5 局量一次，本局跳过)  梯度步 40250  累计 9252s
[图54.3·DAgger] 局 162/1000  样本 321(缓冲 40000)  学生消费 2,772  未匹配 25  loss 1.537  vf 0.041  命中(每 5 局量一次，本局跳过)  梯度步 40500  累计 9310s
[图55.1·BC] 局 163/1000  样本 274(缓冲 40000)  老师消费 2,641  未匹配 12  loss 1.561  vf 0.044  命中(每 5 局量一次，本局跳过)  梯度步 40750  累计 9365s
[图55.2·BC] 局 164/1000  样本 274(缓冲 40000)  老师消费 2,641  未匹配 12  loss 1.541  vf 0.043  命中(每 5 局量一次，本局跳过)  梯度步 41000  累计 9419s
[图55.3·DAgger] 局 165/1000  样本 273(缓冲 40000)  学生消费 2,359  未匹配 30  loss 1.526  vf 0.036  命中 训练39.8%/验证39.2%  真命中(扣end_turn) 训练37.0%/验证31.8%  梯度步 41250  累计 9487s
[图56.1·BC] 局 166/1000  样本 349(缓冲 40000)  老师消费 2,807  未匹配 7  loss 1.555  vf 0.036  命中(每 5 局量一次，本局跳过)  梯度步 41500  累计 9541s
[图56.2·BC] 局 167/1000  样本 349(缓冲 40000)  老师消费 2,807  未匹配 7  loss 1.562  vf 0.038  命中(每 5 局量一次，本局跳过)  梯度步 41750  累计 9595s
[图56.3·DAgger] 局 168/1000  样本 324(缓冲 40000)  学生消费 2,707  未匹配 6  loss 1.600  vf 0.037  命中(每 5 局量一次，本局跳过)  梯度步 42000  累计 9653s
[图57.1·BC] 局 169/1000  样本 326(缓冲 40000)  老师消费 3,033  未匹配 6  loss 1.538  vf 0.037  命中(每 5 局量一次，本局跳过)  梯度步 42250  累计 9708s
[图57.2·BC] 局 170/1000  样本 326(缓冲 40000)  老师消费 3,033  未匹配 6  loss 1.565  vf 0.041  命中 训练48.8%/验证43.5%  真命中(扣end_turn) 训练41.9%/验证38.2%  梯度步 42500  累计 9773s
[图57.3·DAgger] 局 171/1000  样本 330(缓冲 40000)  学生消费 3,036  未匹配 4  loss 1.566  vf 0.045  命中(每 5 局量一次，本局跳过)  梯度步 42750  累计 9832s
[图58.1·BC] 局 172/1000  样本 262(缓冲 40000)  老师消费 2,778  未匹配 12  loss 1.556  vf 0.042  命中(每 5 局量一次，本局跳过)  梯度步 43000  累计 9886s
[图58.2·BC] 局 173/1000  样本 262(缓冲 40000)  老师消费 2,778  未匹配 12  loss 1.537  vf 0.043  命中(每 5 局量一次，本局跳过)  梯度步 43250  累计 9940s
[图58.3·DAgger] 局 174/1000  样本 303(缓冲 40000)  学生消费 2,284  未匹配 20  loss 1.574  vf 0.042  命中(每 5 局量一次，本局跳过)  梯度步 43500  累计 9998s
[图59.1·BC] 局 175/1000  样本 313(缓冲 40000)  老师消费 2,647  未匹配 12  loss 1.537  vf 0.043  命中 训练44.7%/验证38.4%  真命中(扣end_turn) 训练40.8%/验证33.0%  梯度步 43750  累计 10063s
[图59.2·BC] 局 176/1000  样本 313(缓冲 40000)  老师消费 2,647  未匹配 12  loss 1.529  vf 0.039  命中(每 5 局量一次，本局跳过)  梯度步 44000  累计 10118s
[图59.3·DAgger] 局 177/1000  样本 353(缓冲 40000)  学生消费 2,801  未匹配 23  loss 1.512  vf 0.044  命中(每 5 局量一次，本局跳过)  梯度步 44250  累计 10177s
[图60.1·BC] 局 178/1000  样本 328(缓冲 40000)  老师消费 2,933  未匹配 12  loss 1.508  vf 0.040  命中(每 5 局量一次，本局跳过)  梯度步 44500  累计 10231s
[图60.2·BC] 局 179/1000  样本 328(缓冲 40000)  老师消费 2,933  未匹配 12  loss 1.492  vf 0.040  命中(每 5 局量一次，本局跳过)  梯度步 44750  累计 10286s
[图60.3·DAgger] 局 180/1000  样本 363(缓冲 40000)  学生消费 2,229  未匹配 32  loss 1.514  vf 0.040  命中 训练36.0%/验证37.3%  真命中(扣end_turn) 训练30.4%/验证31.6%  梯度步 45000  累计 10358s
[图61.1·BC] 局 181/1000  样本 311(缓冲 40000)  老师消费 3,258  未匹配 7  loss 1.522  vf 0.039  命中(每 5 局量一次，本局跳过)  梯度步 45250  累计 10416s
[图61.2·BC] 局 182/1000  样本 311(缓冲 40000)  老师消费 3,258  未匹配 7  loss 1.487  vf 0.039  命中(每 5 局量一次，本局跳过)  梯度步 45500  累计 10471s
[图61.3·DAgger] 局 183/1000  样本 294(缓冲 40000)  学生消费 2,980  未匹配 15  loss 1.508  vf 0.038  命中(每 5 局量一次，本局跳过)  梯度步 45750  累计 10529s
[图62.1·BC] 局 184/1000  样本 294(缓冲 40000)  老师消费 2,803  未匹配 8  loss 1.499  vf 0.037  命中(每 5 局量一次，本局跳过)  梯度步 46000  累计 10584s
[图62.2·BC] 局 185/1000  样本 294(缓冲 40000)  老师消费 2,803  未匹配 8  loss 1.507  vf 0.037  命中 训练53.5%/验证40.8%  真命中(扣end_turn) 训练49.5%/验证35.2%  梯度步 46250  累计 10650s
[图62.3·DAgger] 局 186/1000  样本 347(缓冲 40000)  学生消费 2,806  未匹配 31  loss 1.525  vf 0.039  命中(每 5 局量一次，本局跳过)  梯度步 46500  累计 10711s
[图63.1·BC] 局 187/1000  样本 281(缓冲 40000)  老师消费 2,904  未匹配 13  loss 1.578  vf 0.037  命中(每 5 局量一次，本局跳过)  梯度步 46750  累计 10765s
[图63.2·BC] 局 188/1000  样本 281(缓冲 40000)  老师消费 2,904  未匹配 13  loss 1.500  vf 0.037  命中(每 5 局量一次，本局跳过)  梯度步 47000  累计 10819s
[图63.3·DAgger] 局 189/1000  样本 369(缓冲 40000)  学生消费 2,630  未匹配 25  loss 1.480  vf 0.034  命中(每 5 局量一次，本局跳过)  梯度步 47250  累计 10879s
[图64.1·BC] 局 190/1000  样本 278(缓冲 40000)  老师消费 2,806  未匹配 11  loss 1.506  vf 0.038  命中 训练39.7%/验证42.6%  真命中(扣end_turn) 训练34.6%/验证38.0%  梯度步 47500  累计 10943s
[图64.2·BC] 局 191/1000  样本 278(缓冲 40000)  老师消费 2,806  未匹配 11  loss 1.507  vf 0.035  命中(每 5 局量一次，本局跳过)  梯度步 47750  累计 10997s
[图64.3·DAgger] 局 192/1000  样本 307(缓冲 40000)  学生消费 2,716  未匹配 10  loss 1.492  vf 0.035  命中(每 5 局量一次，本局跳过)  梯度步 48000  累计 11055s
[图65.1·BC] 局 193/1000  样本 300(缓冲 40000)  老师消费 3,013  未匹配 6  loss 1.516  vf 0.035  命中(每 5 局量一次，本局跳过)  梯度步 48250  累计 11111s
[图65.2·BC] 局 194/1000  样本 300(缓冲 40000)  老师消费 3,013  未匹配 6  loss 1.559  vf 0.035  命中(每 5 局量一次，本局跳过)  梯度步 48500  累计 11166s
[图65.3·DAgger] 局 195/1000  样本 347(缓冲 40000)  学生消费 3,059  未匹配 31  loss 1.540  vf 0.037  命中 训练43.8%/验证40.4%  真命中(扣end_turn) 训练38.4%/验证35.3%  梯度步 48750  累计 11237s
[图66.1·BC] 局 196/1000  样本 307(缓冲 40000)  老师消费 2,844  未匹配 10  loss 1.492  vf 0.034  命中(每 5 局量一次，本局跳过)  梯度步 49000  累计 11292s
[图66.2·BC] 局 197/1000  样本 307(缓冲 40000)  老师消费 2,844  未匹配 10  loss 1.589  vf 0.039  命中(每 5 局量一次，本局跳过)  梯度步 49250  累计 11347s
[图66.3·DAgger] 局 198/1000  样本 308(缓冲 40000)  学生消费 2,915  未匹配 5  loss 1.529  vf 0.036  命中(每 5 局量一次，本局跳过)  梯度步 49500  累计 11405s
[图67.1·BC] 局 199/1000  样本 329(缓冲 40000)  老师消费 2,658  未匹配 12  loss 1.496  vf 0.038  命中(每 5 局量一次，本局跳过)  梯度步 49750  累计 11460s
[图67.2·BC] 局 200/1000  样本 329(缓冲 40000)  老师消费 2,658  未匹配 12  loss 1.476  vf 0.032  命中 训练44.3%/验证42.2%  真命中(扣end_turn) 训练38.5%/验证37.6%  梯度步 50000  累计 11525s
[图67.3·DAgger] 局 201/1000  样本 356(缓冲 40000)  学生消费 2,718  未匹配 12  loss 1.525  vf 0.033  命中(每 5 局量一次，本局跳过)  梯度步 50250  累计 11585s
[图68.1·BC] 局 202/1000  样本 303(缓冲 40000)  老师消费 2,837  未匹配 5  loss 1.480  vf 0.034  命中(每 5 局量一次，本局跳过)  梯度步 50500  累计 11639s
[图68.2·BC] 局 203/1000  样本 303(缓冲 40000)  老师消费 2,837  未匹配 5  loss 1.469  vf 0.033  命中(每 5 局量一次，本局跳过)  梯度步 50750  累计 11694s
[图68.3·DAgger] 局 204/1000  样本 320(缓冲 40000)  学生消费 2,927  未匹配 31  loss 1.508  vf 0.031  命中(每 5 局量一次，本局跳过)  梯度步 51000  累计 11752s
[图69.1·BC] 局 205/1000  样本 303(缓冲 40000)  老师消费 2,832  未匹配 5  loss 1.492  vf 0.031  命中 训练47.8%/验证38.1%  真命中(扣end_turn) 训练42.9%/验证31.2%  梯度步 51250  累计 11817s
[图69.2·BC] 局 206/1000  样本 303(缓冲 40000)  老师消费 2,832  未匹配 5  loss 1.498  vf 0.032  命中(每 5 局量一次，本局跳过)  梯度步 51500  累计 11872s
[图69.3·DAgger] 局 207/1000  样本 294(缓冲 40000)  学生消费 2,757  未匹配 40  loss 1.512  vf 0.032  命中(每 5 局量一次，本局跳过)  梯度步 51750  累计 11931s
[图70.1·BC] 局 208/1000  样本 266(缓冲 40000)  老师消费 2,677  未匹配 14  loss 1.480  vf 0.031  命中(每 5 局量一次，本局跳过)  梯度步 52000  累计 11985s
[图70.2·BC] 局 209/1000  样本 266(缓冲 40000)  老师消费 2,677  未匹配 14  loss 1.540  vf 0.030  命中(每 5 局量一次，本局跳过)  梯度步 52250  累计 12039s
[图70.3·DAgger] 局 210/1000  样本 319(缓冲 40000)  学生消费 1,747  未匹配 5  loss 1.525  vf 0.038  命中 训练37.5%/验证44.2%  真命中(扣end_turn) 训练30.2%/验证39.0%  梯度步 52500  累计 12108s
[图71.1·BC] 局 211/1000  样本 293(缓冲 40000)  老师消费 2,822  未匹配 10  loss 1.544  vf 0.034  命中(每 5 局量一次，本局跳过)  梯度步 52750  累计 12162s
[图71.2·BC] 局 212/1000  样本 293(缓冲 40000)  老师消费 2,822  未匹配 10  loss 1.523  vf 0.034  命中(每 5 局量一次，本局跳过)  梯度步 53000  累计 12216s
[图71.3·DAgger] 局 213/1000  样本 341(缓冲 40000)  学生消费 2,495  未匹配 30  loss 1.501  vf 0.035  命中(每 5 局量一次，本局跳过)  梯度步 53250  累计 12276s
[图72.1·BC] 局 214/1000  样本 289(缓冲 40000)  老师消费 2,823  未匹配 11  loss 1.471  vf 0.033  命中(每 5 局量一次，本局跳过)  梯度步 53500  累计 12331s
[图72.2·BC] 局 215/1000  样本 289(缓冲 40000)  老师消费 2,823  未匹配 11  loss 1.455  vf 0.033  命中 训练42.7%/验证41.9%  真命中(扣end_turn) 训练38.1%/验证35.4%  梯度步 53750  累计 12399s
[图72.3·DAgger] 局 216/1000  样本 325(缓冲 40000)  学生消费 2,731  未匹配 24  loss 1.530  vf 0.034  命中(每 5 局量一次，本局跳过)  梯度步 54000  累计 12458s
[图73.1·BC] 局 217/1000  样本 351(缓冲 40000)  老师消费 2,891  未匹配 7  loss 1.481  vf 0.032  命中(每 5 局量一次，本局跳过)  梯度步 54250  累计 12513s
[图73.2·BC] 局 218/1000  样本 351(缓冲 40000)  老师消费 2,891  未匹配 7  loss 1.463  vf 0.031  命中(每 5 局量一次，本局跳过)  梯度步 54500  累计 12568s
[图73.3·DAgger] 局 219/1000  样本 361(缓冲 40000)  学生消费 2,460  未匹配 43  loss 1.408  vf 0.030  命中(每 5 局量一次，本局跳过)  梯度步 54750  累计 12628s
[图74.1·BC] 局 220/1000  样本 291(缓冲 40000)  老师消费 2,684  未匹配 10  loss 1.428  vf 0.029  命中 训练30.0%/验证37.2%  真命中(扣end_turn) 训练24.3%/验证31.7%  梯度步 55000  累计 12692s
[图74.2·BC] 局 221/1000  样本 291(缓冲 40000)  老师消费 2,684  未匹配 10  loss 1.424  vf 0.033  命中(每 5 局量一次，本局跳过)  梯度步 55250  累计 12745s
[图74.3·DAgger] 局 222/1000  样本 335(缓冲 40000)  学生消费 2,580  未匹配 30  loss 1.505  vf 0.032  命中(每 5 局量一次，本局跳过)  梯度步 55500  累计 12803s
[图75.1·BC] 局 223/1000  样本 292(缓冲 40000)  老师消费 2,929  未匹配 11  loss 1.436  vf 0.030  命中(每 5 局量一次，本局跳过)  梯度步 55750  累计 12857s
[图75.2·BC] 局 224/1000  样本 292(缓冲 40000)  老师消费 2,929  未匹配 11  loss 1.459  vf 0.032  命中(每 5 局量一次，本局跳过)  梯度步 56000  累计 12910s
[图75.3·DAgger] 局 225/1000  样本 322(缓冲 40000)  学生消费 2,477  未匹配 22  loss 1.491  vf 0.032  命中 训练42.3%/验证47.1%  真命中(扣end_turn) 训练38.2%/验证41.2%  梯度步 56250  累计 12981s
[图76.1·BC] 局 226/1000  样本 307(缓冲 40000)  老师消费 2,981  未匹配 6  loss 1.499  vf 0.031  命中(每 5 局量一次，本局跳过)  梯度步 56500  累计 13035s
[图76.2·BC] 局 227/1000  样本 307(缓冲 40000)  老师消费 2,981  未匹配 6  loss 1.403  vf 0.028  命中(每 5 局量一次，本局跳过)  梯度步 56750  累计 13089s
[图76.3·DAgger] 局 228/1000  样本 338(缓冲 40000)  学生消费 3,361  未匹配 13  loss 1.456  vf 0.033  命中(每 5 局量一次，本局跳过)  梯度步 57000  累计 13147s
[图77.1·BC] 局 229/1000  样本 302(缓冲 40000)  老师消费 2,914  未匹配 10  loss 1.488  vf 0.030  命中(每 5 局量一次，本局跳过)  梯度步 57250  累计 13201s
[图77.2·BC] 局 230/1000  样本 302(缓冲 40000)  老师消费 2,914  未匹配 10  loss 1.404  vf 0.032  命中 训练58.0%/验证42.0%  真命中(扣end_turn) 训练54.8%/验证36.6%  梯度步 57500  累计 13265s
[图77.3·DAgger] 局 231/1000  样本 328(缓冲 40000)  学生消费 2,626  未匹配 43  loss 1.410  vf 0.031  命中(每 5 局量一次，本局跳过)  梯度步 57750  累计 13324s
[图78.1·BC] 局 232/1000  样本 337(缓冲 40000)  老师消费 2,827  未匹配 12  loss 1.457  vf 0.032  命中(每 5 局量一次，本局跳过)  梯度步 58000  累计 13378s
[图78.2·BC] 局 233/1000  样本 337(缓冲 40000)  老师消费 2,827  未匹配 12  loss 1.412  vf 0.029  命中(每 5 局量一次，本局跳过)  梯度步 58250  累计 13432s
[图78.3·DAgger] 局 234/1000  样本 370(缓冲 40000)  学生消费 2,354  未匹配 37  loss 1.451  vf 0.027  命中(每 5 局量一次，本局跳过)  梯度步 58500  累计 13491s
[图79.1·BC] 局 235/1000  样本 243(缓冲 40000)  老师消费 2,399  未匹配 12  loss 1.410  vf 0.033  命中 训练35.8%/验证39.8%  真命中(扣end_turn) 训练30.4%/验证34.1%  梯度步 58750  累计 13555s
[图79.2·BC] 局 236/1000  样本 243(缓冲 40000)  老师消费 2,399  未匹配 12  loss 1.478  vf 0.030  命中(每 5 局量一次，本局跳过)  梯度步 59000  累计 13609s
[图79.3·DAgger] 局 237/1000  样本 340(缓冲 40000)  学生消费 2,564  未匹配 38  loss 1.442  vf 0.031  命中(每 5 局量一次，本局跳过)  梯度步 59250  累计 13667s
[图80.1·BC] 局 238/1000  样本 297(缓冲 40000)  老师消费 2,968  未匹配 13  loss 1.444  vf 0.031  命中(每 5 局量一次，本局跳过)  梯度步 59500  累计 13721s
[图80.2·BC] 局 239/1000  样本 297(缓冲 40000)  老师消费 2,968  未匹配 13  loss 1.472  vf 0.030  命中(每 5 局量一次，本局跳过)  梯度步 59750  累计 13775s
[图80.3·DAgger] 局 240/1000  样本 292(缓冲 40000)  学生消费 2,204  未匹配 4  loss 1.365  vf 0.028  命中 训练39.8%/验证42.6%  真命中(扣end_turn) 训练33.1%/验证37.9%  梯度步 60000  累计 13843s
[图81.1·BC] 局 241/1000  样本 340(缓冲 40000)  老师消费 2,903  未匹配 12  loss 1.473  vf 0.031  命中(每 5 局量一次，本局跳过)  梯度步 60250  累计 13896s
[图81.2·BC] 局 242/1000  样本 340(缓冲 40000)  老师消费 2,903  未匹配 12  loss 1.383  vf 0.030  命中(每 5 局量一次，本局跳过)  梯度步 60500  累计 13950s
[图81.3·DAgger] 局 243/1000  样本 382(缓冲 40000)  学生消费 2,492  未匹配 35  loss 1.426  vf 0.030  命中(每 5 局量一次，本局跳过)  梯度步 60750  累计 14009s
[图82.1·BC] 局 244/1000  样本 276(缓冲 40000)  老师消费 2,808  未匹配 10  loss 1.407  vf 0.031  命中(每 5 局量一次，本局跳过)  梯度步 61000  累计 14063s
[图82.2·BC] 局 245/1000  样本 276(缓冲 40000)  老师消费 2,808  未匹配 10  loss 1.386  vf 0.035  命中 训练62.7%/验证45.8%  真命中(扣end_turn) 训练61.4%/验证40.9%  梯度步 61250  累计 14127s
[图82.3·DAgger] 局 246/1000  样本 322(缓冲 40000)  学生消费 2,735  未匹配 34  loss 1.390  vf 0.027  命中(每 5 局量一次，本局跳过)  梯度步 61500  累计 14186s
[图83.1·BC] 局 247/1000  样本 352(缓冲 40000)  老师消费 2,892  未匹配 8  loss 1.408  vf 0.030  命中(每 5 局量一次，本局跳过)  梯度步 61750  累计 14240s
[图83.2·BC] 局 248/1000  样本 352(缓冲 40000)  老师消费 2,892  未匹配 8  loss 1.434  vf 0.027  命中(每 5 局量一次，本局跳过)  梯度步 62000  累计 14297s
[图83.3·DAgger] 局 249/1000  样本 355(缓冲 40000)  学生消费 2,835  未匹配 28  loss 1.392  vf 0.029  命中(每 5 局量一次，本局跳过)  梯度步 62250  累计 14358s
[图84.1·BC] 局 250/1000  样本 295(缓冲 40000)  老师消费 2,917  未匹配 13  loss 1.412  vf 0.029  命中 训练47.3%/验证44.7%  真命中(扣end_turn) 训练43.4%/验证40.0%  梯度步 62500  累计 14422s
[图84.2·BC] 局 251/1000  样本 295(缓冲 40000)  老师消费 2,917  未匹配 13  loss 1.379  vf 0.030  命中(每 5 局量一次，本局跳过)  梯度步 62750  累计 14476s
[图84.3·DAgger] 局 252/1000  样本 327(缓冲 40000)  学生消费 2,740  未匹配 45  loss 1.385  vf 0.028  命中(每 5 局量一次，本局跳过)  梯度步 63000  累计 14534s
[图85.1·BC] 局 253/1000  样本 302(缓冲 40000)  老师消费 2,959  未匹配 12  loss 1.392  vf 0.029  命中(每 5 局量一次，本局跳过)  梯度步 63250  累计 14588s
[图85.2·BC] 局 254/1000  样本 302(缓冲 40000)  老师消费 2,959  未匹配 12  loss 1.324  vf 0.028  命中(每 5 局量一次，本局跳过)  梯度步 63500  累计 14642s
[图85.3·DAgger] 局 255/1000  样本 361(缓冲 40000)  学生消费 2,550  未匹配 26  loss 1.389  vf 0.031  命中 训练32.2%/验证35.3%  真命中(扣end_turn) 训练24.4%/验证30.2%  梯度步 63750  累计 14712s
[图86.1·BC] 局 256/1000  样本 292(缓冲 40000)  老师消费 2,678  未匹配 13  loss 1.448  vf 0.031  命中(每 5 局量一次，本局跳过)  梯度步 64000  累计 14766s
[图86.2·BC] 局 257/1000  样本 292(缓冲 40000)  老师消费 2,678  未匹配 13  loss 1.344  vf 0.030  命中(每 5 局量一次，本局跳过)  梯度步 64250  累计 14819s
[图86.3·DAgger] 局 258/1000  样本 330(缓冲 40000)  学生消费 2,509  未匹配 36  loss 1.346  vf 0.027  命中(每 5 局量一次，本局跳过)  梯度步 64500  累计 14878s
[图87.1·BC] 局 259/1000  样本 311(缓冲 40000)  老师消费 2,728  未匹配 10  loss 1.383  vf 0.031  命中(每 5 局量一次，本局跳过)  梯度步 64750  累计 14931s
[图87.2·BC] 局 260/1000  样本 311(缓冲 40000)  老师消费 2,728  未匹配 10  loss 1.373  vf 0.031  命中 训练83.0%/验证46.5%  真命中(扣end_turn) 训练81.3%/验证40.7%  梯度步 65000  累计 14996s
[图87.3·DAgger] 局 261/1000  样本 335(缓冲 40000)  学生消费 3,038  未匹配 22  loss 1.431  vf 0.030  命中(每 5 局量一次，本局跳过)  梯度步 65250  累计 15055s
[图88.1·BC] 局 262/1000  样本 239(缓冲 40000)  老师消费 2,327  未匹配 11  loss 1.396  vf 0.033  命中(每 5 局量一次，本局跳过)  梯度步 65500  累计 15108s
[图88.2·BC] 局 263/1000  样本 239(缓冲 40000)  老师消费 2,327  未匹配 11  loss 1.417  vf 0.030  命中(每 5 局量一次，本局跳过)  梯度步 65750  累计 15161s
[图88.3·DAgger] 局 264/1000  样本 342(缓冲 40000)  学生消费 2,468  未匹配 28  loss 1.384  vf 0.031  命中(每 5 局量一次，本局跳过)  梯度步 66000  累计 15219s
[图89.1·BC] 局 265/1000  样本 294(缓冲 40000)  老师消费 2,809  未匹配 12  loss 1.347  vf 0.029  命中 训练47.2%/验证46.7%  真命中(扣end_turn) 训练42.7%/验证41.5%  梯度步 66250  累计 15283s
[图89.2·BC] 局 266/1000  样本 294(缓冲 40000)  老师消费 2,809  未匹配 12  loss 1.292  vf 0.029  命中(每 5 局量一次，本局跳过)  梯度步 66500  累计 15337s
[图89.3·DAgger] 局 267/1000  样本 303(缓冲 40000)  学生消费 2,419  未匹配 4  loss 1.382  vf 0.033  命中(每 5 局量一次，本局跳过)  梯度步 66750  累计 15394s
[图90.1·BC] 局 268/1000  样本 269(缓冲 40000)  老师消费 2,675  未匹配 12  loss 1.372  vf 0.029  命中(每 5 局量一次，本局跳过)  梯度步 67000  累计 15447s
[图90.2·BC] 局 269/1000  样本 269(缓冲 40000)  老师消费 2,675  未匹配 12  loss 1.379  vf 0.032  命中(每 5 局量一次，本局跳过)  梯度步 67250  累计 15500s
[图90.3·DAgger] 局 270/1000  样本 328(缓冲 40000)  学生消费 2,251  未匹配 31  loss 1.383  vf 0.029  命中 训练44.0%/验证40.8%  真命中(扣end_turn) 训练37.9%/验证35.4%  梯度步 67500  累计 15570s
[图91.1·BC] 局 271/1000  样本 310(缓冲 40000)  老师消费 2,862  未匹配 5  loss 1.370  vf 0.032  命中(每 5 局量一次，本局跳过)  梯度步 67750  累计 15624s
[图91.2·BC] 局 272/1000  样本 310(缓冲 40000)  老师消费 2,862  未匹配 5  loss 1.370  vf 0.029  命中(每 5 局量一次，本局跳过)  梯度步 68000  累计 15678s
[图91.3·DAgger] 局 273/1000  样本 298(缓冲 40000)  学生消费 2,883  未匹配 45  loss 1.342  vf 0.027  命中(每 5 局量一次，本局跳过)  梯度步 68250  累计 15736s
[图92.1·BC] 局 274/1000  样本 285(缓冲 40000)  老师消费 2,825  未匹配 7  loss 1.406  vf 0.031  命中(每 5 局量一次，本局跳过)  梯度步 68500  累计 15790s
[图92.2·BC] 局 275/1000  样本 285(缓冲 40000)  老师消费 2,825  未匹配 7  loss 1.360  vf 0.030  命中 训练49.5%/验证37.4%  真命中(扣end_turn) 训练42.9%/验证30.7%  梯度步 68750  累计 15854s
[图92.3·DAgger] 局 276/1000  样本 298(缓冲 40000)  学生消费 3,006  未匹配 8  loss 1.335  vf 0.028  命中(每 5 局量一次，本局跳过)  梯度步 69000  累计 15913s
[图93.1·BC] 局 277/1000  样本 314(缓冲 40000)  老师消费 2,795  未匹配 14  loss 1.317  vf 0.027  命中(每 5 局量一次，本局跳过)  梯度步 69250  累计 15968s
[图93.2·BC] 局 278/1000  样本 314(缓冲 40000)  老师消费 2,795  未匹配 14  loss 1.313  vf 0.029  命中(每 5 局量一次，本局跳过)  梯度步 69500  累计 16024s
[图93.3·DAgger] 局 279/1000  样本 270(缓冲 40000)  学生消费 2,685  未匹配 11  loss 1.323  vf 0.032  命中(每 5 局量一次，本局跳过)  梯度步 69750  累计 16081s
[图94.1·BC] 局 280/1000  样本 318(缓冲 40000)  老师消费 3,328  未匹配 8  loss 1.358  vf 0.030  命中 训练33.3%/验证34.9%  真命中(扣end_turn) 训练26.9%/验证28.3%  梯度步 70000  累计 16146s
[图94.2·BC] 局 281/1000  样本 318(缓冲 40000)  老师消费 3,328  未匹配 8  loss 1.343  vf 0.028  命中(每 5 局量一次，本局跳过)  梯度步 70250  累计 16201s
[图94.3·DAgger] 局 282/1000  样本 318(缓冲 40000)  学生消费 3,169  未匹配 38  loss 1.376  vf 0.034  命中(每 5 局量一次，本局跳过)  梯度步 70500  累计 16259s
[图95.1·BC] 局 283/1000  样本 343(缓冲 40000)  老师消费 2,929  未匹配 10  loss 1.385  vf 0.032  命中(每 5 局量一次，本局跳过)  梯度步 70750  累计 16316s
[图95.2·BC] 局 284/1000  样本 343(缓冲 40000)  老师消费 2,929  未匹配 10  loss 1.394  vf 0.031  命中(每 5 局量一次，本局跳过)  梯度步 71000  累计 16371s
[图95.3·DAgger] 局 285/1000  样本 335(缓冲 40000)  学生消费 2,512  未匹配 34  loss 1.256  vf 0.031  命中 训练49.3%/验证41.8%  真命中(扣end_turn) 训练46.0%/验证36.3%  梯度步 71250  累计 16440s
[图96.1·BC] 局 286/1000  样本 290(缓冲 40000)  老师消费 2,793  未匹配 10  loss 1.333  vf 0.030  命中(每 5 局量一次，本局跳过)  梯度步 71500  累计 16494s
[图96.2·BC] 局 287/1000  样本 290(缓冲 40000)  老师消费 2,793  未匹配 10  loss 1.314  vf 0.033  命中(每 5 局量一次，本局跳过)  梯度步 71750  累计 16548s
[图96.3·DAgger] 局 288/1000  样本 319(缓冲 40000)  学生消费 2,761  未匹配 43  loss 1.322  vf 0.033  命中(每 5 局量一次，本局跳过)  梯度步 72000  累计 16606s
[图97.1·BC] 局 289/1000  样本 308(缓冲 40000)  老师消费 2,641  未匹配 5  loss 1.321  vf 0.030  命中(每 5 局量一次，本局跳过)  梯度步 72250  累计 16661s
[图97.2·BC] 局 290/1000  样本 308(缓冲 40000)  老师消费 2,641  未匹配 5  loss 1.330  vf 0.032  命中 训练88.7%/验证46.0%  真命中(扣end_turn) 训练86.4%/验证41.1%  梯度步 72500  累计 16727s
[图97.3·DAgger] 局 291/1000  样本 339(缓冲 40000)  学生消费 2,979  未匹配 7  loss 1.322  vf 0.033  命中(每 5 局量一次，本局跳过)  梯度步 72750  累计 16786s
[图98.1·BC] 局 292/1000  样本 288(缓冲 40000)  老师消费 2,759  未匹配 11  loss 1.344  vf 0.036  命中(每 5 局量一次，本局跳过)  梯度步 73000  累计 16840s
[图98.2·BC] 局 293/1000  样本 288(缓冲 40000)  老师消费 2,759  未匹配 11  loss 1.312  vf 0.030  命中(每 5 局量一次，本局跳过)  梯度步 73250  累计 16895s
[图98.3·DAgger] 局 294/1000  样本 354(缓冲 40000)  学生消费 2,480  未匹配 20  loss 1.355  vf 0.031  命中(每 5 局量一次，本局跳过)  梯度步 73500  累计 16955s
[图99.1·BC] 局 295/1000  样本 339(缓冲 40000)  老师消费 2,883  未匹配 8  loss 1.335  vf 0.029  命中 训练42.2%/验证44.7%  真命中(扣end_turn) 训练37.9%/验证39.4%  梯度步 73750  累计 17020s
[图99.2·BC] 局 296/1000  样本 339(缓冲 40000)  老师消费 2,883  未匹配 8  loss 1.261  vf 0.029  命中(每 5 局量一次，本局跳过)  梯度步 74000  累计 17074s
[图99.3·DAgger] 局 297/1000  样本 349(缓冲 40000)  学生消费 3,061  未匹配 6  loss 1.315  vf 0.030  命中(每 5 局量一次，本局跳过)  梯度步 74250  累计 17133s
[图100.1·BC] 局 298/1000  样本 269(缓冲 40000)  老师消费 2,662  未匹配 12  loss 1.385  vf 0.030  命中(每 5 局量一次，本局跳过)  梯度步 74500  累计 17187s
[图100.2·BC] 局 299/1000  样本 269(缓冲 40000)  老师消费 2,662  未匹配 12  loss 1.322  vf 0.029  命中(每 5 局量一次，本局跳过)  梯度步 74750  累计 17241s
[图100.3·DAgger] 局 300/1000  样本 301(缓冲 40000)  学生消费 2,546  未匹配 27  loss 1.297  vf 0.032  命中 训练52.7%/验证47.6%  真命中(扣end_turn) 训练50.3%/验证42.3%  梯度步 75000  累计 17310s
[图101.1·BC] 局 301/1000  样本 285(缓冲 40000)  老师消费 2,566  未匹配 14  loss 1.343  vf 0.031  命中(每 5 局量一次，本局跳过)  梯度步 75250  累计 17364s
[图101.2·BC] 局 302/1000  样本 285(缓冲 40000)  老师消费 2,566  未匹配 14  loss 1.353  vf 0.029  命中(每 5 局量一次，本局跳过)  梯度步 75500  累计 17418s
[图101.3·DAgger] 局 303/1000  样本 333(缓冲 40000)  学生消费 2,352  未匹配 36  loss 1.313  vf 0.029  命中(每 5 局量一次，本局跳过)  梯度步 75750  累计 17479s
[图102.1·BC] 局 304/1000  样本 283(缓冲 40000)  老师消费 2,536  未匹配 12  loss 1.269  vf 0.029  命中(每 5 局量一次，本局跳过)  梯度步 76000  累计 17533s
[图102.2·BC] 局 305/1000  样本 283(缓冲 40000)  老师消费 2,536  未匹配 12  loss 1.310  vf 0.029  命中 训练49.8%/验证52.2%  真命中(扣end_turn) 训练45.2%/验证47.7%  梯度步 76250  累计 17597s
[图102.3·DAgger] 局 306/1000  样本 319(缓冲 40000)  学生消费 2,591  未匹配 36  loss 1.230  vf 0.031  命中(每 5 局量一次，本局跳过)  梯度步 76500  累计 17656s
[图103.1·BC] 局 307/1000  样本 358(缓冲 40000)  老师消费 2,672  未匹配 8  loss 1.330  vf 0.031  命中(每 5 局量一次，本局跳过)  梯度步 76750  累计 17710s
[图103.2·BC] 局 308/1000  样本 358(缓冲 40000)  老师消费 2,672  未匹配 8  loss 1.234  vf 0.030  命中(每 5 局量一次，本局跳过)  梯度步 77000  累计 17765s
[图103.3·DAgger] 局 309/1000  样本 384(缓冲 40000)  学生消费 2,550  未匹配 25  loss 1.263  vf 0.032  命中(每 5 局量一次，本局跳过)  梯度步 77250  累计 17825s
[图104.1·BC] 局 310/1000  样本 319(缓冲 40000)  老师消费 3,139  未匹配 8  loss 1.293  vf 0.031  命中 训练46.0%/验证49.4%  真命中(扣end_turn) 训练41.8%/验证44.6%  梯度步 77500  累计 17890s
[图104.2·BC] 局 311/1000  样本 319(缓冲 40000)  老师消费 3,139  未匹配 8  loss 1.269  vf 0.029  命中(每 5 局量一次，本局跳过)  梯度步 77750  累计 17945s
[图104.3·DAgger] 局 312/1000  样本 344(缓冲 40000)  学生消费 2,851  未匹配 24  loss 1.311  vf 0.036  命中(每 5 局量一次，本局跳过)  梯度步 78000  累计 18004s
[图105.1·BC] 局 313/1000  样本 307(缓冲 40000)  老师消费 2,871  未匹配 11  loss 1.306  vf 0.032  命中(每 5 局量一次，本局跳过)  梯度步 78250  累计 18058s
[图105.2·BC] 局 314/1000  样本 307(缓冲 40000)  老师消费 2,871  未匹配 11  loss 1.302  vf 0.032  命中(每 5 局量一次，本局跳过)  梯度步 78500  累计 18113s
[图105.3·DAgger] 局 315/1000  样本 344(缓冲 40000)  学生消费 3,146  未匹配 29  loss 1.285  vf 0.036  命中 训练50.8%/验证39.6%  真命中(扣end_turn) 训练45.7%/验证33.9%  梯度步 78750  累计 18187s
[图106.1·BC] 局 316/1000  样本 312(缓冲 40000)  老师消费 2,701  未匹配 6  loss 1.277  vf 0.030  命中(每 5 局量一次，本局跳过)  梯度步 79000  累计 18241s
[图106.2·BC] 局 317/1000  样本 312(缓冲 40000)  老师消费 2,701  未匹配 6  loss 1.244  vf 0.031  命中(每 5 局量一次，本局跳过)  梯度步 79250  累计 18296s
[图106.3·DAgger] 局 318/1000  样本 380(缓冲 40000)  学生消费 2,886  未匹配 44  loss 1.304  vf 0.032  命中(每 5 局量一次，本局跳过)  梯度步 79500  累计 18356s
[图107.1·BC] 局 319/1000  样本 359(缓冲 40000)  老师消费 2,606  未匹配 7  loss 1.325  vf 0.036  命中(每 5 局量一次，本局跳过)  梯度步 79750  累计 18412s
[图107.2·BC] 局 320/1000  样本 359(缓冲 40000)  老师消费 2,606  未匹配 7  loss 1.322  vf 0.034  命中 训练81.5%/验证49.8%  真命中(扣end_turn) 训练79.6%/验证45.2%  梯度步 80000  累计 18477s
[图107.3·DAgger] 局 321/1000  样本 350(缓冲 40000)  学生消费 2,672  未匹配 37  loss 1.288  vf 0.032  命中(每 5 局量一次，本局跳过)  梯度步 80250  累计 18537s
[图108.1·BC] 局 322/1000  样本 303(缓冲 40000)  老师消费 2,900  未匹配 9  loss 1.264  vf 0.031  命中(每 5 局量一次，本局跳过)  梯度步 80500  累计 18592s
[图108.2·BC] 局 323/1000  样本 303(缓冲 40000)  老师消费 2,900  未匹配 9  loss 1.300  vf 0.031  命中(每 5 局量一次，本局跳过)  梯度步 80750  累计 18646s
[图108.3·DAgger] 局 324/1000  样本 318(缓冲 40000)  学生消费 3,007  未匹配 38  loss 1.268  vf 0.028  命中(每 5 局量一次，本局跳过)  梯度步 81000  累计 18705s
[图109.1·BC] 局 325/1000  样本 265(缓冲 40000)  老师消费 2,835  未匹配 14  loss 1.257  vf 0.030  命中 训练41.0%/验证50.6%  真命中(扣end_turn) 训练35.4%/验证46.5%  梯度步 81250  累计 18770s
[图109.2·BC] 局 326/1000  样本 265(缓冲 40000)  老师消费 2,835  未匹配 14  loss 1.195  vf 0.032  命中(每 5 局量一次，本局跳过)  梯度步 81500  累计 18824s
[图109.3·DAgger] 局 327/1000  样本 311(缓冲 40000)  学生消费 2,517  未匹配 20  loss 1.304  vf 0.029  命中(每 5 局量一次，本局跳过)  梯度步 81750  累计 18883s
[图110.1·BC] 局 328/1000  样本 351(缓冲 40000)  老师消费 2,678  未匹配 6  loss 1.325  vf 0.029  命中(每 5 局量一次，本局跳过)  梯度步 82000  累计 18938s
[图110.2·BC] 局 329/1000  样本 351(缓冲 40000)  老师消费 2,678  未匹配 6  loss 1.276  vf 0.030  命中(每 5 局量一次，本局跳过)  梯度步 82250  累计 18992s
[图110.3·DAgger] 局 330/1000  样本 340(缓冲 40000)  学生消费 2,696  未匹配 9  loss 1.245  vf 0.029  命中 训练54.0%/验证45.5%  真命中(扣end_turn) 训练50.1%/验证40.6%  梯度步 82500  累计 19063s
[图111.1·BC] 局 331/1000  样本 336(缓冲 40000)  老师消费 2,792  未匹配 8  loss 1.299  vf 0.029  命中(每 5 局量一次，本局跳过)  梯度步 82750  累计 19117s
[图111.2·BC] 局 332/1000  样本 336(缓冲 40000)  老师消费 2,792  未匹配 8  loss 1.197  vf 0.027  命中(每 5 局量一次，本局跳过)  梯度步 83000  累计 19172s
[图111.3·DAgger] 局 333/1000  样本 367(缓冲 40000)  学生消费 2,970  未匹配 37  loss 1.303  vf 0.027  命中(每 5 局量一次，本局跳过)  梯度步 83250  累计 19232s
[图112.1·BC] 局 334/1000  样本 345(缓冲 40000)  老师消费 2,972  未匹配 12  loss 1.316  vf 0.028  命中(每 5 局量一次，本局跳过)  梯度步 83500  累计 19287s
[图112.2·BC] 局 335/1000  样本 345(缓冲 40000)  老师消费 2,972  未匹配 12  loss 1.252  vf 0.029  命中 训练53.8%/验证48.3%  真命中(扣end_turn) 训练51.4%/验证43.4%  梯度步 83750  累计 19352s
[图112.3·DAgger] 局 336/1000  样本 365(缓冲 40000)  学生消费 2,533  未匹配 23  loss 1.337  vf 0.027  命中(每 5 局量一次，本局跳过)  梯度步 84000  累计 19412s
[图113.1·BC] 局 337/1000  样本 289(缓冲 40000)  老师消费 3,064  未匹配 11  loss 1.305  vf 0.028  命中(每 5 局量一次，本局跳过)  梯度步 84250  累计 19466s
[图113.2·BC] 局 338/1000  样本 289(缓冲 40000)  老师消费 3,064  未匹配 11  loss 1.302  vf 0.028  命中(每 5 局量一次，本局跳过)  梯度步 84500  累计 19521s
[图113.3·DAgger] 局 339/1000  样本 338(缓冲 40000)  学生消费 3,215  未匹配 37  loss 1.302  vf 0.030  命中(每 5 局量一次，本局跳过)  梯度步 84750  累计 19580s
[图114.1·BC] 局 340/1000  样本 293(缓冲 40000)  老师消费 2,882  未匹配 13  loss 1.256  vf 0.029  命中 训练47.5%/验证48.3%  真命中(扣end_turn) 训练44.6%/验证43.2%  梯度步 85000  累计 19645s
[图114.2·BC] 局 341/1000  样本 293(缓冲 40000)  老师消费 2,882  未匹配 13  loss 1.220  vf 0.032  命中(每 5 局量一次，本局跳过)  梯度步 85250  累计 19700s
[图114.3·DAgger] 局 342/1000  样本 326(缓冲 40000)  学生消费 2,704  未匹配 42  loss 1.236  vf 0.031  命中(每 5 局量一次，本局跳过)  梯度步 85500  累计 19758s
[图115.1·BC] 局 343/1000  样本 284(缓冲 40000)  老师消费 2,795  未匹配 13  loss 1.236  vf 0.027  命中(每 5 局量一次，本局跳过)  梯度步 85750  累计 19812s
[图115.2·BC] 局 344/1000  样本 284(缓冲 40000)  老师消费 2,795  未匹配 13  loss 1.218  vf 0.031  命中(每 5 局量一次，本局跳过)  梯度步 86000  累计 19866s
[图115.3·DAgger] 局 345/1000  样本 309(缓冲 40000)  学生消费 2,352  未匹配 4  loss 1.226  vf 0.029  命中 训练48.8%/验证45.6%  真命中(扣end_turn) 训练43.9%/验证40.1%  梯度步 86250  累计 19935s
[图116.1·BC] 局 346/1000  样本 357(缓冲 40000)  老师消费 2,970  未匹配 5  loss 1.262  vf 0.031  命中(每 5 局量一次，本局跳过)  梯度步 86500  累计 19990s
[图116.2·BC] 局 347/1000  样本 357(缓冲 40000)  老师消费 2,970  未匹配 5  loss 1.216  vf 0.030  命中(每 5 局量一次，本局跳过)  梯度步 86750  累计 20048s
[图116.3·DAgger] 局 348/1000  样本 361(缓冲 40000)  学生消费 2,692  未匹配 41  loss 1.261  vf 0.027  命中(每 5 局量一次，本局跳过)  梯度步 87000  累计 20109s
[图117.1·BC] 局 349/1000  样本 323(缓冲 40000)  老师消费 3,000  未匹配 11  loss 1.253  vf 0.029  命中(每 5 局量一次，本局跳过)  梯度步 87250  累计 20164s
[图117.2·BC] 局 350/1000  样本 323(缓冲 40000)  老师消费 3,000  未匹配 11  loss 1.201  vf 0.028  命中 训练69.0%/验证47.6%  真命中(扣end_turn) 训练67.5%/验证42.9%  梯度步 87500  累计 20231s
[图117.3·DAgger] 局 351/1000  样本 293(缓冲 40000)  学生消费 2,702  未匹配 35  loss 1.248  vf 0.031  命中(每 5 局量一次，本局跳过)  梯度步 87750  累计 20289s
[图118.1·BC] 局 352/1000  样本 289(缓冲 40000)  老师消费 2,853  未匹配 10  loss 1.183  vf 0.027  命中(每 5 局量一次，本局跳过)  梯度步 88000  累计 20343s
[图118.2·BC] 局 353/1000  样本 289(缓冲 40000)  老师消费 2,853  未匹配 10  loss 1.247  vf 0.028  命中(每 5 局量一次，本局跳过)  梯度步 88250  累计 20398s
[图118.3·DAgger] 局 354/1000  样本 302(缓冲 40000)  学生消费 2,595  未匹配 10  loss 1.260  vf 0.029  命中(每 5 局量一次，本局跳过)  梯度步 88500  累计 20456s
[图119.1·BC] 局 355/1000  样本 351(缓冲 40000)  老师消费 2,966  未匹配 3  loss 1.189  vf 0.027  命中 训练39.2%/验证45.2%  真命中(扣end_turn) 训练33.9%/验证40.5%  梯度步 88750  累计 20521s
[图119.2·BC] 局 356/1000  样本 351(缓冲 40000)  老师消费 2,966  未匹配 3  loss 1.286  vf 0.028  命中(每 5 局量一次，本局跳过)  梯度步 89000  累计 20576s
[图119.3·DAgger] 局 357/1000  样本 391(缓冲 40000)  学生消费 2,729  未匹配 42  loss 1.215  vf 0.028  命中(每 5 局量一次，本局跳过)  梯度步 89250  累计 20638s
[图120.1·BC] 局 358/1000  样本 311(缓冲 40000)  老师消费 2,856  未匹配 12  loss 1.238  vf 0.030  命中(每 5 局量一次，本局跳过)  梯度步 89500  累计 20692s
[图120.2·BC] 局 359/1000  样本 311(缓冲 40000)  老师消费 2,856  未匹配 12  loss 1.231  vf 0.029  命中(每 5 局量一次，本局跳过)  梯度步 89750  累计 20746s
[图120.3·DAgger] 局 360/1000  样本 303(缓冲 40000)  学生消费 2,660  未匹配 30  loss 1.235  vf 0.029  命中 训练43.2%/验证46.0%  真命中(扣end_turn) 训练38.9%/验证40.3%  梯度步 90000  累计 20816s
[图121.1·BC] 局 361/1000  样本 310(缓冲 40000)  老师消费 3,189  未匹配 10  loss 1.239  vf 0.029  命中(每 5 局量一次，本局跳过)  梯度步 90250  累计 20870s
[图121.2·BC] 局 362/1000  样本 310(缓冲 40000)  老师消费 3,189  未匹配 10  loss 1.245  vf 0.027  命中(每 5 局量一次，本局跳过)  梯度步 90500  累计 20925s
[图121.3·DAgger] 局 363/1000  样本 337(缓冲 40000)  学生消费 3,103  未匹配 6  loss 1.214  vf 0.029  命中(每 5 局量一次，本局跳过)  梯度步 90750  累计 20983s
[图122.1·BC] 局 364/1000  样本 313(缓冲 40000)  老师消费 2,676  未匹配 9  loss 1.214  vf 0.028  命中(每 5 局量一次，本局跳过)  梯度步 91000  累计 21038s
[图122.2·BC] 局 365/1000  样本 313(缓冲 40000)  老师消费 2,676  未匹配 9  loss 1.191  vf 0.028  命中 训练87.5%/验证46.9%  真命中(扣end_turn) 训练85.9%/验证41.7%  梯度步 91250  累计 21103s
[图122.3·DAgger] 局 366/1000  样本 326(缓冲 40000)  学生消费 3,055  未匹配 11  loss 1.214  vf 0.027  命中(每 5 局量一次，本局跳过)  梯度步 91500  累计 21162s
[图123.1·BC] 局 367/1000  样本 310(缓冲 40000)  老师消费 2,699  未匹配 3  loss 1.210  vf 0.028  命中(每 5 局量一次，本局跳过)  梯度步 91750  累计 21217s
[图123.2·BC] 局 368/1000  样本 310(缓冲 40000)  老师消费 2,699  未匹配 3  loss 1.199  vf 0.027  命中(每 5 局量一次，本局跳过)  梯度步 92000  累计 21272s
[图123.3·DAgger] 局 369/1000  样本 328(缓冲 40000)  学生消费 2,890  未匹配 19  loss 1.181  vf 0.028  命中(每 5 局量一次，本局跳过)  梯度步 92250  累计 21331s
[图124.1·BC] 局 370/1000  样本 348(缓冲 40000)  老师消费 2,915  未匹配 11  loss 1.240  vf 0.028  命中 训练44.0%/验证48.4%  真命中(扣end_turn) 训练39.9%/验证43.5%  梯度步 92500  累计 21397s
[图124.2·BC] 局 371/1000  样本 348(缓冲 40000)  老师消费 2,915  未匹配 11  loss 1.161  vf 0.027  命中(每 5 局量一次，本局跳过)  梯度步 92750  累计 21452s
[图124.3·DAgger] 局 372/1000  样本 335(缓冲 40000)  学生消费 2,427  未匹配 3  loss 1.237  vf 0.025  命中(每 5 局量一次，本局跳过)  梯度步 93000  累计 21510s
[图125.1·BC] 局 373/1000  样本 341(缓冲 40000)  老师消费 2,917  未匹配 11  loss 1.201  vf 0.027  命中(每 5 局量一次，本局跳过)  梯度步 93250  累计 21565s
[图125.2·BC] 局 374/1000  样本 341(缓冲 40000)  老师消费 2,917  未匹配 11  loss 1.215  vf 0.029  命中(每 5 局量一次，本局跳过)  梯度步 93500  累计 21620s
[图125.3·DAgger] 局 375/1000  样本 348(缓冲 40000)  学生消费 2,612  未匹配 7  loss 1.258  vf 0.027  命中 训练45.5%/验证46.7%  真命中(扣end_turn) 训练39.7%/验证40.7%  梯度步 93750  累计 21690s
[图126.1·BC] 局 376/1000  样本 287(缓冲 40000)  老师消费 2,875  未匹配 10  loss 1.156  vf 0.027  命中(每 5 局量一次，本局跳过)  梯度步 94000  累计 21745s
[图126.2·BC] 局 377/1000  样本 287(缓冲 40000)  老师消费 2,875  未匹配 10  loss 1.191  vf 0.025  命中(每 5 局量一次，本局跳过)  梯度步 94250  累计 21800s
[图126.3·DAgger] 局 378/1000  样本 310(缓冲 40000)  学生消费 2,976  未匹配 7  loss 1.207  vf 0.025  命中(每 5 局量一次，本局跳过)  梯度步 94500  累计 21861s
[图127.1·BC] 局 379/1000  样本 291(缓冲 40000)  老师消费 3,223  未匹配 4  loss 1.170  vf 0.025  命中(每 5 局量一次，本局跳过)  梯度步 94750  累计 21916s
[图127.2·BC] 局 380/1000  样本 291(缓冲 40000)  老师消费 3,223  未匹配 4  loss 1.152  vf 0.025  命中 训练63.3%/验证46.0%  真命中(扣end_turn) 训练57.3%/验证40.4%  梯度步 95000  累计 21982s
[图127.3·DAgger] 局 381/1000  样本 285(缓冲 40000)  学生消费 2,808  未匹配 6  loss 1.201  vf 0.028  命中(每 5 局量一次，本局跳过)  梯度步 95250  累计 22040s
[图128.1·BC] 局 382/1000  样本 240(缓冲 40000)  老师消费 2,388  未匹配 13  loss 1.248  vf 0.025  命中(每 5 局量一次，本局跳过)  梯度步 95500  累计 22094s
[图128.2·BC] 局 383/1000  样本 240(缓冲 40000)  老师消费 2,388  未匹配 13  loss 1.159  vf 0.028  命中(每 5 局量一次，本局跳过)  梯度步 95750  累计 22149s
[图128.3·DAgger] 局 384/1000  样本 299(缓冲 40000)  学生消费 2,159  未匹配 3  loss 1.181  vf 0.029  命中(每 5 局量一次，本局跳过)  梯度步 96000  累计 22208s
[图129.1·BC] 局 385/1000  样本 305(缓冲 40000)  老师消费 2,863  未匹配 8  loss 1.180  vf 0.027  命中 训练55.0%/验证48.0%  真命中(扣end_turn) 训练47.4%/验证42.6%  梯度步 96250  累计 22276s
[图129.2·BC] 局 386/1000  样本 305(缓冲 40000)  老师消费 2,863  未匹配 8  loss 1.157  vf 0.028  命中(每 5 局量一次，本局跳过)  梯度步 96500  累计 22332s
[图129.3·DAgger] 局 387/1000  样本 332(缓冲 40000)  学生消费 2,620  未匹配 40  loss 1.202  vf 0.027  命中(每 5 局量一次，本局跳过)  梯度步 96750  累计 22393s
[图130.1·BC] 局 388/1000  样本 355(缓冲 40000)  老师消费 2,916  未匹配 5  loss 1.198  vf 0.026  命中(每 5 局量一次，本局跳过)  梯度步 97000  累计 22448s
[图130.2·BC] 局 389/1000  样本 355(缓冲 40000)  老师消费 2,916  未匹配 5  loss 1.177  vf 0.025  命中(每 5 局量一次，本局跳过)  梯度步 97250  累计 22504s
[图130.3·DAgger] 局 390/1000  样本 349(缓冲 40000)  学生消费 2,552  未匹配 28  loss 1.166  vf 0.023  命中 训练57.7%/验证50.9%  真命中(扣end_turn) 训练54.8%/验证45.9%  梯度步 97500  累计 22575s
[图131.1·BC] 局 391/1000  样本 246(缓冲 40000)  老师消费 2,697  未匹配 8  loss 1.112  vf 0.025  命中(每 5 局量一次，本局跳过)  梯度步 97750  累计 22629s
[图131.2·BC] 局 392/1000  样本 246(缓冲 40000)  老师消费 2,697  未匹配 8  loss 1.135  vf 0.023  命中(每 5 局量一次，本局跳过)  梯度步 98000  累计 22684s
[图131.3·DAgger] 局 393/1000  样本 308(缓冲 40000)  学生消费 3,066  未匹配 5  loss 1.273  vf 0.026  命中(每 5 局量一次，本局跳过)  梯度步 98250  累计 22742s
[图132.1·BC] 局 394/1000  样本 311(缓冲 40000)  老师消费 2,686  未匹配 5  loss 1.159  vf 0.025  命中(每 5 局量一次，本局跳过)  梯度步 98500  累计 22798s
[图132.2·BC] 局 395/1000  样本 311(缓冲 40000)  老师消费 2,686  未匹配 5  loss 1.163  vf 0.027  命中 训练52.8%/验证45.9%  真命中(扣end_turn) 训练49.4%/验证40.6%  梯度步 98750  累计 22864s
[图132.3·DAgger] 局 396/1000  样本 334(缓冲 40000)  学生消费 2,741  未匹配 45  loss 1.169  vf 0.027  命中(每 5 局量一次，本局跳过)  梯度步 99000  累计 22924s
[图133.1·BC] 局 397/1000  样本 307(缓冲 40000)  老师消费 2,675  未匹配 6  loss 1.146  vf 0.026  命中(每 5 局量一次，本局跳过)  梯度步 99250  累计 22979s
[图133.2·BC] 局 398/1000  样本 307(缓冲 40000)  老师消费 2,675  未匹配 6  loss 1.116  vf 0.025  命中(每 5 局量一次，本局跳过)  梯度步 99500  累计 23035s
[图133.3·DAgger] 局 399/1000  样本 351(缓冲 40000)  学生消费 2,523  未匹配 37  loss 1.110  vf 0.024  命中(每 5 局量一次，本局跳过)  梯度步 99750  累计 23095s
[图134.1·BC] 局 400/1000  样本 304(缓冲 40000)  老师消费 2,690  未匹配 8  loss 1.189  vf 0.025  命中 训练53.0%/验证39.9%  真命中(扣end_turn) 训练47.9%/验证34.2%  梯度步 100000  累计 23161s
[图134.2·BC] 局 401/1000  样本 304(缓冲 40000)  老师消费 2,690  未匹配 8  loss 1.138  vf 0.026  命中(每 5 局量一次，本局跳过)  梯度步 100250  累计 23216s
[图134.3·DAgger] 局 402/1000  样本 323(缓冲 40000)  学生消费 3,085  未匹配 13  loss 1.135  vf 0.028  命中(每 5 局量一次，本局跳过)  梯度步 100500  累计 23275s
[图135.1·BC] 局 403/1000  样本 295(缓冲 40000)  老师消费 2,886  未匹配 13  loss 1.134  vf 0.025  命中(每 5 局量一次，本局跳过)  梯度步 100750  累计 23330s
[图135.2·BC] 局 404/1000  样本 295(缓冲 40000)  老师消费 2,886  未匹配 13  loss 1.164  vf 0.029  命中(每 5 局量一次，本局跳过)  梯度步 101000  累计 23385s
[图135.3·DAgger] 局 405/1000  样本 365(缓冲 40000)  学生消费 2,993  未匹配 30  loss 1.152  vf 0.028  命中 训练42.0%/验证41.0%  真命中(扣end_turn) 训练36.8%/验证34.9%  梯度步 101250  累计 23456s
[图136.1·BC] 局 406/1000  样本 289(缓冲 40000)  老师消费 2,828  未匹配 11  loss 1.181  vf 0.028  命中(每 5 局量一次，本局跳过)  梯度步 101500  累计 23511s
[图136.2·BC] 局 407/1000  样本 289(缓冲 40000)  老师消费 2,828  未匹配 11  loss 1.158  vf 0.026  命中(每 5 局量一次，本局跳过)  梯度步 101750  累计 23566s
[图136.3·DAgger] 局 408/1000  样本 324(缓冲 40000)  学生消费 2,596  未匹配 19  loss 1.114  vf 0.024  命中(每 5 局量一次，本局跳过)  梯度步 102000  累计 23625s
[图137.1·BC] 局 409/1000  样本 306(缓冲 40000)  老师消费 2,678  未匹配 6  loss 1.143  vf 0.025  命中(每 5 局量一次，本局跳过)  梯度步 102250  累计 23680s
[图137.2·BC] 局 410/1000  样本 306(缓冲 40000)  老师消费 2,678  未匹配 6  loss 1.084  vf 0.023  命中 训练87.8%/验证44.9%  真命中(扣end_turn) 训练86.2%/验证39.9%  梯度步 102500  累计 23746s
[图137.3·DAgger] 局 411/1000  样本 340(缓冲 40000)  学生消费 2,988  未匹配 41  loss 1.076  vf 0.024  命中(每 5 局量一次，本局跳过)  梯度步 102750  累计 23810s
[图138.1·BC] 局 412/1000  样本 269(缓冲 40000)  老师消费 2,915  未匹配 11  loss 1.069  vf 0.024  命中(每 5 局量一次，本局跳过)  梯度步 103000  累计 23865s
[图138.2·BC] 局 413/1000  样本 269(缓冲 40000)  老师消费 2,915  未匹配 11  loss 1.142  vf 0.028  命中(每 5 局量一次，本局跳过)  梯度步 103250  累计 23920s
[图138.3·DAgger] 局 414/1000  样本 304(缓冲 40000)  学生消费 2,440  未匹配 14  loss 1.120  vf 0.023  命中(每 5 局量一次，本局跳过)  梯度步 103500  累计 23980s
[图139.1·BC] 局 415/1000  样本 332(缓冲 40000)  老师消费 2,691  未匹配 10  loss 1.076  vf 0.026  命中 训练56.0%/验证43.3%  真命中(扣end_turn) 训练52.6%/验证37.4%  梯度步 103750  累计 24045s
[图139.2·BC] 局 416/1000  样本 332(缓冲 40000)  老师消费 2,691  未匹配 10  loss 1.170  vf 0.023  命中(每 5 局量一次，本局跳过)  梯度步 104000  累计 24100s
[图139.3·DAgger] 局 417/1000  样本 382(缓冲 40000)  学生消费 2,437  未匹配 28  loss 1.139  vf 0.024  命中(每 5 局量一次，本局跳过)  梯度步 104250  累计 24163s
[图140.1·BC] 局 418/1000  样本 273(缓冲 40000)  老师消费 2,779  未匹配 12  loss 1.073  vf 0.021  命中(每 5 局量一次，本局跳过)  梯度步 104500  累计 24218s
[图140.2·BC] 局 419/1000  样本 273(缓冲 40000)  老师消费 2,779  未匹配 12  loss 1.042  vf 0.023  命中(每 5 局量一次，本局跳过)  梯度步 104750  累计 24273s
[图140.3·DAgger] 局 420/1000  样本 332(缓冲 40000)  学生消费 2,626  未匹配 29  loss 1.076  vf 0.025  命中 训练57.2%/验证47.4%  真命中(扣end_turn) 训练53.9%/验证41.7%  梯度步 105000  累计 24344s
[图141.1·BC] 局 421/1000  样本 326(缓冲 40000)  老师消费 2,799  未匹配 12  loss 1.130  vf 0.024  命中(每 5 局量一次，本局跳过)  梯度步 105250  累计 24399s
[图141.2·BC] 局 422/1000  样本 326(缓冲 40000)  老师消费 2,799  未匹配 12  loss 1.076  vf 0.022  命中(每 5 局量一次，本局跳过)  梯度步 105500  累计 24455s
[图141.3·DAgger] 局 423/1000  样本 356(缓冲 40000)  学生消费 2,573  未匹配 29  loss 1.132  vf 0.024  命中(每 5 局量一次，本局跳过)  梯度步 105750  累计 24515s
[图142.1·BC] 局 424/1000  样本 318(缓冲 40000)  老师消费 2,694  未匹配 11  loss 1.107  vf 0.023  命中(每 5 局量一次，本局跳过)  梯度步 106000  累计 24570s
[图142.2·BC] 局 425/1000  样本 318(缓冲 40000)  老师消费 2,694  未匹配 11  loss 1.065  vf 0.023  命中 训练51.8%/验证39.6%  真命中(扣end_turn) 训练45.0%/验证32.8%  梯度步 106250  累计 24636s
[图142.3·DAgger] 局 426/1000  样本 332(缓冲 40000)  学生消费 2,561  未匹配 31  loss 1.147  vf 0.024  命中(每 5 局量一次，本局跳过)  梯度步 106500  累计 24695s
[图143.1·BC] 局 427/1000  样本 303(缓冲 40000)  老师消费 2,827  未匹配 13  loss 1.066  vf 0.025  命中(每 5 局量一次，本局跳过)  梯度步 106750  累计 24750s
[图143.2·BC] 局 428/1000  样本 303(缓冲 40000)  老师消费 2,827  未匹配 13  loss 1.121  vf 0.023  命中(每 5 局量一次，本局跳过)  梯度步 107000  累计 24804s
[图143.3·DAgger] 局 429/1000  样本 363(缓冲 40000)  学生消费 2,802  未匹配 31  loss 1.118  vf 0.023  命中(每 5 局量一次，本局跳过)  梯度步 107250  累计 24866s
[图144.1·BC] 局 430/1000  样本 313(缓冲 40000)  老师消费 2,906  未匹配 8  loss 1.060  vf 0.022  命中 训练46.5%/验证46.5%  真命中(扣end_turn) 训练41.2%/验证40.8%  梯度步 107500  累计 24932s
[图144.2·BC] 局 431/1000  样本 313(缓冲 40000)  老师消费 2,906  未匹配 8  loss 1.061  vf 0.022  命中(每 5 局量一次，本局跳过)  梯度步 107750  累计 24988s
[图144.3·DAgger] 局 432/1000  样本 319(缓冲 40000)  学生消费 2,903  未匹配 24  loss 1.064  vf 0.021  命中(每 5 局量一次，本局跳过)  梯度步 108000  累计 25047s
[图145.1·BC] 局 433/1000  样本 343(缓冲 40000)  老师消费 2,895  未匹配 14  loss 1.059  vf 0.021  命中(每 5 局量一次，本局跳过)  梯度步 108250  累计 25103s
[图145.2·BC] 局 434/1000  样本 343(缓冲 40000)  老师消费 2,895  未匹配 14  loss 1.022  vf 0.022  命中(每 5 局量一次，本局跳过)  梯度步 108500  累计 25159s
[图145.3·DAgger] 局 435/1000  样本 312(缓冲 40000)  学生消费 2,981  未匹配 7  loss 1.139  vf 0.023  命中 训练45.7%/验证48.0%  真命中(扣end_turn) 训练40.5%/验证43.1%  梯度步 108750  累计 25229s
[图146.1·BC] 局 436/1000  样本 310(缓冲 40000)  老师消费 2,829  未匹配 9  loss 1.061  vf 0.021  命中(每 5 局量一次，本局跳过)  梯度步 109000  累计 25284s
[图146.2·BC] 局 437/1000  样本 310(缓冲 40000)  老师消费 2,829  未匹配 9  loss 1.064  vf 0.021  命中(每 5 局量一次，本局跳过)  梯度步 109250  累计 25339s
[图146.3·DAgger] 局 438/1000  样本 342(缓冲 40000)  学生消费 2,615  未匹配 36  loss 1.046  vf 0.021  命中(每 5 局量一次，本局跳过)  梯度步 109500  累计 25399s
[图147.1·BC] 局 439/1000  样本 350(缓冲 40000)  老师消费 2,845  未匹配 4  loss 1.095  vf 0.022  命中(每 5 局量一次，本局跳过)  梯度步 109750  累计 25455s
[图147.2·BC] 局 440/1000  样本 350(缓冲 40000)  老师消费 2,845  未匹配 4  loss 1.049  vf 0.020  命中 训练67.3%/验证50.0%  真命中(扣end_turn) 训练62.6%/验证44.8%  梯度步 110000  累计 25521s
[图147.3·DAgger] 局 441/1000  样本 389(缓冲 40000)  学生消费 2,678  未匹配 30  loss 1.089  vf 0.023  命中(每 5 局量一次，本局跳过)  梯度步 110250  累计 25582s
[图148.1·BC] 局 442/1000  样本 290(缓冲 40000)  老师消费 2,765  未匹配 12  loss 1.090  vf 0.021  命中(每 5 局量一次，本局跳过)  梯度步 110500  累计 25637s
[图148.2·BC] 局 443/1000  样本 290(缓冲 40000)  老师消费 2,765  未匹配 12  loss 1.035  vf 0.020  命中(每 5 局量一次，本局跳过)  梯度步 110750  累计 25696s
[图148.3·DAgger] 局 444/1000  样本 340(缓冲 40000)  学生消费 2,202  未匹配 7  loss 1.084  vf 0.022  命中(每 5 局量一次，本局跳过)  梯度步 111000  累计 25755s
[图149.1·BC] 局 445/1000  样本 311(缓冲 40000)  老师消费 3,179  未匹配 10  loss 1.044  vf 0.022  命中 训练58.2%/验证52.6%  真命中(扣end_turn) 训练52.2%/验证47.5%  梯度步 111250  累计 25821s
[图149.2·BC] 局 446/1000  样本 311(缓冲 40000)  老师消费 3,179  未匹配 10  loss 1.092  vf 0.023  命中(每 5 局量一次，本局跳过)  梯度步 111500  累计 25876s
[图149.3·DAgger] 局 447/1000  样本 338(缓冲 40000)  学生消费 3,016  未匹配 27  loss 1.061  vf 0.022  命中(每 5 局量一次，本局跳过)  梯度步 111750  累计 25937s
[图150.1·BC] 局 448/1000  样本 241(缓冲 40000)  老师消费 2,385  未匹配 11  loss 1.085  vf 0.020  命中(每 5 局量一次，本局跳过)  梯度步 112000  累计 25992s
[图150.2·BC] 局 449/1000  样本 241(缓冲 40000)  老师消费 2,385  未匹配 11  loss 1.060  vf 0.022  命中(每 5 局量一次，本局跳过)  梯度步 112250  累计 26048s
[图150.3·DAgger] 局 450/1000  样本 293(缓冲 40000)  学生消费 2,427  未匹配 34  loss 1.086  vf 0.022  命中 训练50.2%/验证47.1%  真命中(扣end_turn) 训练45.6%/验证41.2%  梯度步 112500  累计 26118s
[图151.1·BC] 局 451/1000  样本 340(缓冲 40000)  老师消费 2,811  未匹配 7  loss 1.029  vf 0.020  命中(每 5 局量一次，本局跳过)  梯度步 112750  累计 26174s
[图151.2·BC] 局 452/1000  样本 340(缓冲 40000)  老师消费 2,811  未匹配 7  loss 1.035  vf 0.020  命中(每 5 局量一次，本局跳过)  梯度步 113000  累计 26230s
[图151.3·DAgger] 局 453/1000  样本 295(缓冲 40000)  学生消费 2,792  未匹配 7  loss 1.045  vf 0.021  命中(每 5 局量一次，本局跳过)  梯度步 113250  累计 26290s
[图152.1·BC] 局 454/1000  样本 295(缓冲 40000)  老师消费 2,836  未匹配 10  loss 1.081  vf 0.022  命中(每 5 局量一次，本局跳过)  梯度步 113500  累计 26345s
[图152.2·BC] 局 455/1000  样本 295(缓冲 40000)  老师消费 2,836  未匹配 10  loss 1.082  vf 0.020  命中 训练68.2%/验证45.9%  真命中(扣end_turn) 训练64.1%/验证40.0%  梯度步 113750  累计 26410s
[图152.3·DAgger] 局 456/1000  样本 382(缓冲 40000)  学生消费 3,119  未匹配 40  loss 1.107  vf 0.023  命中(每 5 局量一次，本局跳过)  梯度步 114000  累计 26471s
[图153.1·BC] 局 457/1000  样本 288(缓冲 40000)  老师消费 2,640  未匹配 9  loss 1.085  vf 0.023  命中(每 5 局量一次，本局跳过)  梯度步 114250  累计 26526s
[图153.2·BC] 局 458/1000  样本 288(缓冲 40000)  老师消费 2,640  未匹配 9  loss 1.063  vf 0.020  命中(每 5 局量一次，本局跳过)  梯度步 114500  累计 26580s
[图153.3·DAgger] 局 459/1000  样本 372(缓冲 40000)  学生消费 2,532  未匹配 31  loss 1.046  vf 0.020  命中(每 5 局量一次，本局跳过)  梯度步 114750  累计 26640s
[图154.1·BC] 局 460/1000  样本 312(缓冲 40000)  老师消费 2,870  未匹配 8  loss 1.040  vf 0.020  命中 训练60.7%/验证48.4%  真命中(扣end_turn) 训练55.5%/验证42.5%  梯度步 115000  累计 26708s
[图154.2·BC] 局 461/1000  样本 312(缓冲 40000)  老师消费 2,870  未匹配 8  loss 1.007  vf 0.021  命中(每 5 局量一次，本局跳过)  梯度步 115250  累计 26765s
[图154.3·DAgger] 局 462/1000  样本 347(缓冲 40000)  学生消费 2,957  未匹配 38  loss 1.033  vf 0.020  命中(每 5 局量一次，本局跳过)  梯度步 115500  累计 26826s
[图155.1·BC] 局 463/1000  样本 272(缓冲 40000)  老师消费 2,837  未匹配 10  loss 1.039  vf 0.020  命中(每 5 局量一次，本局跳过)  梯度步 115750  累计 26881s
[图155.2·BC] 局 464/1000  样本 272(缓冲 40000)  老师消费 2,837  未匹配 10  loss 1.045  vf 0.020  命中(每 5 局量一次，本局跳过)  梯度步 116000  累计 26936s
[图155.3·DAgger] 局 465/1000  样本 342(缓冲 40000)  学生消费 2,805  未匹配 25  loss 1.063  vf 0.019  命中 训练58.5%/验证49.9%  真命中(扣end_turn) 训练54.4%/验证44.2%  梯度步 116250  累计 27008s
[图156.1·BC] 局 466/1000  样本 278(缓冲 40000)  老师消费 2,633  未匹配 13  loss 1.038  vf 0.022  命中(每 5 局量一次，本局跳过)  梯度步 116500  累计 27063s
[图156.2·BC] 局 467/1000  样本 278(缓冲 40000)  老师消费 2,633  未匹配 13  loss 1.022  vf 0.019  命中(每 5 局量一次，本局跳过)  梯度步 116750  累计 27118s
[图156.3·DAgger] 局 468/1000  样本 290(缓冲 40000)  学生消费 2,463  未匹配 22  loss 1.058  vf 0.017  命中(每 5 局量一次，本局跳过)  梯度步 117000  累计 27177s
[图157.1·BC] 局 469/1000  样本 283(缓冲 40000)  老师消费 2,809  未匹配 11  loss 1.040  vf 0.020  命中(每 5 局量一次，本局跳过)  梯度步 117250  累计 27232s
[图157.2·BC] 局 470/1000  样本 283(缓冲 40000)  老师消费 2,809  未匹配 11  loss 1.026  vf 0.020  命中 训练63.8%/验证44.0%  真命中(扣end_turn) 训练58.4%/验证36.8%  梯度步 117500  累计 27297s
[图157.3·DAgger] 局 471/1000  样本 295(缓冲 40000)  学生消费 2,763  未匹配 3  loss 1.072  vf 0.018  命中(每 5 局量一次，本局跳过)  梯度步 117750  累计 27355s
[图158.1·BC] 局 472/1000  样本 259(缓冲 40000)  老师消费 2,843  未匹配 14  loss 1.016  vf 0.019  命中(每 5 局量一次，本局跳过)  梯度步 118000  累计 27410s
[图158.2·BC] 局 473/1000  样本 259(缓冲 40000)  老师消费 2,843  未匹配 14  loss 0.987  vf 0.019  命中(每 5 局量一次，本局跳过)  梯度步 118250  累计 27464s
[图158.3·DAgger] 局 474/1000  样本 356(缓冲 40000)  学生消费 2,597  未匹配 14  loss 1.035  vf 0.020  命中(每 5 局量一次，本局跳过)  梯度步 118500  累计 27524s
[图159.1·BC] 局 475/1000  样本 279(缓冲 40000)  老师消费 2,714  未匹配 12  loss 1.063  vf 0.019  命中 训练39.3%/验证43.0%  真命中(扣end_turn) 训练32.2%/验证35.7%  梯度步 118750  累计 27591s
[图159.2·BC] 局 476/1000  样本 279(缓冲 40000)  老师消费 2,714  未匹配 12  loss 1.061  vf 0.020  命中(每 5 局量一次，本局跳过)  梯度步 119000  累计 27645s
[图159.3·DAgger] 局 477/1000  样本 315(缓冲 40000)  学生消费 2,467  未匹配 30  loss 0.997  vf 0.019  命中(每 5 局量一次，本局跳过)  梯度步 119250  累计 27704s
[图160.1·BC] 局 478/1000  样本 324(缓冲 40000)  老师消费 2,704  未匹配 10  loss 0.999  vf 0.018  命中(每 5 局量一次，本局跳过)  梯度步 119500  累计 27759s
[图160.2·BC] 局 479/1000  样本 324(缓冲 40000)  老师消费 2,704  未匹配 10  loss 1.065  vf 0.018  命中(每 5 局量一次，本局跳过)  梯度步 119750  累计 27817s
[图160.3·DAgger] 局 480/1000  样本 358(缓冲 40000)  学生消费 2,854  未匹配 41  loss 1.042  vf 0.021  命中 训练59.2%/验证48.3%  真命中(扣end_turn) 训练54.3%/验证42.3%  梯度步 120000  累计 27890s
[图161.1·BC] 局 481/1000  样本 300(缓冲 40000)  老师消费 2,877  未匹配 12  loss 1.066  vf 0.019  命中(每 5 局量一次，本局跳过)  梯度步 120250  累计 27945s
[图161.2·BC] 局 482/1000  样本 300(缓冲 40000)  老师消费 2,877  未匹配 12  loss 0.978  vf 0.019  命中(每 5 局量一次，本局跳过)  梯度步 120500  累计 28000s
[图161.3·DAgger] 局 483/1000  样本 308(缓冲 40000)  学生消费 2,885  未匹配 49  loss 1.039  vf 0.018  命中(每 5 局量一次，本局跳过)  梯度步 120750  累计 28060s
[图162.1·BC] 局 484/1000  样本 292(缓冲 40000)  老师消费 2,794  未匹配 11  loss 0.979  vf 0.017  命中(每 5 局量一次，本局跳过)  梯度步 121000  累计 28114s
[图162.2·BC] 局 485/1000  样本 292(缓冲 40000)  老师消费 2,794  未匹配 11  loss 1.014  vf 0.018  命中 训练58.3%/验证51.8%  真命中(扣end_turn) 训练54.9%/验证45.8%  梯度步 121250  累计 28180s
[图162.3·DAgger] 局 486/1000  样本 322(缓冲 40000)  学生消费 2,590  未匹配 37  loss 1.037  vf 0.018  命中(每 5 局量一次，本局跳过)  梯度步 121500  累计 28239s
[图163.1·BC] 局 487/1000  样本 310(缓冲 40000)  老师消费 2,640  未匹配 8  loss 1.026  vf 0.017  命中(每 5 局量一次，本局跳过)  梯度步 121750  累计 28294s
[图163.2·BC] 局 488/1000  样本 310(缓冲 40000)  老师消费 2,640  未匹配 8  loss 0.988  vf 0.016  命中(每 5 局量一次，本局跳过)  梯度步 122000  累计 28349s
[图163.3·DAgger] 局 489/1000  样本 326(缓冲 40000)  学生消费 2,526  未匹配 42  loss 0.969  vf 0.019  命中(每 5 局量一次，本局跳过)  梯度步 122250  累计 28408s
[图164.1·BC] 局 490/1000  样本 314(缓冲 40000)  老师消费 3,294  未匹配 9  loss 1.002  vf 0.017  命中 训练50.0%/验证50.6%  真命中(扣end_turn) 训练45.0%/验证45.2%  梯度步 122500  累计 28473s
[图164.2·BC] 局 491/1000  样本 314(缓冲 40000)  老师消费 3,294  未匹配 9  loss 0.947  vf 0.019  命中(每 5 局量一次，本局跳过)  梯度步 122750  累计 28528s
[图164.3·DAgger] 局 492/1000  样本 369(缓冲 40000)  学生消费 2,550  未匹配 33  loss 0.986  vf 0.020  命中(每 5 局量一次，本局跳过)  梯度步 123000  累计 28588s
[图165.1·BC] 局 493/1000  样本 308(缓冲 40000)  老师消费 3,093  未匹配 3  loss 0.986  vf 0.018  命中(每 5 局量一次，本局跳过)  梯度步 123250  累计 28644s
[图165.2·BC] 局 494/1000  样本 308(缓冲 40000)  老师消费 3,093  未匹配 3  loss 0.971  vf 0.019  命中(每 5 局量一次，本局跳过)  梯度步 123500  累计 28699s
[图165.3·DAgger] 局 495/1000  样本 340(缓冲 40000)  学生消费 3,153  未匹配 36  loss 0.950  vf 0.021  命中 训练51.2%/验证51.0%  真命中(扣end_turn) 训练47.0%/验证45.3%  梯度步 123750  累计 28770s
[图166.1·BC] 局 496/1000  样本 285(缓冲 40000)  老师消费 2,694  未匹配 11  loss 1.006  vf 0.020  命中(每 5 局量一次，本局跳过)  梯度步 124000  累计 28825s
[图166.2·BC] 局 497/1000  样本 285(缓冲 40000)  老师消费 2,694  未匹配 11  loss 0.982  vf 0.020  命中(每 5 局量一次，本局跳过)  梯度步 124250  累计 28880s
[图166.3·DAgger] 局 498/1000  样本 333(缓冲 40000)  学生消费 2,483  未匹配 25  loss 1.060  vf 0.018  命中(每 5 局量一次，本局跳过)  梯度步 124500  累计 28940s
[图167.1·BC] 局 499/1000  样本 309(缓冲 40000)  老师消费 2,683  未匹配 10  loss 0.973  vf 0.018  命中(每 5 局量一次，本局跳过)  梯度步 124750  累计 28997s
[图167.2·BC] 局 500/1000  样本 309(缓冲 40000)  老师消费 2,683  未匹配 10  loss 0.953  vf 0.020  命中 训练90.2%/验证53.2%  真命中(扣end_turn) 训练89.4%/验证48.0%  梯度步 125000  累计 29063s
[图167.3·DAgger] 局 501/1000  样本 307(缓冲 40000)  学生消费 2,481  未匹配 2  loss 1.023  vf 0.020  命中(每 5 局量一次，本局跳过)  梯度步 125250  累计 29122s
[图168.1·BC] 局 502/1000  样本 271(缓冲 40000)  老师消费 2,772  未匹配 10  loss 0.985  vf 0.019  命中(每 5 局量一次，本局跳过)  梯度步 125500  累计 29176s
[图168.2·BC] 局 503/1000  样本 271(缓冲 40000)  老师消费 2,772  未匹配 10  loss 0.968  vf 0.020  命中(每 5 局量一次，本局跳过)  梯度步 125750  累计 29231s
[图168.3·DAgger] 局 504/1000  样本 378(缓冲 40000)  学生消费 2,658  未匹配 37  loss 1.006  vf 0.020  命中(每 5 局量一次，本局跳过)  梯度步 126000  累计 29292s
[图169.1·BC] 局 505/1000  样本 281(缓冲 40000)  老师消费 2,699  未匹配 12  loss 0.969  vf 0.020  命中 训练56.7%/验证49.9%  真命中(扣end_turn) 训练51.7%/验证44.5%  梯度步 126250  累计 29358s
[图169.2·BC] 局 506/1000  样本 281(缓冲 40000)  老师消费 2,699  未匹配 12  loss 0.942  vf 0.019  命中(每 5 局量一次，本局跳过)  梯度步 126500  累计 29413s
[图169.3·DAgger] 局 507/1000  样本 324(缓冲 40000)  学生消费 2,792  未匹配 46  loss 0.990  vf 0.020  命中(每 5 局量一次，本局跳过)  梯度步 126750  累计 29474s
[图170.1·BC] 局 508/1000  样本 292(缓冲 40000)  老师消费 2,820  未匹配 13  loss 0.972  vf 0.019  命中(每 5 局量一次，本局跳过)  梯度步 127000  累计 29529s
[图170.2·BC] 局 509/1000  样本 292(缓冲 40000)  老师消费 2,820  未匹配 13  loss 0.969  vf 0.019  命中(每 5 局量一次，本局跳过)  梯度步 127250  累计 29584s
[图170.3·DAgger] 局 510/1000  样本 350(缓冲 40000)  学生消费 2,656  未匹配 44  loss 0.973  vf 0.018  命中 训练51.0%/验证51.2%  真命中(扣end_turn) 训练45.9%/验证45.7%  梯度步 127500  累计 29655s
[图171.1·BC] 局 511/1000  样本 350(缓冲 40000)  老师消费 2,903  未匹配 6  loss 0.960  vf 0.017  命中(每 5 局量一次，本局跳过)  梯度步 127750  累计 29710s
[图171.2·BC] 局 512/1000  样本 350(缓冲 40000)  老师消费 2,903  未匹配 6  loss 0.923  vf 0.018  命中(每 5 局量一次，本局跳过)  梯度步 128000  累计 29769s
[图171.3·DAgger] 局 513/1000  样本 320(缓冲 40000)  学生消费 2,916  未匹配 7  loss 0.980  vf 0.021  命中(每 5 局量一次，本局跳过)  梯度步 128250  累计 29828s
[图172.1·BC] 局 514/1000  样本 299(缓冲 40000)  老师消费 2,911  未匹配 13  loss 0.980  vf 0.020  命中(每 5 局量一次，本局跳过)  梯度步 128500  累计 29883s
[图172.2·BC] 局 515/1000  样本 299(缓冲 40000)  老师消费 2,911  未匹配 13  loss 0.939  vf 0.020  命中 训练76.3%/验证50.3%  真命中(扣end_turn) 训练72.9%/验证44.8%  梯度步 128750  累计 29948s
[图172.3·DAgger] 局 516/1000  样本 346(缓冲 40000)  学生消费 2,793  未匹配 31  loss 0.977  vf 0.020  命中(每 5 局量一次，本局跳过)  梯度步 129000  累计 30010s
[图173.1·BC] 局 517/1000  样本 309(缓冲 40000)  老师消费 2,940  未匹配 11  loss 0.941  vf 0.018  命中(每 5 局量一次，本局跳过)  梯度步 129250  累计 30065s
[图173.2·BC] 局 518/1000  样本 309(缓冲 40000)  老师消费 2,940  未匹配 11  loss 0.956  vf 0.017  命中(每 5 局量一次，本局跳过)  梯度步 129500  累计 30121s
[图173.3·DAgger] 局 519/1000  样本 296(缓冲 40000)  学生消费 3,115  未匹配 6  loss 0.976  vf 0.017  命中(每 5 局量一次，本局跳过)  梯度步 129750  累计 30179s
[图174.1·BC] 局 520/1000  样本 334(缓冲 40000)  老师消费 2,683  未匹配 3  loss 0.960  vf 0.018  命中 训练54.0%/验证49.9%  真命中(扣end_turn) 训练51.4%/验证44.7%  梯度步 130000  累计 30244s
[图174.2·BC] 局 521/1000  样本 334(缓冲 40000)  老师消费 2,683  未匹配 3  loss 0.924  vf 0.018  命中(每 5 局量一次，本局跳过)  梯度步 130250  累计 30299s
[图174.3·DAgger] 局 522/1000  样本 347(缓冲 40000)  学生消费 2,292  未匹配 29  loss 0.942  vf 0.020  命中(每 5 局量一次，本局跳过)  梯度步 130500  累计 30360s
