批次自动 = 32（net=tf）
★P4 主干（WindowTransformer）：d_model=192 4 层 4 头，2,259,459 参数；窗口 360 token / 亮 71；**无 CNN**（候选只带相对落点去 attend）；batch=32 激活粗估 ≈478 MB（ECS 可用 3.3 GB，超了就换页——换页看着像慢，不像崩）
设备：cuda（Tesla P4，7.9 GiB）
★纠正模式：从 rl/runs/bc_candx50_gpu/ep520.pt 起步（iter 0）——不从头 BC，只做纠正
老师 = v11plus（ruleai.v11plus.entry）  视野 = 每局回合数 + 20（本局 100 ⇒ 120）  每局 100 回合 × 400 局  每局 250 梯度步  缓冲 40000
★块调度：每 3 局换一张图（共约 133 张）—— 块内前 2 局纯 BC（100 回合）、其余 1 局 DAgger（130 回合）；每 6 **块**留出 1 整块当验证集
  ⚠ --episodes 400 不是 --block 3 的整数倍，最后一块只有 1 局
★地图池：rl/maps/early_start_pool.json（802 张）⇒ 训练图不再按 `块号×7919` 取，改成**按块顺序取池子**（块 k 用池子第 k % 802 个）
[图1.1·BC] 局 1/400  样本 705(缓冲 705)  老师消费 5,086  未匹配 20  loss 0.944  vf 0.125  命中(每 5 局量一次，本局跳过)  梯度步 250  累计 76s
[图1.2·BC] 局 2/400  样本 705(缓冲 1410)  老师消费 5,086  未匹配 20  loss 0.702  vf 0.014  命中(每 5 局量一次，本局跳过)  梯度步 500  累计 151s
[图1.3·DAgger] 局 3/400  样本 676(缓冲 2086)  学生消费 4,580  未匹配 9  loss 1.116  vf 0.016  命中(每 5 局量一次，本局跳过)  梯度步 750  累计 233s
[图2.1·BC] 局 4/400  样本 660(缓冲 2746)  老师消费 4,812  未匹配 36  loss 1.047  vf 0.017  命中(每 5 局量一次，本局跳过)  梯度步 1000  累计 306s
[图2.2·BC] 局 5/400  样本 660(缓冲 3406)  老师消费 4,812  未匹配 36  loss 0.894  vf 0.009  命中 训练74.2%/验证nan%  真命中(扣end_turn) 训练71.8%/验证nan%  梯度步 1250  累计 380s
[图2.3·DAgger] 局 6/400  样本 676(缓冲 4082)  学生消费 3,583  未匹配 63  loss 1.141  vf 0.011  命中(每 5 局量一次，本局跳过)  梯度步 1500  累计 459s
[图3.1·BC] 局 7/400  样本 612(缓冲 4694)  老师消费 3,609  未匹配 20  loss 1.027  vf 0.028  命中(每 5 局量一次，本局跳过)  梯度步 1750  累计 531s
[图3.2·BC] 局 8/400  样本 612(缓冲 5306)  老师消费 3,609  未匹配 20  loss 0.858  vf 0.021  命中(每 5 局量一次，本局跳过)  梯度步 2000  累计 601s
[图3.3·DAgger] 局 9/400  样本 681(缓冲 5987)  学生消费 4,241  未匹配 63  loss 1.109  vf 0.035  命中(每 5 局量一次，本局跳过)  梯度步 2250  累计 681s
[图4.1·BC] 局 10/400  样本 507(缓冲 6494)  老师消费 3,106  未匹配 25  loss 1.029  vf 0.025  命中 训练77.2%/验证nan%  真命中(扣end_turn) 训练73.3%/验证nan%  梯度步 2500  累计 752s
[图4.2·BC] 局 11/400  样本 507(缓冲 7001)  老师消费 3,106  未匹配 25  loss 0.870  vf 0.023  命中(每 5 局量一次，本局跳过)  梯度步 2750  累计 822s
[图4.3·DAgger] 局 12/400  样本 627(缓冲 7628)  学生消费 3,484  未匹配 44  loss 0.972  vf 0.023  命中(每 5 局量一次，本局跳过)  梯度步 3000  累计 901s
[图5.1·BC] 局 13/400  样本 626(缓冲 8254)  老师消费 4,881  未匹配 33  loss 0.965  vf 0.036  命中(每 5 局量一次，本局跳过)  梯度步 3250  累计 972s
[图5.2·BC] 局 14/400  样本 626(缓冲 8880)  老师消费 4,881  未匹配 33  loss 1.017  vf 0.033  命中(每 5 局量一次，本局跳过)  梯度步 3500  累计 1041s
[图5.3·DAgger] 局 15/400  样本 685(缓冲 9565)  学生消费 4,388  未匹配 84  loss 1.026  vf 0.037  命中 训练30.8%/验证nan%  真命中(扣end_turn) 训练29.3%/验证nan%  梯度步 3750  累计 1122s
[图6.1·BC] 局 16/400  样本 618(缓冲 9565)  老师消费 4,759  未匹配 32  loss 0.920  vf 0.028  命中(每 5 局量一次，本局跳过)  梯度步 4000  累计 1191s
[图6.2·BC] 局 17/400  样本 618(缓冲 9565)  老师消费 4,759  未匹配 32  loss 0.897  vf 0.027  命中(每 5 局量一次，本局跳过)  梯度步 4250  累计 1259s
[图6.3·DAgger] 局 18/400  样本 788(缓冲 9565)  学生消费 3,936  未匹配 55  loss 0.903  vf 0.024  命中(每 5 局量一次，本局跳过)  梯度步 4500  累计 1340s
[图7.1·BC] 局 19/400  样本 688(缓冲 10253)  老师消费 5,324  未匹配 37  loss 0.938  vf 0.035  命中(每 5 局量一次，本局跳过)  梯度步 4750  累计 1411s
[图7.2·BC] 局 20/400  样本 688(缓冲 10941)  老师消费 5,324  未匹配 37  loss 0.859  vf 0.033  命中 训练80.3%/验证42.9%  真命中(扣end_turn) 训练78.7%/验证37.0%  梯度步 5000  累计 1491s
[图7.3·DAgger] 局 21/400  样本 838(缓冲 11779)  学生消费 4,554  未匹配 63  loss 0.990  vf 0.032  命中(每 5 局量一次，本局跳过)  梯度步 5250  累计 1573s
[图8.1·BC] 局 22/400  样本 627(缓冲 12406)  老师消费 5,140  未匹配 26  loss 1.036  vf 0.036  命中(每 5 局量一次，本局跳过)  梯度步 5500  累计 1643s
[图8.2·BC] 局 23/400  样本 627(缓冲 13033)  老师消费 5,140  未匹配 26  loss 0.965  vf 0.034  命中(每 5 局量一次，本局跳过)  梯度步 5750  累计 1713s
[图8.3·DAgger] 局 24/400  样本 585(缓冲 13618)  学生消费 3,616  未匹配 8  loss 1.038  vf 0.034  命中(每 5 局量一次，本局跳过)  梯度步 6000  累计 1788s
[图9.1·BC] 局 25/400  样本 591(缓冲 14209)  老师消费 4,542  未匹配 29  loss 0.904  vf 0.030  命中 训练70.2%/验证43.5%  真命中(扣end_turn) 训练67.9%/验证38.1%  梯度步 6250  累计 1864s
[图9.2·BC] 局 26/400  样本 591(缓冲 14800)  老师消费 4,542  未匹配 29  loss 0.961  vf 0.029  命中(每 5 局量一次，本局跳过)  梯度步 6500  累计 1932s
[图9.3·DAgger] 局 27/400  样本 714(缓冲 15514)  学生消费 3,470  未匹配 24  loss 1.012  vf 0.037  命中(每 5 局量一次，本局跳过)  梯度步 6750  累计 2009s
[图10.1·BC] 局 28/400  样本 542(缓冲 16056)  老师消费 3,929  未匹配 27  loss 1.017  vf 0.031  命中(每 5 局量一次，本局跳过)  梯度步 7000  累计 2076s
[图10.2·BC] 局 29/400  样本 542(缓冲 16598)  老师消费 3,929  未匹配 27  loss 1.057  vf 0.028  命中(每 5 局量一次，本局跳过)  梯度步 7250  累计 2144s
[图10.3·DAgger] 局 30/400  样本 675(缓冲 17273)  学生消费 3,844  未匹配 76  loss 1.085  vf 0.034  命中 训练27.3%/验证42.1%  真命中(扣end_turn) 训练22.8%/验证36.5%  梯度步 7500  累计 2229s
[图11.1·BC] 局 31/400  样本 714(缓冲 17987)  老师消费 4,926  未匹配 13  loss 1.059  vf 0.033  命中(每 5 局量一次，本局跳过)  梯度步 7750  累计 2302s
[图11.2·BC] 局 32/400  样本 714(缓冲 18701)  老师消费 4,926  未匹配 13  loss 1.058  vf 0.031  命中(每 5 局量一次，本局跳过)  梯度步 8000  累计 2377s
[图11.3·DAgger] 局 33/400  样本 709(缓冲 19410)  学生消费 4,909  未匹配 6  loss 1.093  vf 0.032  命中(每 5 局量一次，本局跳过)  梯度步 8250  累计 2458s
[图12.1·BC] 局 34/400  样本 630(缓冲 19410)  老师消费 4,966  未匹配 23  loss 1.026  vf 0.031  命中(每 5 局量一次，本局跳过)  梯度步 8500  累计 2532s
[图12.2·BC] 局 35/400  样本 630(缓冲 19410)  老师消费 4,966  未匹配 23  loss 1.061  vf 0.029  命中 训练33.3%/验证49.5%  真命中(扣end_turn) 训练30.7%/验证43.2%  梯度步 8750  累计 2619s
[图12.3·DAgger] 局 36/400  样本 658(缓冲 19410)  学生消费 3,605  未匹配 42  loss 0.975  vf 0.029  命中(每 5 局量一次，本局跳过)  梯度步 9000  累计 2699s
[图13.1·BC] 局 37/400  样本 656(缓冲 20066)  老师消费 5,300  未匹配 36  loss 1.015  vf 0.027  命中(每 5 局量一次，本局跳过)  梯度步 9250  累计 2772s
[图13.2·BC] 局 38/400  样本 656(缓冲 20722)  老师消费 5,300  未匹配 36  loss 0.943  vf 0.028  命中(每 5 局量一次，本局跳过)  梯度步 9500  累计 2845s
[图13.3·DAgger] 局 39/400  样本 722(缓冲 21444)  学生消费 5,181  未匹配 82  loss 1.039  vf 0.034  命中(每 5 局量一次，本局跳过)  梯度步 9750  累计 2930s
[图14.1·BC] 局 40/400  样本 583(缓冲 22027)  老师消费 4,390  未匹配 11  loss 1.060  vf 0.030  命中 训练65.3%/验证42.6%  真命中(扣end_turn) 训练60.5%/验证36.6%  梯度步 10000  累计 3013s
[图14.2·BC] 局 41/400  样本 583(缓冲 22610)  老师消费 4,390  未匹配 11  loss 0.999  vf 0.029  命中(每 5 局量一次，本局跳过)  梯度步 10250  累计 3085s
[图14.3·DAgger] 局 42/400  样本 719(缓冲 23329)  学生消费 5,886  未匹配 22  loss 1.108  vf 0.035  命中(每 5 局量一次，本局跳过)  梯度步 10500  累计 3165s
[图15.1·BC] 局 43/400  样本 657(缓冲 23986)  老师消费 5,168  未匹配 40  loss 1.085  vf 0.035  命中(每 5 局量一次，本局跳过)  梯度步 10750  累计 3240s
[图15.2·BC] 局 44/400  样本 657(缓冲 24643)  老师消费 5,168  未匹配 40  loss 1.115  vf 0.029  命中(每 5 局量一次，本局跳过)  梯度步 11000  累计 3313s
[图15.3·DAgger] 局 45/400  样本 701(缓冲 25344)  学生消费 4,572  未匹配 66  loss 1.152  vf 0.030  命中 训练22.7%/验证40.4%  真命中(扣end_turn) 训练18.7%/验证34.5%  梯度步 11250  累计 3405s
[图16.1·BC] 局 46/400  样本 719(缓冲 26063)  老师消费 5,202  未匹配 21  loss 1.084  vf 0.027  命中(每 5 局量一次，本局跳过)  梯度步 11500  累计 3480s
[图16.2·BC] 局 47/400  样本 719(缓冲 26782)  老师消费 5,202  未匹配 21  loss 1.079  vf 0.025  命中(每 5 局量一次，本局跳过)  梯度步 11750  累计 3556s
[图16.3·DAgger] 局 48/400  样本 685(缓冲 27467)  学生消费 5,424  未匹配 27  loss 1.132  vf 0.033  命中(每 5 局量一次，本局跳过)  梯度步 12000  累计 3638s
[图17.1·BC] 局 49/400  样本 619(缓冲 28086)  老师消费 4,791  未匹配 28  loss 1.078  vf 0.032  命中(每 5 局量一次，本局跳过)  梯度步 12250  累计 3711s
[图17.2·BC] 局 50/400  样本 619(缓冲 28705)  老师消费 4,791  未匹配 28  loss 1.138  vf 0.032  命中 训练82.0%/验证47.7%  真命中(扣end_turn) 训练80.9%/验证41.6%  梯度步 12500  累计 3795s
[图17.3·DAgger] 局 51/400  样本 684(缓冲 29389)  学生消费 4,247  未匹配 62  loss 1.149  vf 0.030  命中(每 5 局量一次，本局跳过)  梯度步 12750  累计 3877s
[图18.1·BC] 局 52/400  样本 682(缓冲 29389)  老师消费 6,304  未匹配 22  loss 1.071  vf 0.029  命中(每 5 局量一次，本局跳过)  梯度步 13000  累计 3954s
[图18.2·BC] 局 53/400  样本 682(缓冲 29389)  老师消费 6,304  未匹配 22  loss 1.061  vf 0.032  命中(每 5 局量一次，本局跳过)  梯度步 13250  累计 4029s
[图18.3·DAgger] 局 54/400  样本 638(缓冲 29389)  学生消费 4,950  未匹配 9  loss 1.042  vf 0.030  命中(每 5 局量一次，本局跳过)  梯度步 13500  累计 4108s
[图19.1·BC] 局 55/400  样本 640(缓冲 30029)  老师消费 5,090  未匹配 30  loss 1.038  vf 0.030  命中 训练69.3%/验证44.0%  真命中(扣end_turn) 训练64.6%/验证36.9%  梯度步 13750  累计 4194s
[图19.2·BC] 局 56/400  样本 640(缓冲 30669)  老师消费 5,090  未匹配 30  loss 1.067  vf 0.026  命中(每 5 局量一次，本局跳过)  梯度步 14000  累计 4267s
[图19.3·DAgger] 局 57/400  样本 650(缓冲 31319)  学生消费 4,824  未匹配 10  loss 1.044  vf 0.028  命中(每 5 局量一次，本局跳过)  梯度步 14250  累计 4347s
[图20.1·BC] 局 58/400  样本 630(缓冲 31949)  老师消费 4,434  未匹配 15  loss 1.087  vf 0.029  命中(每 5 局量一次，本局跳过)  梯度步 14500  累计 4421s
[图20.2·BC] 局 59/400  样本 630(缓冲 32579)  老师消费 4,434  未匹配 15  loss 1.088  vf 0.030  命中(每 5 局量一次，本局跳过)  梯度步 14750  累计 4496s
[图20.3·DAgger] 局 60/400  样本 718(缓冲 33297)  学生消费 4,832  未匹配 75  loss 1.046  vf 0.031  命中 训练39.3%/验证46.1%  真命中(扣end_turn) 训练36.5%/验证39.5%  梯度步 15000  累计 4592s
[图21.1·BC] 局 61/400  样本 650(缓冲 33947)  老师消费 5,940  未匹配 19  loss 1.097  vf 0.034  命中(每 5 局量一次，本局跳过)  梯度步 15250  累计 4667s
[图21.2·BC] 局 62/400  样本 650(缓冲 34597)  老师消费 5,940  未匹配 19  loss 1.138  vf 0.034  命中(每 5 局量一次，本局跳过)  梯度步 15500  累计 4741s
[图21.3·DAgger] 局 63/400  样本 684(缓冲 35281)  学生消费 5,535  未匹配 14  loss 1.142  vf 0.034  命中(每 5 局量一次，本局跳过)  梯度步 15750  累计 4824s
[图22.1·BC] 局 64/400  样本 705(缓冲 35986)  老师消费 6,487  未匹配 17  loss 1.166  vf 0.038  命中(每 5 局量一次，本局跳过)  梯度步 16000  累计 4904s
[图22.2·BC] 局 65/400  样本 705(缓冲 36691)  老师消费 6,487  未匹配 17  loss 1.146  vf 0.039  命中 训练51.7%/验证41.2%  真命中(扣end_turn) 训练45.0%/验证34.5%  梯度步 16250  累计 4993s
[图22.3·DAgger] 局 66/400  样本 575(缓冲 37266)  学生消费 3,860  未匹配 3  loss 1.156  vf 0.042  命中(每 5 局量一次，本局跳过)  梯度步 16500  累计 5073s
[图23.1·BC] 局 67/400  样本 600(缓冲 37866)  老师消费 4,106  未匹配 14  loss 1.118  vf 0.038  命中(每 5 局量一次，本局跳过)  梯度步 16750  累计 5149s
[图23.2·BC] 局 68/400  样本 600(缓冲 38466)  老师消费 4,106  未匹配 14  loss 1.053  vf 0.036  命中(每 5 局量一次，本局跳过)  梯度步 17000  累计 5224s
[图23.3·DAgger] 局 69/400  样本 697(缓冲 39163)  学生消费 4,353  未匹配 63  loss 1.110  vf 0.034  命中(每 5 局量一次，本局跳过)  梯度步 17250  累计 5308s
[图24.1·BC] 局 70/400  样本 705(缓冲 39163)  老师消费 4,816  未匹配 26  loss 1.071  vf 0.034  命中 训练34.5%/验证46.3%  真命中(扣end_turn) 训练29.0%/验证40.5%  梯度步 17500  累计 5394s
[图24.2·BC] 局 71/400  样本 705(缓冲 39163)  老师消费 4,816  未匹配 26  loss 1.110  vf 0.036  命中(每 5 局量一次，本局跳过)  梯度步 17750  累计 5470s
[图24.3·DAgger] 局 72/400  样本 742(缓冲 39163)  学生消费 3,986  未匹配 80  loss 1.069  vf 0.034  命中(每 5 局量一次，本局跳过)  梯度步 18000  累计 5553s
[图25.1·BC] 局 73/400  样本 637(缓冲 39800)  老师消费 4,506  未匹配 9  loss 1.116  vf 0.035  命中(每 5 局量一次，本局跳过)  梯度步 18250  累计 5630s
⚠ 缓冲已满（--buffer 40000）：从此**每局都会丢掉最老的样本**，模型只看得到最近约 62 局。要真用上全部局数就调大 --buffer（每条约 56 KB：45 万条 ≈ 24 GB）
[图25.2·BC] 局 74/400  样本 637(缓冲 40000)  老师消费 4,506  未匹配 9  loss 1.031  vf 0.033  命中(每 5 局量一次，本局跳过)  梯度步 18500  累计 5706s
[图25.3·DAgger] 局 75/400  样本 764(缓冲 40000)  学生消费 5,434  未匹配 44  loss 1.090  vf 0.042  命中 训练34.0%/验证46.2%  真命中(扣end_turn) 训练30.0%/验证40.3%  梯度步 18750  累计 5804s
[图26.1·BC] 局 76/400  样本 678(缓冲 40000)  老师消费 4,808  未匹配 33  loss 1.130  vf 0.038  命中(每 5 局量一次，本局跳过)  梯度步 19000  累计 5882s
[图26.2·BC] 局 77/400  样本 678(缓冲 40000)  老师消费 4,808  未匹配 33  loss 1.105  vf 0.034  命中(每 5 局量一次，本局跳过)  梯度步 19250  累计 5958s
[图26.3·DAgger] 局 78/400  样本 736(缓冲 40000)  学生消费 4,022  未匹配 45  loss 1.178  vf 0.034  命中(每 5 局量一次，本局跳过)  梯度步 19500  累计 6042s
[图27.1·BC] 局 79/400  样本 651(缓冲 40000)  老师消费 4,771  未匹配 16  loss 1.111  vf 0.036  命中(每 5 局量一次，本局跳过)  梯度步 19750  累计 6118s
[图27.2·BC] 局 80/400  样本 651(缓冲 40000)  老师消费 4,771  未匹配 16  loss 1.106  vf 0.031  命中 训练77.5%/验证45.8%  真命中(扣end_turn) 训练73.9%/验证39.7%  梯度步 20000  累计 6206s
[图27.3·DAgger] 局 81/400  样本 713(缓冲 40000)  学生消费 4,428  未匹配 89  loss 1.148  vf 0.035  命中(每 5 局量一次，本局跳过)  梯度步 20250  累计 6294s
[图28.1·BC] 局 82/400  样本 630(缓冲 40000)  老师消费 5,008  未匹配 31  loss 1.140  vf 0.031  命中(每 5 局量一次，本局跳过)  梯度步 20500  累计 6369s
[图28.2·BC] 局 83/400  样本 630(缓冲 40000)  老师消费 5,008  未匹配 31  loss 1.108  vf 0.031  命中(每 5 局量一次，本局跳过)  梯度步 20750  累计 6444s
[图28.3·DAgger] 局 84/400  样本 677(缓冲 40000)  学生消费 3,775  未匹配 49  loss 1.158  vf 0.032  命中(每 5 局量一次，本局跳过)  梯度步 21000  累计 6530s
[图29.1·BC] 局 85/400  样本 688(缓冲 40000)  老师消费 5,143  未匹配 35  loss 1.124  vf 0.031  命中 训练74.0%/验证48.6%  真命中(扣end_turn) 训练72.2%/验证43.7%  梯度步 21250  累计 6618s
[图29.2·BC] 局 86/400  样本 688(缓冲 40000)  老师消费 5,143  未匹配 35  loss 1.166  vf 0.026  命中(每 5 局量一次，本局跳过)  梯度步 21500  累计 6694s
[图29.3·DAgger] 局 87/400  样本 784(缓冲 40000)  学生消费 5,267  未匹配 69  loss 1.136  vf 0.029  命中(每 5 局量一次，本局跳过)  梯度步 21750  累计 6780s
[图30.1·BC] 局 88/400  样本 660(缓冲 40000)  老师消费 5,770  未匹配 36  loss 1.128  vf 0.029  命中(每 5 局量一次，本局跳过)  梯度步 22000  累计 6855s
[图30.2·BC] 局 89/400  样本 660(缓冲 40000)  老师消费 5,770  未匹配 36  loss 1.168  vf 0.030  命中(每 5 局量一次，本局跳过)  梯度步 22250  累计 6931s
[图30.3·DAgger] 局 90/400  样本 603(缓冲 40000)  学生消费 4,089  未匹配 13  loss 1.183  vf 0.030  命中 训练26.3%/验证52.1%  真命中(扣end_turn) 训练23.0%/验证46.7%  梯度步 22500  累计 7024s
[图31.1·BC] 局 91/400  样本 708(缓冲 40000)  老师消费 3,956  未匹配 2  loss 1.124  vf 0.030  命中(每 5 局量一次，本局跳过)  梯度步 22750  累计 7098s
[图31.2·BC] 局 92/400  样本 708(缓冲 40000)  老师消费 3,956  未匹配 2  loss 1.126  vf 0.032  命中(每 5 局量一次，本局跳过)  梯度步 23000  累计 7172s
[图31.3·DAgger] 局 93/400  样本 734(缓冲 40000)  学生消费 4,390  未匹配 53  loss 1.224  vf 0.031  命中(每 5 局量一次，本局跳过)  梯度步 23250  累计 7262s
[图32.1·BC] 局 94/400  样本 656(缓冲 40000)  老师消费 5,164  未匹配 38  loss 1.129  vf 0.031  命中(每 5 局量一次，本局跳过)  梯度步 23500  累计 7338s
[图32.2·BC] 局 95/400  样本 656(缓冲 40000)  老师消费 5,164  未匹配 38  loss 1.131  vf 0.031  命中 训练82.5%/验证50.3%  真命中(扣end_turn) 训练80.3%/验证44.9%  梯度步 23750  累计 7425s
[图32.3·DAgger] 局 96/400  样本 690(缓冲 40000)  学生消费 4,677  未匹配 47  loss 1.170  vf 0.028  命中(每 5 局量一次，本局跳过)  梯度步 24000  累计 7509s
[图33.1·BC] 局 97/400  样本 648(缓冲 40000)  老师消费 5,025  未匹配 34  loss 1.125  vf 0.032  命中(每 5 局量一次，本局跳过)  梯度步 24250  累计 7585s
[图33.2·BC] 局 98/400  样本 648(缓冲 40000)  老师消费 5,025  未匹配 34  loss 1.208  vf 0.028  命中(每 5 局量一次，本局跳过)  梯度步 24500  累计 7660s
[图33.3·DAgger] 局 99/400  样本 729(缓冲 40000)  学生消费 4,858  未匹配 82  loss 1.117  vf 0.028  命中(每 5 局量一次，本局跳过)  梯度步 24750  累计 7744s
[图34.1·BC] 局 100/400  样本 668(缓冲 40000)  老师消费 5,033  未匹配 18  loss 1.165  vf 0.025  命中 训练80.8%/验证52.7%  真命中(扣end_turn) 训练79.0%/验证47.6%  梯度步 25000  累计 7831s
[图34.2·BC] 局 101/400  样本 668(缓冲 40000)  老师消费 5,033  未匹配 18  loss 1.105  vf 0.025  命中(每 5 局量一次，本局跳过)  梯度步 25250  累计 7907s
[图34.3·DAgger] 局 102/400  样本 725(缓冲 40000)  学生消费 5,031  未匹配 59  loss 1.122  vf 0.028  命中(每 5 局量一次，本局跳过)  梯度步 25500  累计 7992s
[图35.1·BC] 局 103/400  样本 651(缓冲 40000)  老师消费 5,025  未匹配 14  loss 1.172  vf 0.025  命中(每 5 局量一次，本局跳过)  梯度步 25750  累计 8068s
[图35.2·BC] 局 104/400  样本 651(缓冲 40000)  老师消费 5,025  未匹配 14  loss 1.088  vf 0.023  命中(每 5 局量一次，本局跳过)  梯度步 26000  累计 8143s
[图35.3·DAgger] 局 105/400  样本 702(缓冲 40000)  学生消费 4,240  未匹配 65  loss 1.159  vf 0.024  命中 训练28.8%/验证51.9%  真命中(扣end_turn) 训练26.3%/验证47.3%  梯度步 26250  累计 8238s
[图36.1·BC] 局 106/400  样本 633(缓冲 40000)  老师消费 5,030  未匹配 34  loss 1.140  vf 0.025  命中(每 5 局量一次，本局跳过)  梯度步 26500  累计 8313s
[图36.2·BC] 局 107/400  样本 633(缓冲 40000)  老师消费 5,030  未匹配 34  loss 1.147  vf 0.024  命中(每 5 局量一次，本局跳过)  梯度步 26750  累计 8388s
[图36.3·DAgger] 局 108/400  样本 654(缓冲 40000)  学生消费 4,490  未匹配 7  loss 1.121  vf 0.024  命中(每 5 局量一次，本局跳过)  梯度步 27000  累计 8472s
[图37.1·BC] 局 109/400  样本 563(缓冲 40000)  老师消费 4,202  未匹配 28  loss 1.126  vf 0.026  命中(每 5 局量一次，本局跳过)  梯度步 27250  累计 8549s
[图37.2·BC] 局 110/400  样本 563(缓冲 40000)  老师消费 4,202  未匹配 28  loss 1.111  vf 0.026  命中 训练70.8%/验证49.4%  真命中(扣end_turn) 训练66.4%/验证44.2%  梯度步 27500  累计 8636s
[图37.3·DAgger] 局 111/400  样本 668(缓冲 40000)  学生消费 3,912  未匹配 56  loss 1.221  vf 0.025  命中(每 5 局量一次，本局跳过)  梯度步 27750  累计 8723s
[图38.1·BC] 局 112/400  样本 648(缓冲 40000)  老师消费 4,791  未匹配 15  loss 1.069  vf 0.022  命中(每 5 局量一次，本局跳过)  梯度步 28000  累计 8798s
[图38.2·BC] 局 113/400  样本 648(缓冲 40000)  老师消费 4,791  未匹配 15  loss 1.146  vf 0.024  命中(每 5 局量一次，本局跳过)  梯度步 28250  累计 8874s
[图38.3·DAgger] 局 114/400  样本 721(缓冲 40000)  学生消费 4,840  未匹配 55  loss 1.105  vf 0.025  命中(每 5 局量一次，本局跳过)  梯度步 28500  累计 8958s
[图39.1·BC] 局 115/400  样本 714(缓冲 40000)  老师消费 6,655  未匹配 20  loss 1.124  vf 0.027  命中 训练66.5%/验证50.0%  真命中(扣end_turn) 训练62.7%/验证44.9%  梯度步 28750  累计 9046s
[图39.2·BC] 局 116/400  样本 714(缓冲 40000)  老师消费 6,655  未匹配 20  loss 1.144  vf 0.030  命中(每 5 局量一次，本局跳过)  梯度步 29000  累计 9123s
[图39.3·DAgger] 局 117/400  样本 677(缓冲 40000)  学生消费 4,846  未匹配 72  loss 1.142  vf 0.028  命中(每 5 局量一次，本局跳过)  梯度步 29250  累计 9209s
[图40.1·BC] 局 118/400  样本 689(缓冲 40000)  老师消费 5,140  未匹配 32  loss 1.126  vf 0.030  命中(每 5 局量一次，本局跳过)  梯度步 29500  累计 9284s
[图40.2·BC] 局 119/400  样本 689(缓冲 40000)  老师消费 5,140  未匹配 32  loss 1.127  vf 0.027  命中(每 5 局量一次，本局跳过)  梯度步 29750  累计 9360s
[图40.3·DAgger] 局 120/400  样本 687(缓冲 40000)  学生消费 4,183  未匹配 26  loss 1.160  vf 0.031  命中 训练27.0%/验证53.4%  真命中(扣end_turn) 训练23.2%/验证48.4%  梯度步 30000  累计 9456s
[图41.1·BC] 局 121/400  样本 666(缓冲 40000)  老师消费 4,940  未匹配 28  loss 1.143  vf 0.030  命中(每 5 局量一次，本局跳过)  梯度步 30250  累计 9532s
[图41.2·BC] 局 122/400  样本 666(缓冲 40000)  老师消费 4,940  未匹配 28  loss 1.085  vf 0.025  命中(每 5 局量一次，本局跳过)  梯度步 30500  累计 9608s
[图41.3·DAgger] 局 123/400  样本 710(缓冲 40000)  学生消费 4,668  未匹配 60  loss 1.110  vf 0.026  命中(每 5 局量一次，本局跳过)  梯度步 30750  累计 9697s
[图42.1·BC] 局 124/400  样本 651(缓冲 40000)  老师消费 4,779  未匹配 12  loss 1.128  vf 0.028  命中(每 5 局量一次，本局跳过)  梯度步 31000  累计 9773s
[图42.2·BC] 局 125/400  样本 651(缓冲 40000)  老师消费 4,779  未匹配 12  loss 1.112  vf 0.026  命中 训练29.8%/验证63.3%  真命中(扣end_turn) 训练24.6%/验证58.6%  梯度步 31250  累计 9861s
[图42.3·DAgger] 局 126/400  样本 663(缓冲 40000)  学生消费 4,620  未匹配 76  loss 1.109  vf 0.025  命中(每 5 局量一次，本局跳过)  梯度步 31500  累计 9946s
[图43.1·BC] 局 127/400  样本 608(缓冲 40000)  老师消费 4,812  未匹配 25  loss 1.135  vf 0.024  命中(每 5 局量一次，本局跳过)  梯度步 31750  累计 10021s
[图43.2·BC] 局 128/400  样本 608(缓冲 40000)  老师消费 4,812  未匹配 25  loss 1.110  vf 0.026  命中(每 5 局量一次，本局跳过)  梯度步 32000  累计 10096s
[图43.3·DAgger] 局 129/400  样本 698(缓冲 40000)  学生消费 4,617  未匹配 53  loss 1.043  vf 0.027  命中(每 5 局量一次，本局跳过)  梯度步 32250  累计 10193s
[图44.1·BC] 局 130/400  样本 664(缓冲 40000)  老师消费 4,914  未匹配 14  loss 1.139  vf 0.025  命中 训练66.2%/验证46.6%  真命中(扣end_turn) 训练60.6%/验证41.2%  梯度步 32500  累计 10314s
[图44.2·BC] 局 131/400  样本 664(缓冲 40000)  老师消费 4,914  未匹配 14  loss 1.026  vf 0.025  命中(每 5 局量一次，本局跳过)  梯度步 32750  累计 10391s
[图44.3·DAgger] 局 132/400  样本 722(缓冲 40000)  学生消费 4,705  未匹配 83  loss 1.071  vf 0.024  命中(每 5 局量一次，本局跳过)  梯度步 33000  累计 10476s
[图45.1·BC] 局 133/400  样本 620(缓冲 40000)  老师消费 4,668  未匹配 31  loss 1.113  vf 0.024  命中(每 5 局量一次，本局跳过)  梯度步 33250  累计 10551s
[图45.2·BC] 局 134/400  样本 620(缓冲 40000)  老师消费 4,668  未匹配 31  loss 1.072  vf 0.026  命中(每 5 局量一次，本局跳过)  梯度步 33500  累计 10625s
[图45.3·DAgger] 局 135/400  样本 708(缓冲 40000)  学生消费 4,723  未匹配 63  loss 1.103  vf 0.024  命中 训练38.2%/验证54.4%  真命中(扣end_turn) 训练34.6%/验证49.5%  梯度步 33750  累计 10721s
[图46.1·BC] 局 136/400  样本 627(缓冲 40000)  老师消费 5,387  未匹配 36  loss 1.081  vf 0.025  命中(每 5 局量一次，本局跳过)  梯度步 34000  累计 10795s
[图46.2·BC] 局 137/400  样本 627(缓冲 40000)  老师消费 5,387  未匹配 36  loss 1.119  vf 0.025  命中(每 5 局量一次，本局跳过)  梯度步 34250  累计 10870s
[图46.3·DAgger] 局 138/400  样本 694(缓冲 40000)  学生消费 4,344  未匹配 44  loss 1.140  vf 0.024  命中(每 5 局量一次，本局跳过)  梯度步 34500  累计 10954s
[图47.1·BC] 局 139/400  样本 650(缓冲 40000)  老师消费 4,827  未匹配 16  loss 1.060  vf 0.025  命中(每 5 局量一次，本局跳过)  梯度步 34750  累计 11031s
[图47.2·BC] 局 140/400  样本 650(缓冲 40000)  老师消费 4,827  未匹配 16  loss 1.080  vf 0.025  命中 训练80.3%/验证57.6%  真命中(扣end_turn) 训练77.7%/验证53.5%  梯度步 35000  累计 11118s
[图47.3·DAgger] 局 141/400  样本 804(缓冲 40000)  学生消费 4,668  未匹配 66  loss 1.111  vf 0.024  命中(每 5 局量一次，本局跳过)  梯度步 35250  累计 11202s
[图48.1·BC] 局 142/400  样本 615(缓冲 40000)  老师消费 4,878  未匹配 30  loss 1.121  vf 0.022  命中(每 5 局量一次，本局跳过)  梯度步 35500  累计 11276s
[图48.2·BC] 局 143/400  样本 615(缓冲 40000)  老师消费 4,878  未匹配 30  loss 1.126  vf 0.023  命中(每 5 局量一次，本局跳过)  梯度步 35750  累计 11350s
[图48.3·DAgger] 局 144/400  样本 680(缓冲 40000)  学生消费 4,061  未匹配 22  loss 1.151  vf 0.023  命中(每 5 局量一次，本局跳过)  梯度步 36000  累计 11434s
[图49.1·BC] 局 145/400  样本 589(缓冲 40000)  老师消费 3,687  未匹配 17  loss 1.078  vf 0.024  命中 训练85.7%/验证55.2%  真命中(扣end_turn) 训练84.0%/验证49.8%  梯度步 36250  累计 11519s
[图49.2·BC] 局 146/400  样本 589(缓冲 40000)  老师消费 3,687  未匹配 17  loss 1.128  vf 0.026  命中(每 5 局量一次，本局跳过)  梯度步 36500  累计 11591s
[图49.3·DAgger] 局 147/400  样本 668(缓冲 40000)  学生消费 4,164  未匹配 47  loss 1.126  vf 0.028  命中(每 5 局量一次，本局跳过)  梯度步 36750  累计 11673s
[图50.1·BC] 局 148/400  样本 589(缓冲 40000)  老师消费 4,410  未匹配 26  loss 1.112  vf 0.025  命中(每 5 局量一次，本局跳过)  梯度步 37000  累计 11745s
[图50.2·BC] 局 149/400  样本 589(缓冲 40000)  老师消费 4,410  未匹配 26  loss 1.114  vf 0.023  命中(每 5 局量一次，本局跳过)  梯度步 37250  累计 11817s
[图50.3·DAgger] 局 150/400  样本 696(缓冲 40000)  学生消费 4,250  未匹配 71  loss 1.087  vf 0.022  命中 训练32.3%/验证56.1%  真命中(扣end_turn) 训练29.1%/验证51.7%  梯度步 37500  累计 11910s
[图51.1·BC] 局 151/400  样本 715(缓冲 40000)  老师消费 4,884  未匹配 24  loss 1.091  vf 0.022  命中(每 5 局量一次，本局跳过)  梯度步 37750  累计 11984s
[图51.2·BC] 局 152/400  样本 715(缓冲 40000)  老师消费 4,884  未匹配 24  loss 1.059  vf 0.021  命中(每 5 局量一次，本局跳过)  梯度步 38000  累计 12058s
[图51.3·DAgger] 局 153/400  样本 806(缓冲 40000)  学生消费 4,625  未匹配 69  loss 1.079  vf 0.021  命中(每 5 局量一次，本局跳过)  梯度步 38250  累计 12140s
[图52.1·BC] 局 154/400  样本 651(缓冲 40000)  老师消费 5,573  未匹配 34  loss 1.091  vf 0.022  命中(每 5 局量一次，本局跳过)  梯度步 38500  累计 12212s
[图52.2·BC] 局 155/400  样本 651(缓冲 40000)  老师消费 5,573  未匹配 34  loss 1.107  vf 0.022  命中 训练78.5%/验证57.1%  真命中(扣end_turn) 训练75.3%/验证52.3%  梯度步 38750  累计 12301s
[图52.3·DAgger] 局 156/400  样本 666(缓冲 40000)  学生消费 3,708  未匹配 65  loss 1.093  vf 0.024  命中(每 5 局量一次，本局跳过)  梯度步 39000  累计 12383s
[图53.1·BC] 局 157/400  样本 524(缓冲 40000)  老师消费 3,460  未匹配 26  loss 1.087  vf 0.025  命中(每 5 局量一次，本局跳过)  梯度步 39250  累计 12454s
[图53.2·BC] 局 158/400  样本 524(缓冲 40000)  老师消费 3,460  未匹配 26  loss 1.081  vf 0.024  命中(每 5 局量一次，本局跳过)  梯度步 39500  累计 12525s
[图53.3·DAgger] 局 159/400  样本 656(缓冲 40000)  学生消费 4,111  未匹配 10  loss 1.050  vf 0.023  命中(每 5 局量一次，本局跳过)  梯度步 39750  累计 12603s
[图54.1·BC] 局 160/400  样本 583(缓冲 40000)  老师消费 4,188  未匹配 23  loss 1.066  vf 0.022  命中 训练35.5%/验证55.8%  真命中(扣end_turn) 训练30.1%/验证51.2%  梯度步 40000  累计 12687s
[图54.2·BC] 局 161/400  样本 583(缓冲 40000)  老师消费 4,188  未匹配 23  loss 1.036  vf 0.023  命中(每 5 局量一次，本局跳过)  梯度步 40250  累计 12759s
[图54.3·DAgger] 局 162/400  样本 725(缓冲 40000)  学生消费 4,264  未匹配 55  loss 1.026  vf 0.025  命中(每 5 局量一次，本局跳过)  梯度步 40500  累计 12843s
[图55.1·BC] 局 163/400  样本 575(缓冲 40000)  老师消费 4,056  未匹配 29  loss 1.006  vf 0.021  命中(每 5 局量一次，本局跳过)  梯度步 40750  累计 12915s
[图55.2·BC] 局 164/400  样本 575(缓冲 40000)  老师消费 4,056  未匹配 29  loss 1.078  vf 0.023  命中(每 5 局量一次，本局跳过)  梯度步 41000  累计 12988s
[图55.3·DAgger] 局 165/400  样本 678(缓冲 40000)  学生消费 3,927  未匹配 66  loss 1.077  vf 0.022  命中 训练28.3%/验证52.5%  真命中(扣end_turn) 训练24.1%/验证47.2%  梯度步 41250  累计 13082s
[图56.1·BC] 局 166/400  样本 725(缓冲 40000)  老师消费 5,412  未匹配 25  loss 1.046  vf 0.022  命中(每 5 局量一次，本局跳过)  梯度步 41500  累计 13157s
[图56.2·BC] 局 167/400  样本 725(缓冲 40000)  老师消费 5,412  未匹配 25  loss 1.025  vf 0.022  命中(每 5 局量一次，本局跳过)  梯度步 41750  累计 13231s
[图56.3·DAgger] 局 168/400  样本 669(缓冲 40000)  学生消费 4,388  未匹配 53  loss 1.075  vf 0.021  命中(每 5 局量一次，本局跳过)  梯度步 42000  累计 13313s
[图57.1·BC] 局 169/400  样本 694(缓冲 40000)  老师消费 6,021  未匹配 31  loss 1.031  vf 0.029  命中(每 5 局量一次，本局跳过)  梯度步 42250  累计 13388s
[图57.2·BC] 局 170/400  样本 694(缓冲 40000)  老师消费 6,021  未匹配 31  loss 1.093  vf 0.026  命中 训练60.2%/验证51.5%  真命中(扣end_turn) 训练55.0%/验证46.4%  梯度步 42500  累计 13479s
[图57.3·DAgger] 局 171/400  样本 773(缓冲 40000)  学生消费 5,870  未匹配 20  loss 1.108  vf 0.029  命中(每 5 局量一次，本局跳过)  梯度步 42750  累计 13563s
[图58.1·BC] 局 172/400  样本 610(缓冲 40000)  老师消费 5,190  未匹配 35  loss 1.065  vf 0.027  命中(每 5 局量一次，本局跳过)  梯度步 43000  累计 13638s
[图58.2·BC] 局 173/400  样本 610(缓冲 40000)  老师消费 5,190  未匹配 35  loss 1.050  vf 0.025  命中(每 5 局量一次，本局跳过)  梯度步 43250  累计 13712s
[图58.3·DAgger] 局 174/400  样本 669(缓冲 40000)  学生消费 4,071  未匹配 75  loss 1.105  vf 0.027  命中(每 5 局量一次，本局跳过)  梯度步 43500  累计 13794s
[图59.1·BC] 局 175/400  样本 598(缓冲 40000)  老师消费 3,986  未匹配 23  loss 1.067  vf 0.025  命中 训练85.8%/验证54.2%  真命中(扣end_turn) 训练83.4%/验证49.4%  梯度步 43750  累计 13880s
[图59.2·BC] 局 176/400  样本 598(缓冲 40000)  老师消费 3,986  未匹配 23  loss 1.027  vf 0.026  命中(每 5 局量一次，本局跳过)  梯度步 44000  累计 13955s
[图59.3·DAgger] 局 177/400  样本 697(缓冲 40000)  学生消费 4,574  未匹配 57  loss 1.069  vf 0.024  命中(每 5 局量一次，本局跳过)  梯度步 44250  累计 14038s
[图60.1·BC] 局 178/400  样本 682(缓冲 40000)  老师消费 5,197  未匹配 36  loss 1.040  vf 0.024  命中(每 5 局量一次，本局跳过)  梯度步 44500  累计 14112s
[图60.2·BC] 局 179/400  样本 682(缓冲 40000)  老师消费 5,197  未匹配 36  loss 1.048  vf 0.024  命中(每 5 局量一次，本局跳过)  梯度步 44750  累计 14186s
[图60.3·DAgger] 局 180/400  样本 668(缓冲 40000)  学生消费 2,863  未匹配 5  loss 1.045  vf 0.022  命中 训练39.7%/验证53.8%  真命中(扣end_turn) 训练37.2%/验证48.6%  梯度步 45000  累计 14278s
[图61.1·BC] 局 181/400  样本 640(缓冲 40000)  老师消费 6,483  未匹配 19  loss 1.011  vf 0.025  命中(每 5 局量一次，本局跳过)  梯度步 45250  累计 14354s
[图61.2·BC] 局 182/400  样本 640(缓冲 40000)  老师消费 6,483  未匹配 19  loss 1.023  vf 0.027  命中(每 5 局量一次，本局跳过)  梯度步 45500  累计 14430s
[图61.3·DAgger] 局 183/400  样本 686(缓冲 40000)  学生消费 5,556  未匹配 67  loss 1.101  vf 0.027  命中(每 5 局量一次，本局跳过)  梯度步 45750  累计 14514s
[图62.1·BC] 局 184/400  样本 636(缓冲 40000)  老师消费 4,891  未匹配 29  loss 1.028  vf 0.025  命中(每 5 局量一次，本局跳过)  梯度步 46000  累计 14588s
[图62.2·BC] 局 185/400  样本 636(缓冲 40000)  老师消费 4,891  未匹配 29  loss 1.009  vf 0.025  命中 训练75.5%/验证49.0%  真命中(扣end_turn) 训练75.2%/验证43.9%  梯度步 46250  累计 14673s
[图62.3·DAgger] 局 186/400  样本 709(缓冲 40000)  学生消费 5,244  未匹配 53  loss 1.093  vf 0.027  命中(每 5 局量一次，本局跳过)  梯度步 46500  累计 14761s
[图63.1·BC] 局 187/400  样本 626(缓冲 40000)  老师消费 4,708  未匹配 38  loss 1.101  vf 0.026  命中(每 5 局量一次，本局跳过)  梯度步 46750  累计 14836s
[图63.2·BC] 局 188/400  样本 626(缓冲 40000)  老师消费 4,708  未匹配 38  loss 1.071  vf 0.026  命中(每 5 局量一次，本局跳过)  梯度步 47000  累计 14910s
[图63.3·DAgger] 局 189/400  样本 669(缓冲 40000)  学生消费 4,315  未匹配 62  loss 1.016  vf 0.024  命中(每 5 局量一次，本局跳过)  梯度步 47250  累计 14994s
[图64.1·BC] 局 190/400  样本 597(缓冲 40000)  老师消费 4,766  未匹配 30  loss 1.058  vf 0.026  命中 训练75.2%/验证53.1%  真命中(扣end_turn) 训练72.5%/验证48.0%  梯度步 47500  累计 15080s
[图64.2·BC] 局 191/400  样本 597(缓冲 40000)  老师消费 4,766  未匹配 30  loss 0.986  vf 0.024  命中(每 5 局量一次，本局跳过)  梯度步 47750  累计 15154s
[图64.3·DAgger] 局 192/400  样本 740(缓冲 40000)  学生消费 5,277  未匹配 68  loss 1.060  vf 0.025  命中(每 5 局量一次，本局跳过)  梯度步 48000  累计 15241s
[图65.1·BC] 局 193/400  样本 672(缓冲 40000)  老师消费 5,616  未匹配 27  loss 1.067  vf 0.026  命中(每 5 局量一次，本局跳过)  梯度步 48250  累计 15318s
[图65.2·BC] 局 194/400  样本 672(缓冲 40000)  老师消费 5,616  未匹配 27  loss 1.020  vf 0.026  命中(每 5 局量一次，本局跳过)  梯度步 48500  累计 15393s
[图65.3·DAgger] 局 195/400  样本 671(缓冲 40000)  学生消费 4,825  未匹配 56  loss 1.087  vf 0.025  命中 训练25.0%/验证53.9%  真命中(扣end_turn) 训练19.7%/验证48.5%  梯度步 48750  累计 15489s
[图66.1·BC] 局 196/400  样本 652(缓冲 40000)  老师消费 4,960  未匹配 19  loss 1.076  vf 0.023  命中(每 5 局量一次，本局跳过)  梯度步 49000  累计 15565s
[图66.2·BC] 局 197/400  样本 652(缓冲 40000)  老师消费 4,960  未匹配 19  loss 1.087  vf 0.025  命中(每 5 局量一次，本局跳过)  梯度步 49250  累计 15641s
[图66.3·DAgger] 局 198/400  样本 734(缓冲 40000)  学生消费 5,439  未匹配 39  loss 1.045  vf 0.024  命中(每 5 局量一次，本局跳过)  梯度步 49500  累计 15723s
[图67.1·BC] 局 199/400  样本 641(缓冲 40000)  老师消费 4,214  未匹配 26  loss 1.016  vf 0.022  命中(每 5 局量一次，本局跳过)  梯度步 49750  累计 15797s
[图67.2·BC] 局 200/400  样本 641(缓冲 40000)  老师消费 4,214  未匹配 26  loss 1.008  vf 0.023  命中 训练85.8%/验证47.6%  真命中(扣end_turn) 训练85.1%/验证41.1%  梯度步 50000  累计 15883s
[图67.3·DAgger] 局 201/400  样本 767(缓冲 40000)  学生消费 4,935  未匹配 65  loss 1.014  vf 0.023  命中(每 5 局量一次，本局跳过)  梯度步 50250  累计 15967s
[图68.1·BC] 局 202/400  样本 648(缓冲 40000)  老师消费 4,996  未匹配 20  loss 1.017  vf 0.022  命中(每 5 局量一次，本局跳过)  梯度步 50500  累计 16047s
[图68.2·BC] 局 203/400  样本 648(缓冲 40000)  老师消费 4,996  未匹配 20  loss 1.037  vf 0.021  命中(每 5 局量一次，本局跳过)  梯度步 50750  累计 16123s
[图68.3·DAgger] 局 204/400  样本 687(缓冲 40000)  学生消费 4,689  未匹配 53  loss 1.049  vf 0.021  命中(每 5 局量一次，本局跳过)  梯度步 51000  累计 16207s
[图69.1·BC] 局 205/400  样本 634(缓冲 40000)  老师消费 4,602  未匹配 13  loss 1.070  vf 0.024  命中 训练62.8%/验证47.1%  真命中(扣end_turn) 训练56.9%/验证40.9%  梯度步 51250  累计 16295s
[图69.2·BC] 局 206/400  样本 634(缓冲 40000)  老师消费 4,602  未匹配 13  loss 0.996  vf 0.023  命中(每 5 局量一次，本局跳过)  梯度步 51500  累计 16370s
[图69.3·DAgger] 局 207/400  样本 644(缓冲 40000)  学生消费 4,203  未匹配 11  loss 1.080  vf 0.028  命中(每 5 局量一次，本局跳过)  梯度步 51750  累计 16452s
[图70.1·BC] 局 208/400  样本 581(缓冲 40000)  老师消费 4,568  未匹配 28  loss 1.042  vf 0.026  命中(每 5 局量一次，本局跳过)  梯度步 52000  累计 16527s
[图70.2·BC] 局 209/400  样本 581(缓冲 40000)  老师消费 4,568  未匹配 28  loss 1.039  vf 0.023  命中(每 5 局量一次，本局跳过)  梯度步 52250  累计 16602s
[图70.3·DAgger] 局 210/400  样本 680(缓冲 40000)  学生消费 3,233  未匹配 35  loss 1.075  vf 0.025  命中 训练18.7%/验证49.8%  真命中(扣end_turn) 训练14.4%/验证43.0%  梯度步 52500  累计 16696s
[图71.1·BC] 局 211/400  样本 640(缓冲 40000)  老师消费 5,033  未匹配 32  loss 1.056  vf 0.025  命中(每 5 局量一次，本局跳过)  梯度步 52750  累计 16771s
[图71.2·BC] 局 212/400  样本 640(缓冲 40000)  老师消费 5,033  未匹配 32  loss 1.066  vf 0.026  命中(每 5 局量一次，本局跳过)  梯度步 53000  累计 16847s
[图71.3·DAgger] 局 213/400  样本 618(缓冲 40000)  学生消费 4,246  未匹配 14  loss 1.092  vf 0.026  命中(每 5 局量一次，本局跳过)  梯度步 53250  累计 16927s
[图72.1·BC] 局 214/400  样本 615(缓冲 40000)  老师消费 4,884  未匹配 27  loss 1.155  vf 0.025  命中(每 5 局量一次，本局跳过)  梯度步 53500  累计 17003s
[图72.2·BC] 局 215/400  样本 615(缓冲 40000)  老师消费 4,884  未匹配 27  loss 1.050  vf 0.026  命中 训练25.7%/验证52.3%  真命中(扣end_turn) 训练24.3%/验证48.5%  梯度步 53750  累计 17089s
[图72.3·DAgger] 局 216/400  样本 669(缓冲 40000)  学生消费 4,330  未匹配 73  loss 1.061  vf 0.023  命中(每 5 局量一次，本局跳过)  梯度步 54000  累计 17174s
[图73.1·BC] 局 217/400  样本 718(缓冲 40000)  老师消费 5,209  未匹配 20  loss 1.024  vf 0.023  命中(每 5 局量一次，本局跳过)  梯度步 54250  累计 17255s
[图73.2·BC] 局 218/400  样本 718(缓冲 40000)  老师消费 5,209  未匹配 20  loss 1.051  vf 0.024  命中(每 5 局量一次，本局跳过)  梯度步 54500  累计 17331s
[图73.3·DAgger] 局 219/400  样本 755(缓冲 40000)  学生消费 4,298  未匹配 64  loss 1.047  vf 0.023  命中(每 5 局量一次，本局跳过)  梯度步 54750  累计 17420s
[图74.1·BC] 局 220/400  样本 601(缓冲 40000)  老师消费 4,423  未匹配 24  loss 1.087  vf 0.024  命中 训练82.7%/验证51.6%  真命中(扣end_turn) 训练81.4%/验证46.6%  梯度步 55000  累计 17506s
[图74.2·BC] 局 221/400  样本 601(缓冲 40000)  老师消费 4,423  未匹配 24  loss 1.017  vf 0.023  命中(每 5 局量一次，本局跳过)  梯度步 55250  累计 17581s
[图74.3·DAgger] 局 222/400  样本 662(缓冲 40000)  学生消费 4,028  未匹配 24  loss 1.045  vf 0.022  命中(每 5 局量一次，本局跳过)  梯度步 55500  累计 17664s
[图75.1·BC] 局 223/400  样本 630(缓冲 40000)  老师消费 4,943  未匹配 32  loss 1.049  vf 0.023  命中(每 5 局量一次，本局跳过)  梯度步 55750  累计 17738s
[图75.2·BC] 局 224/400  样本 630(缓冲 40000)  老师消费 4,943  未匹配 32  loss 1.025  vf 0.022  命中(每 5 局量一次，本局跳过)  梯度步 56000  累计 17814s
[图75.3·DAgger] 局 225/400  样本 703(缓冲 40000)  学生消费 4,246  未匹配 90  loss 1.054  vf 0.021  命中 训练39.2%/验证51.6%  真命中(扣end_turn) 训练37.0%/验证47.0%  梯度步 56250  累计 17912s
[图76.1·BC] 局 226/400  样本 660(缓冲 40000)  老师消费 5,028  未匹配 24  loss 1.045  vf 0.023  命中(每 5 局量一次，本局跳过)  梯度步 56500  累计 17988s
[图76.2·BC] 局 227/400  样本 660(缓冲 40000)  老师消费 5,028  未匹配 24  loss 1.027  vf 0.021  命中(每 5 局量一次，本局跳过)  梯度步 56750  累计 18065s
[图76.3·DAgger] 局 228/400  样本 692(缓冲 40000)  学生消费 4,981  未匹配 10  loss 1.051  vf 0.024  命中(每 5 局量一次，本局跳过)  梯度步 57000  累计 18149s
[图77.1·BC] 局 229/400  样本 639(缓冲 40000)  老师消费 5,193  未匹配 26  loss 1.069  vf 0.023  命中(每 5 局量一次，本局跳过)  梯度步 57250  累计 18224s
[图77.2·BC] 局 230/400  样本 639(缓冲 40000)  老师消费 5,193  未匹配 26  loss 1.035  vf 0.022  命中 训练86.2%/验证51.9%  真命中(扣end_turn) 训练84.7%/验证46.3%  梯度步 57500  累计 18310s
[图77.3·DAgger] 局 231/400  样本 643(缓冲 40000)  学生消费 3,830  未匹配 5  loss 1.061  vf 0.024  命中(每 5 局量一次，本局跳过)  梯度步 57750  累计 18392s
[图78.1·BC] 局 232/400  样本 691(缓冲 40000)  老师消费 5,095  未匹配 35  loss 1.086  vf 0.025  命中(每 5 局量一次，本局跳过)  梯度步 58000  累计 18468s
[图78.2·BC] 局 233/400  样本 691(缓冲 40000)  老师消费 5,095  未匹配 35  loss 1.014  vf 0.023  命中(每 5 局量一次，本局跳过)  梯度步 58250  累计 18548s
[图78.3·DAgger] 局 234/400  样本 772(缓冲 40000)  学生消费 4,486  未匹配 57  loss 1.010  vf 0.021  命中(每 5 局量一次，本局跳过)  梯度步 58500  累计 18637s
[图79.1·BC] 局 235/400  样本 510(缓冲 40000)  老师消费 3,101  未匹配 27  loss 1.045  vf 0.024  命中 训练72.7%/验证49.7%  真命中(扣end_turn) 训练68.6%/验证44.4%  梯度步 58750  累计 18723s
[图79.2·BC] 局 236/400  样本 510(缓冲 40000)  老师消费 3,101  未匹配 27  loss 1.011  vf 0.024  命中(每 5 局量一次，本局跳过)  梯度步 59000  累计 18796s
[图79.3·DAgger] 局 237/400  样本 683(缓冲 40000)  学生消费 4,049  未匹配 47  loss 1.049  vf 0.027  命中(每 5 局量一次，本局跳过)  梯度步 59250  累计 18879s
[图80.1·BC] 局 238/400  样本 658(缓冲 40000)  老师消费 5,374  未匹配 32  loss 1.048  vf 0.025  命中(每 5 局量一次，本局跳过)  梯度步 59500  累计 18956s
[图80.2·BC] 局 239/400  样本 658(缓冲 40000)  老师消费 5,374  未匹配 32  loss 1.028  vf 0.025  命中(每 5 局量一次，本局跳过)  梯度步 59750  累计 19032s
[图80.3·DAgger] 局 240/400  样本 682(缓冲 40000)  学生消费 4,063  未匹配 70  loss 1.062  vf 0.027  命中 训练24.7%/验证54.1%  真命中(扣end_turn) 训练23.3%/验证49.7%  梯度步 60000  累计 19127s
[图81.1·BC] 局 241/400  样本 699(缓冲 40000)  老师消费 5,139  未匹配 36  loss 1.123  vf 0.024  命中(每 5 局量一次，本局跳过)  梯度步 60250  累计 19202s
[图81.2·BC] 局 242/400  样本 699(缓冲 40000)  老师消费 5,139  未匹配 36  loss 1.045  vf 0.023  命中(每 5 局量一次，本局跳过)  梯度步 60500  累计 19277s
[图81.3·DAgger] 局 243/400  样本 764(缓冲 40000)  学生消费 4,896  未匹配 89  loss 1.088  vf 0.025  命中(每 5 局量一次，本局跳过)  梯度步 60750  累计 19362s
[图82.1·BC] 局 244/400  样本 591(缓冲 40000)  老师消费 4,591  未匹配 26  loss 1.054  vf 0.024  命中(每 5 局量一次，本局跳过)  梯度步 61000  累计 19435s
[图82.2·BC] 局 245/400  样本 591(缓冲 40000)  老师消费 4,591  未匹配 26  loss 1.035  vf 0.022  命中 训练87.3%/验证53.8%  真命中(扣end_turn) 训练85.9%/验证49.3%  梯度步 61250  累计 19521s
[图82.3·DAgger] 局 246/400  样本 624(缓冲 40000)  学生消费 4,114  未匹配 59  loss 1.030  vf 0.022  命中(每 5 局量一次，本局跳过)  梯度步 61500  累计 19605s
[图83.1·BC] 局 247/400  样本 702(缓冲 40000)  老师消费 4,903  未匹配 21  loss 1.031  vf 0.024  命中(每 5 局量一次，本局跳过)  梯度步 61750  累计 19680s
[图83.2·BC] 局 248/400  样本 702(缓冲 40000)  老师消费 4,903  未匹配 21  loss 1.037  vf 0.021  命中(每 5 局量一次，本局跳过)  梯度步 62000  累计 19756s
[图83.3·DAgger] 局 249/400  样本 777(缓冲 40000)  学生消费 4,257  未匹配 66  loss 1.019  vf 0.023  命中(每 5 局量一次，本局跳过)  梯度步 62250  累计 19842s
[图84.1·BC] 局 250/400  样本 655(缓冲 40000)  老师消费 5,497  未匹配 35  loss 1.009  vf 0.022  命中 训练40.2%/验证54.4%  真命中(扣end_turn) 训练37.4%/验证50.3%  梯度步 62500  累计 19932s
[图84.2·BC] 局 251/400  样本 655(缓冲 40000)  老师消费 5,497  未匹配 35  loss 1.085  vf 0.023  命中(每 5 局量一次，本局跳过)  梯度步 62750  累计 20006s
[图84.3·DAgger] 局 252/400  样本 714(缓冲 40000)  学生消费 4,594  未匹配 52  loss 0.994  vf 0.020  命中(每 5 局量一次，本局跳过)  梯度步 63000  累计 20092s
[图85.1·BC] 局 253/400  样本 638(缓冲 40000)  老师消费 5,153  未匹配 29  loss 1.006  vf 0.020  命中(每 5 局量一次，本局跳过)  梯度步 63250  累计 20166s
[图85.2·BC] 局 254/400  样本 638(缓冲 40000)  老师消费 5,153  未匹配 29  loss 1.003  vf 0.020  命中(每 5 局量一次，本局跳过)  梯度步 63500  累计 20239s
[图85.3·DAgger] 局 255/400  样本 766(缓冲 40000)  学生消费 4,453  未匹配 67  loss 1.053  vf 0.020  命中 训练27.7%/验证54.7%  真命中(扣end_turn) 训练22.6%/验证50.3%  梯度步 63750  累计 20333s
[图86.1·BC] 局 256/400  样本 612(缓冲 40000)  老师消费 4,473  未匹配 29  loss 1.001  vf 0.019  命中(每 5 局量一次，本局跳过)  梯度步 64000  累计 20404s
[图86.2·BC] 局 257/400  样本 612(缓冲 40000)  老师消费 4,473  未匹配 29  loss 1.007  vf 0.020  命中(每 5 局量一次，本局跳过)  梯度步 64250  累计 20477s
[图86.3·DAgger] 局 258/400  样本 623(缓冲 40000)  学生消费 3,950  未匹配 10  loss 1.000  vf 0.020  命中(每 5 局量一次，本局跳过)  梯度步 64500  累计 20554s
[图87.1·BC] 局 259/400  样本 645(缓冲 40000)  老师消费 4,496  未匹配 19  loss 1.017  vf 0.021  命中(每 5 局量一次，本局跳过)  梯度步 64750  累计 20627s
[图87.2·BC] 局 260/400  样本 645(缓冲 40000)  老师消费 4,496  未匹配 19  loss 1.070  vf 0.020  命中 训练87.8%/验证55.1%  真命中(扣end_turn) 训练85.7%/验证50.4%  梯度步 65000  累计 20711s
[图87.3·DAgger] 局 261/400  样本 653(缓冲 40000)  学生消费 3,911  未匹配 37  loss 1.011  vf 0.022  命中(每 5 局量一次，本局跳过)  梯度步 65250  累计 20791s
[图88.1·BC] 局 262/400  样本 459(缓冲 40000)  老师消费 2,849  未匹配 21  loss 1.050  vf 0.024  命中(每 5 局量一次，本局跳过)  梯度步 65500  累计 20861s
[图88.2·BC] 局 263/400  样本 459(缓冲 40000)  老师消费 2,849  未匹配 21  loss 0.983  vf 0.026  命中(每 5 局量一次，本局跳过)  梯度步 65750  累计 20931s
[图88.3·DAgger] 局 264/400  样本 649(缓冲 40000)  学生消费 3,906  未匹配 44  loss 1.019  vf 0.024  命中(每 5 局量一次，本局跳过)  梯度步 66000  累计 21012s
[图89.1·BC] 局 265/400  样本 647(缓冲 40000)  老师消费 5,178  未匹配 35  loss 0.996  vf 0.026  命中 训练74.2%/验证52.8%  真命中(扣end_turn) 训练70.2%/验证48.2%  梯度步 66250  累计 21097s
[图89.2·BC] 局 266/400  样本 647(缓冲 40000)  老师消费 5,178  未匹配 35  loss 0.980  vf 0.020  命中(每 5 局量一次，本局跳过)  梯度步 66500  累计 21170s
[图89.3·DAgger] 局 267/400  样本 719(缓冲 40000)  学生消费 4,572  未匹配 78  loss 1.013  vf 0.023  命中(每 5 局量一次，本局跳过)  梯度步 66750  累计 21259s
[图90.1·BC] 局 268/400  样本 558(缓冲 40000)  老师消费 4,093  未匹配 27  loss 1.050  vf 0.021  命中(每 5 局量一次，本局跳过)  梯度步 67000  累计 21330s
[图90.2·BC] 局 269/400  样本 558(缓冲 40000)  老师消费 4,093  未匹配 27  loss 0.959  vf 0.019  命中(每 5 局量一次，本局跳过)  梯度步 67250  累计 21400s
[图90.3·DAgger] 局 270/400  样本 633(缓冲 40000)  学生消费 3,483  未匹配 80  loss 1.040  vf 0.020  命中 训练39.3%/验证54.5%  真命中(扣end_turn) 训练34.6%/验证49.7%  梯度步 67500  累计 21491s
[图91.1·BC] 局 271/400  样本 654(缓冲 40000)  老师消费 4,842  未匹配 13  loss 1.000  vf 0.018  命中(每 5 局量一次，本局跳过)  梯度步 67750  累计 21564s
[图91.2·BC] 局 272/400  样本 654(缓冲 40000)  老师消费 4,842  未匹配 13  loss 0.970  vf 0.020  命中(每 5 局量一次，本局跳过)  梯度步 68000  累计 21638s
[图91.3·DAgger] 局 273/400  样本 742(缓冲 40000)  学生消费 4,823  未匹配 59  loss 1.017  vf 0.021  命中(每 5 局量一次，本局跳过)  梯度步 68250  累计 21723s
[图92.1·BC] 局 274/400  样本 603(缓冲 40000)  老师消费 4,630  未匹配 25  loss 1.032  vf 0.022  命中(每 5 局量一次，本局跳过)  梯度步 68500  累计 21795s
[图92.2·BC] 局 275/400  样本 603(缓冲 40000)  老师消费 4,630  未匹配 25  loss 1.008  vf 0.020  命中 训练72.5%/验证52.8%  真命中(扣end_turn) 训练68.8%/验证48.0%  梯度步 68750  累计 21878s
[图92.3·DAgger] 局 276/400  样本 602(缓冲 40000)  学生消费 4,898  未匹配 10  loss 1.037  vf 0.019  命中(每 5 局量一次，本局跳过)  梯度步 69000  累计 21956s
[图93.1·BC] 局 277/400  样本 643(缓冲 40000)  老师消费 4,975  未匹配 38  loss 0.984  vf 0.020  命中(每 5 局量一次，本局跳过)  梯度步 69250  累计 22028s
[图93.2·BC] 局 278/400  样本 643(缓冲 40000)  老师消费 4,975  未匹配 38  loss 1.013  vf 0.019  命中(每 5 局量一次，本局跳过)  梯度步 69500  累计 22100s
[图93.3·DAgger] 局 279/400  样本 712(缓冲 40000)  学生消费 4,198  未匹配 80  loss 1.024  vf 0.021  命中(每 5 局量一次，本局跳过)  梯度步 69750  累计 22181s
[图94.1·BC] 局 280/400  样本 697(缓冲 40000)  老师消费 6,304  未匹配 29  loss 1.038  vf 0.023  命中 训练64.2%/验证48.9%  真命中(扣end_turn) 训练59.5%/验证43.5%  梯度步 70000  累计 22266s
[图94.2·BC] 局 281/400  样本 697(缓冲 40000)  老师消费 6,304  未匹配 29  loss 0.978  vf 0.026  命中(每 5 局量一次，本局跳过)  梯度步 70250  累计 22339s
[图94.3·DAgger] 局 282/400  样本 722(缓冲 40000)  学生消费 5,937  未匹配 106  loss 1.033  vf 0.031  命中(每 5 局量一次，本局跳过)  梯度步 70500  累计 22429s
[图95.1·BC] 局 283/400  样本 708(缓冲 40000)  老师消费 5,309  未匹配 28  loss 1.053  vf 0.027  命中(每 5 局量一次，本局跳过)  梯度步 70750  累计 22503s
[图95.2·BC] 局 284/400  样本 708(缓冲 40000)  老师消费 5,309  未匹配 28  loss 0.987  vf 0.027  命中(每 5 局量一次，本局跳过)  梯度步 71000  累计 22577s
[图95.3·DAgger] 局 285/400  样本 803(缓冲 40000)  学生消费 4,472  未匹配 63  loss 1.041  vf 0.029  命中 训练27.3%/验证55.6%  真命中(扣end_turn) 训练24.1%/验证51.2%  梯度步 71250  累计 22671s
[图96.1·BC] 局 286/400  样本 630(缓冲 40000)  老师消费 4,705  未匹配 33  loss 1.030  vf 0.027  命中(每 5 局量一次，本局跳过)  梯度步 71500  累计 22743s
[图96.2·BC] 局 287/400  样本 630(缓冲 40000)  老师消费 4,705  未匹配 33  loss 1.044  vf 0.024  命中(每 5 局量一次，本局跳过)  梯度步 71750  累计 22816s
[图96.3·DAgger] 局 288/400  样本 658(缓冲 40000)  学生消费 4,221  未匹配 74  loss 1.002  vf 0.025  命中(每 5 局量一次，本局跳过)  梯度步 72000  累计 22896s
[图97.1·BC] 局 289/400  样本 607(缓冲 40000)  老师消费 3,601  未匹配 11  loss 0.967  vf 0.029  命中(每 5 局量一次，本局跳过)  梯度步 72250  累计 22970s
[图97.2·BC] 局 290/400  样本 607(缓冲 40000)  老师消费 3,601  未匹配 11  loss 0.977  vf 0.033  命中 训练94.8%/验证56.5%  真命中(扣end_turn) 训练93.8%/验证52.2%  梯度步 72500  累计 23055s
[图97.3·DAgger] 局 291/400  样本 666(缓冲 40000)  学生消费 4,122  未匹配 58  loss 1.018  vf 0.030  命中(每 5 局量一次，本局跳过)  梯度步 72750  累计 23136s
[图98.1·BC] 局 292/400  样本 617(缓冲 40000)  老师消费 4,732  未匹配 29  loss 0.962  vf 0.031  命中(每 5 局量一次，本局跳过)  梯度步 73000  累计 23208s
[图98.2·BC] 局 293/400  样本 617(缓冲 40000)  老师消费 4,732  未匹配 29  loss 0.928  vf 0.028  命中(每 5 局量一次，本局跳过)  梯度步 73250  累计 23281s
[图98.3·DAgger] 局 294/400  样本 683(缓冲 40000)  学生消费 4,221  未匹配 104  loss 0.990  vf 0.031  命中(每 5 局量一次，本局跳过)  梯度步 73500  累计 23367s
[图99.1·BC] 局 295/400  样本 679(缓冲 40000)  老师消费 5,022  未匹配 26  loss 0.965  vf 0.030  命中 训练67.3%/验证57.0%  真命中(扣end_turn) 训练66.3%/验证53.6%  梯度步 73750  累计 23452s
[图99.2·BC] 局 296/400  样本 679(缓冲 40000)  老师消费 5,022  未匹配 26  loss 0.973  vf 0.026  命中(每 5 局量一次，本局跳过)  梯度步 74000  累计 23524s
[图99.3·DAgger] 局 297/400  样本 676(缓冲 40000)  学生消费 4,689  未匹配 7  loss 1.000  vf 0.024  命中(每 5 局量一次，本局跳过)  梯度步 74250  累计 23603s
[图100.1·BC] 局 298/400  样本 576(缓冲 40000)  老师消费 4,257  未匹配 31  loss 0.978  vf 0.027  命中(每 5 局量一次，本局跳过)  梯度步 74500  累计 23681s
[图100.2·BC] 局 299/400  样本 576(缓冲 40000)  老师消费 4,257  未匹配 31  loss 0.951  vf 0.026  命中(每 5 局量一次，本局跳过)  梯度步 74750  累计 23753s
[图100.3·DAgger] 局 300/400  样本 648(缓冲 40000)  学生消费 3,643  未匹配 51  loss 0.972  vf 0.031  命中 训练33.7%/验证60.7%  真命中(扣end_turn) 训练28.8%/验证56.6%  梯度步 75000  累计 23845s
[图101.1·BC] 局 301/400  样本 583(缓冲 40000)  老师消费 4,084  未匹配 32  loss 1.009  vf 0.027  命中(每 5 局量一次，本局跳过)  梯度步 75250  累计 23917s
[图101.2·BC] 局 302/400  样本 583(缓冲 40000)  老师消费 4,084  未匹配 32  loss 0.950  vf 0.030  命中(每 5 局量一次，本局跳过)  梯度步 75500  累计 23989s
[图101.3·DAgger] 局 303/400  样本 639(缓冲 40000)  学生消费 3,712  未匹配 78  loss 1.012  vf 0.028  命中(每 5 局量一次，本局跳过)  梯度步 75750  累计 24070s
[图102.1·BC] 局 304/400  样本 559(缓冲 40000)  老师消费 3,968  未匹配 25  loss 0.956  vf 0.025  命中(每 5 局量一次，本局跳过)  梯度步 76000  累计 24141s
[图102.2·BC] 局 305/400  样本 559(缓冲 40000)  老师消费 3,968  未匹配 25  loss 1.003  vf 0.026  命中 训练37.8%/验证62.2%  真命中(扣end_turn) 训练34.7%/验证57.7%  梯度步 76250  累计 24224s
[图102.3·DAgger] 局 306/400  样本 742(缓冲 40000)  学生消费 4,339  未匹配 68  loss 0.962  vf 0.024  命中(每 5 局量一次，本局跳过)  梯度步 76500  累计 24307s
[图103.1·BC] 局 307/400  样本 695(缓冲 40000)  老师消费 3,995  未匹配 19  loss 0.898  vf 0.027  命中(每 5 局量一次，本局跳过)  梯度步 76750  累计 24380s
[图103.2·BC] 局 308/400  样本 695(缓冲 40000)  老师消费 3,995  未匹配 19  loss 0.969  vf 0.031  命中(每 5 局量一次，本局跳过)  梯度步 77000  累计 24453s
[图103.3·DAgger] 局 309/400  样本 707(缓冲 40000)  学生消费 4,654  未匹配 73  loss 0.998  vf 0.031  命中(每 5 局量一次，本局跳过)  梯度步 77250  累计 24533s
[图104.1·BC] 局 310/400  样本 717(缓冲 40000)  老师消费 6,606  未匹配 27  loss 0.968  vf 0.030  命中 训练66.7%/验证52.4%  真命中(扣end_turn) 训练62.7%/验证47.2%  梯度步 77500  累计 24620s
[图104.2·BC] 局 311/400  样本 717(缓冲 40000)  老师消费 6,606  未匹配 27  loss 0.975  vf 0.032  命中(每 5 局量一次，本局跳过)  梯度步 77750  累计 24694s
[图104.3·DAgger] 局 312/400  样本 685(缓冲 40000)  学生消费 5,587  未匹配 59  loss 0.961  vf 0.029  命中(每 5 局量一次，本局跳过)  梯度步 78000  累计 24778s
[图105.1·BC] 局 313/400  样本 650(缓冲 40000)  老师消费 4,977  未匹配 19  loss 0.981  vf 0.028  命中(每 5 局量一次，本局跳过)  梯度步 78250  累计 24856s
[图105.2·BC] 局 314/400  样本 650(缓冲 40000)  老师消费 4,977  未匹配 19  loss 0.932  vf 0.026  命中(每 5 局量一次，本局跳过)  梯度步 78500  累计 24930s
[图105.3·DAgger] 局 315/400  样本 679(缓冲 40000)  学生消费 4,314  未匹配 80  loss 0.980  vf 0.027  命中 训练31.7%/验证49.4%  真命中(扣end_turn) 训练28.0%/验证42.9%  梯度步 78750  累计 25022s
[图106.1·BC] 局 316/400  样本 630(缓冲 40000)  老师消费 3,981  未匹配 10  loss 0.938  vf 0.031  命中(每 5 局量一次，本局跳过)  梯度步 79000  累计 25096s
[图106.2·BC] 局 317/400  样本 630(缓冲 40000)  老师消费 3,981  未匹配 10  loss 0.921  vf 0.026  命中(每 5 局量一次，本局跳过)  梯度步 79250  累计 25170s
[图106.3·DAgger] 局 318/400  样本 675(缓冲 40000)  学生消费 4,650  未匹配 3  loss 1.032  vf 0.029  命中(每 5 局量一次，本局跳过)  梯度步 79500  累计 25252s
[图107.1·BC] 局 319/400  样本 709(缓冲 40000)  老师消费 3,566  未匹配 14  loss 0.925  vf 0.028  命中(每 5 局量一次，本局跳过)  梯度步 79750  累计 25327s
[图107.2·BC] 局 320/400  样本 709(缓冲 40000)  老师消费 3,566  未匹配 14  loss 0.890  vf 0.031  命中 训练89.7%/验证53.8%  真命中(扣end_turn) 训练88.1%/验证49.1%  梯度步 80000  累计 25414s
[图107.3·DAgger] 局 321/400  样本 764(缓冲 40000)  学生消费 4,725  未匹配 76  loss 0.943  vf 0.032  命中(每 5 局量一次，本局跳过)  梯度步 80250  累计 25499s
[图108.1·BC] 局 322/400  样本 609(缓冲 40000)  老师消费 4,959  未匹配 33  loss 0.997  vf 0.029  命中(每 5 局量一次，本局跳过)  梯度步 80500  累计 25574s
[图108.2·BC] 局 323/400  样本 609(缓冲 40000)  老师消费 4,959  未匹配 33  loss 0.938  vf 0.028  命中(每 5 局量一次，本局跳过)  梯度步 80750  累计 25649s
[图108.3·DAgger] 局 324/400  样本 745(缓冲 40000)  学生消费 4,549  未匹配 87  loss 0.935  vf 0.027  命中(每 5 局量一次，本局跳过)  梯度步 81000  累计 25734s
[图109.1·BC] 局 325/400  样本 613(缓冲 40000)  老师消费 5,164  未匹配 36  loss 0.932  vf 0.031  命中 训练72.0%/验证50.1%  真命中(扣end_turn) 训练69.9%/验证44.4%  梯度步 81250  累计 25823s
[图109.2·BC] 局 326/400  样本 613(缓冲 40000)  老师消费 5,164  未匹配 36  loss 0.884  vf 0.024  命中(每 5 局量一次，本局跳过)  梯度步 81500  累计 25898s
[图109.3·DAgger] 局 327/400  样本 695(缓冲 40000)  学生消费 3,852  未匹配 28  loss 0.965  vf 0.028  命中(每 5 局量一次，本局跳过)  梯度步 81750  累计 25987s
[图110.1·BC] 局 328/400  样本 687(缓冲 40000)  老师消费 4,025  未匹配 16  loss 0.920  vf 0.028  命中(每 5 局量一次，本局跳过)  梯度步 82000  累计 26062s
[图110.2·BC] 局 329/400  样本 687(缓冲 40000)  老师消费 4,025  未匹配 16  loss 0.944  vf 0.029  命中(每 5 局量一次，本局跳过)  梯度步 82250  累计 26138s
[图110.3·DAgger] 局 330/400  样本 781(缓冲 40000)  学生消费 4,849  未匹配 103  loss 0.926  vf 0.028  命中 训练41.5%/验证50.0%  真命中(扣end_turn) 训练36.8%/验证44.1%  梯度步 82500  累计 26235s
[图111.1·BC] 局 331/400  样本 669(缓冲 40000)  老师消费 4,816  未匹配 24  loss 0.906  vf 0.027  命中(每 5 局量一次，本局跳过)  梯度步 82750  累计 26309s
[图111.2·BC] 局 332/400  样本 669(缓冲 40000)  老师消费 4,816  未匹配 24  loss 0.926  vf 0.030  命中(每 5 局量一次，本局跳过)  梯度步 83000  累计 26383s
[图111.3·DAgger] 局 333/400  样本 676(缓冲 40000)  学生消费 3,775  未匹配 11  loss 0.920  vf 0.034  命中(每 5 局量一次，本局跳过)  梯度步 83250  累计 26465s
[图112.1·BC] 局 334/400  样本 701(缓冲 40000)  老师消费 5,563  未匹配 40  loss 0.968  vf 0.029  命中(每 5 局量一次，本局跳过)  梯度步 83500  累计 26540s
[图112.2·BC] 局 335/400  样本 701(缓冲 40000)  老师消费 5,563  未匹配 40  loss 0.917  vf 0.027  命中 训练77.2%/验证52.7%  真命中(扣end_turn) 训练74.1%/验证47.2%  梯度步 83750  累计 26629s
[图112.3·DAgger] 局 336/400  样本 622(缓冲 40000)  学生消费 3,468  未匹配 3  loss 0.936  vf 0.027  命中(每 5 局量一次，本局跳过)  梯度步 84000  累计 26712s
[图113.1·BC] 局 337/400  样本 660(缓冲 40000)  老师消费 6,161  未匹配 35  loss 0.903  vf 0.029  命中(每 5 局量一次，本局跳过)  梯度步 84250  累计 26788s
[图113.2·BC] 局 338/400  样本 660(缓冲 40000)  老师消费 6,161  未匹配 35  loss 0.934  vf 0.031  命中(每 5 局量一次，本局跳过)  梯度步 84500  累计 26863s
[图113.3·DAgger] 局 339/400  样本 648(缓冲 40000)  学生消费 4,815  未匹配 83  loss 0.923  vf 0.029  命中(每 5 局量一次，本局跳过)  梯度步 84750  累计 26945s
[图114.1·BC] 局 340/400  样本 636(缓冲 40000)  老师消费 5,153  未匹配 34  loss 0.971  vf 0.027  命中 训练41.3%/验证53.3%  真命中(扣end_turn) 训练40.5%/验证48.1%  梯度步 85000  累计 27031s
[图114.2·BC] 局 341/400  样本 636(缓冲 40000)  老师消费 5,153  未匹配 34  loss 0.923  vf 0.026  命中(每 5 局量一次，本局跳过)  梯度步 85250  累计 27105s
[图114.3·DAgger] 局 342/400  样本 672(缓冲 40000)  学生消费 4,438  未匹配 56  loss 0.932  vf 0.026  命中(每 5 局量一次，本局跳过)  梯度步 85500  累计 27189s
[图115.1·BC] 局 343/400  样本 617(缓冲 40000)  老师消费 4,669  未匹配 35  loss 0.926  vf 0.026  命中(每 5 局量一次，本局跳过)  梯度步 85750  累计 27264s
[图115.2·BC] 局 344/400  样本 617(缓冲 40000)  老师消费 4,669  未匹配 35  loss 0.911  vf 0.028  命中(每 5 局量一次，本局跳过)  梯度步 86000  累计 27342s
[图115.3·DAgger] 局 345/400  样本 687(缓冲 40000)  学生消费 4,446  未匹配 64  loss 0.942  vf 0.027  命中 训练31.8%/验证52.3%  真命中(扣end_turn) 训练28.1%/验证47.3%  梯度步 86250  累计 27436s
[图116.1·BC] 局 346/400  样本 728(缓冲 40000)  老师消费 5,325  未匹配 23  loss 0.922  vf 0.027  命中(每 5 局量一次，本局跳过)  梯度步 86500  累计 27511s
[图116.2·BC] 局 347/400  样本 728(缓冲 40000)  老师消费 5,325  未匹配 23  loss 0.902  vf 0.027  命中(每 5 局量一次，本局跳过)  梯度步 86750  累计 27586s
[图116.3·DAgger] 局 348/400  样本 809(缓冲 40000)  学生消费 4,542  未匹配 61  loss 0.912  vf 0.025  命中(每 5 局量一次，本局跳过)  梯度步 87000  累计 27672s
[图117.1·BC] 局 349/400  样本 678(缓冲 40000)  老师消费 5,327  未匹配 31  loss 0.922  vf 0.027  命中(每 5 局量一次，本局跳过)  梯度步 87250  累计 27747s
[图117.2·BC] 局 350/400  样本 678(缓冲 40000)  老师消费 5,327  未匹配 31  loss 0.863  vf 0.029  命中 训练80.7%/验证48.8%  真命中(扣end_turn) 训练77.9%/验证43.5%  梯度步 87500  累计 27835s
[图117.3·DAgger] 局 351/400  样本 658(缓冲 40000)  学生消费 4,227  未匹配 56  loss 0.892  vf 0.027  命中(每 5 局量一次，本局跳过)  梯度步 87750  累计 27921s
[图118.1·BC] 局 352/400  样本 624(缓冲 40000)  老师消费 4,969  未匹配 30  loss 0.907  vf 0.030  命中(每 5 局量一次，本局跳过)  梯度步 88000  累计 27994s
[图118.2·BC] 局 353/400  样本 624(缓冲 40000)  老师消费 4,969  未匹配 30  loss 0.883  vf 0.027  命中(每 5 局量一次，本局跳过)  梯度步 88250  累计 28067s
[图118.3·DAgger] 局 354/400  样本 704(缓冲 40000)  学生消费 4,727  未匹配 61  loss 0.974  vf 0.026  命中(每 5 局量一次，本局跳过)  梯度步 88500  累计 28153s
[图119.1·BC] 局 355/400  样本 736(缓冲 40000)  老师消费 6,127  未匹配 29  loss 0.958  vf 0.031  命中 训练75.8%/验证51.6%  真命中(扣end_turn) 训练73.4%/验证47.0%  梯度步 88750  累计 28241s
[图119.2·BC] 局 356/400  样本 736(缓冲 40000)  老师消费 6,127  未匹配 29  loss 0.903  vf 0.031  命中(每 5 局量一次，本局跳过)  梯度步 89000  累计 28317s
[图119.3·DAgger] 局 357/400  样本 725(缓冲 40000)  学生消费 4,433  未匹配 12  loss 0.955  vf 0.028  命中(每 5 局量一次，本局跳过)  梯度步 89250  累计 28400s
[图120.1·BC] 局 358/400  样本 652(缓冲 40000)  老师消费 4,803  未匹配 26  loss 0.925  vf 0.030  命中(每 5 局量一次，本局跳过)  梯度步 89500  累计 28481s
[图120.2·BC] 局 359/400  样本 652(缓冲 40000)  老师消费 4,803  未匹配 26  loss 0.885  vf 0.028  命中(每 5 局量一次，本局跳过)  梯度步 89750  累计 28557s
[图120.3·DAgger] 局 360/400  样本 770(缓冲 40000)  学生消费 4,465  未匹配 83  loss 0.913  vf 0.026  命中 训练27.5%/验证49.9%  真命中(扣end_turn) 训练23.5%/验证44.5%  梯度步 90000  累计 28654s
[图121.1·BC] 局 361/400  样本 690(缓冲 40000)  老师消费 6,530  未匹配 24  loss 0.879  vf 0.025  命中(每 5 局量一次，本局跳过)  梯度步 90250  累计 28730s
[图121.2·BC] 局 362/400  样本 690(缓冲 40000)  老师消费 6,530  未匹配 24  loss 0.934  vf 0.024  命中(每 5 局量一次，本局跳过)  梯度步 90500  累计 28806s
[图121.3·DAgger] 局 363/400  样本 762(缓冲 40000)  学生消费 5,350  未匹配 41  loss 0.920  vf 0.029  命中(每 5 局量一次，本局跳过)  梯度步 90750  累计 28890s
[图122.1·BC] 局 364/400  样本 630(缓冲 40000)  老师消费 4,262  未匹配 17  loss 0.919  vf 0.027  命中(每 5 局量一次，本局跳过)  梯度步 91000  累计 28964s
[图122.2·BC] 局 365/400  样本 630(缓冲 40000)  老师消费 4,262  未匹配 17  loss 0.908  vf 0.026  命中 训练91.8%/验证47.9%  真命中(扣end_turn) 训练90.9%/验证42.7%  梯度步 91250  累计 29051s
[图122.3·DAgger] 局 366/400  样本 707(缓冲 40000)  学生消费 4,759  未匹配 70  loss 0.957  vf 0.027  命中(每 5 局量一次，本局跳过)  梯度步 91500  累计 29135s
[图123.1·BC] 局 367/400  样本 633(缓冲 40000)  老师消费 4,284  未匹配 13  loss 0.931  vf 0.028  命中(每 5 局量一次，本局跳过)  梯度步 91750  累计 29210s
[图123.2·BC] 局 368/400  样本 633(缓冲 40000)  老师消费 4,284  未匹配 13  loss 0.871  vf 0.027  命中(每 5 局量一次，本局跳过)  梯度步 92000  累计 29285s
[图123.3·DAgger] 局 369/400  样本 740(缓冲 40000)  学生消费 4,690  未匹配 62  loss 0.960  vf 0.026  命中(每 5 局量一次，本局跳过)  梯度步 92250  累计 29370s
[图124.1·BC] 局 370/400  样本 696(缓冲 40000)  老师消费 5,318  未匹配 20  loss 0.942  vf 0.025  命中 训练73.0%/验证47.3%  真命中(扣end_turn) 训练69.5%/验证42.1%  梯度步 92500  累计 29458s
[图124.2·BC] 局 371/400  样本 696(缓冲 40000)  老师消费 5,318  未匹配 20  loss 0.925  vf 0.023  命中(每 5 局量一次，本局跳过)  梯度步 92750  累计 29538s
[图124.3·DAgger] 局 372/400  样本 788(缓冲 40000)  学生消费 4,443  未匹配 42  loss 0.962  vf 0.026  命中(每 5 局量一次，本局跳过)  梯度步 93000  累计 29623s
[图125.1·BC] 局 373/400  样本 694(缓冲 40000)  老师消费 5,365  未匹配 34  loss 0.960  vf 0.025  命中(每 5 局量一次，本局跳过)  梯度步 93250  累计 29698s
[图125.2·BC] 局 374/400  样本 694(缓冲 40000)  老师消费 5,365  未匹配 34  loss 0.918  vf 0.023  命中(每 5 局量一次，本局跳过)  梯度步 93500  累计 29774s
[图125.3·DAgger] 局 375/400  样本 783(缓冲 40000)  学生消费 4,780  未匹配 51  loss 0.985  vf 0.027  命中 训练22.5%/验证50.3%  真命中(扣end_turn) 训练18.9%/验证45.1%  梯度步 93750  累计 29871s
[图126.1·BC] 局 376/400  样本 609(缓冲 40000)  老师消费 4,742  未匹配 26  loss 0.959  vf 0.026  命中(每 5 局量一次，本局跳过)  梯度步 94000  累计 29945s
[图126.2·BC] 局 377/400  样本 609(缓冲 40000)  老师消费 4,742  未匹配 26  loss 0.949  vf 0.024  命中(每 5 局量一次，本局跳过)  梯度步 94250  累计 30018s
[图126.3·DAgger] 局 378/400  样本 705(缓冲 40000)  学生消费 5,048  未匹配 91  loss 0.946  vf 0.028  命中(每 5 局量一次，本局跳过)  梯度步 94500  累计 30104s
[图127.1·BC] 局 379/400  样本 655(缓冲 40000)  老师消费 6,034  未匹配 20  loss 0.938  vf 0.027  命中(每 5 局量一次，本局跳过)  梯度步 94750  累计 30181s
[图127.2·BC] 局 380/400  样本 655(缓冲 40000)  老师消费 6,034  未匹配 20  loss 0.893  vf 0.025  命中 训练71.3%/验证51.7%  真命中(扣end_turn) 训练66.9%/验证47.4%  梯度步 95000  累计 30268s
[图127.3·DAgger] 局 381/400  样本 631(缓冲 40000)  学生消费 4,651  未匹配 84  loss 0.950  vf 0.025  命中(每 5 局量一次，本局跳过)  梯度步 95250  累计 30351s
[图128.1·BC] 局 382/400  样本 497(缓冲 40000)  老师消费 3,090  未匹配 27  loss 0.938  vf 0.029  命中(每 5 局量一次，本局跳过)  梯度步 95500  累计 30424s
[图128.2·BC] 局 383/400  样本 497(缓冲 40000)  老师消费 3,090  未匹配 27  loss 0.939  vf 0.029  命中(每 5 局量一次，本局跳过)  梯度步 95750  累计 30497s
[图128.3·DAgger] 局 384/400  样本 628(缓冲 40000)  学生消费 3,377  未匹配 49  loss 0.942  vf 0.030  命中(每 5 局量一次，本局跳过)  梯度步 96000  累计 30580s
[图129.1·BC] 局 385/400  样本 658(缓冲 40000)  老师消费 4,942  未匹配 26  loss 0.949  vf 0.026  命中 训练81.2%/验证53.7%  真命中(扣end_turn) 训练78.3%/验证49.6%  梯度步 96250  累计 30667s
[图129.2·BC] 局 386/400  样本 658(缓冲 40000)  老师消费 4,942  未匹配 26  loss 0.892  vf 0.027  命中(每 5 局量一次，本局跳过)  梯度步 96500  累计 30742s
[图129.3·DAgger] 局 387/400  样本 699(缓冲 40000)  学生消费 4,438  未匹配 77  loss 0.942  vf 0.025  命中(每 5 局量一次，本局跳过)  梯度步 96750  累计 30829s
[图130.1·BC] 局 388/400  样本 717(缓冲 40000)  老师消费 5,071  未匹配 21  loss 0.959  vf 0.027  命中(每 5 局量一次，本局跳过)  梯度步 97000  累计 30910s
[图130.2·BC] 局 389/400  样本 717(缓冲 40000)  老师消费 5,071  未匹配 21  loss 0.886  vf 0.024  命中(每 5 局量一次，本局跳过)  梯度步 97250  累计 30986s
[图130.3·DAgger] 局 390/400  样本 725(缓冲 40000)  学生消费 4,720  未匹配 79  loss 1.010  vf 0.024  命中 训练27.2%/验证56.9%  真命中(扣end_turn) 训练25.2%/验证52.5%  梯度步 97500  累计 31084s
[图131.1·BC] 局 391/400  样本 523(缓冲 40000)  老师消费 4,263  未匹配 22  loss 0.935  vf 0.030  命中(每 5 局量一次，本局跳过)  梯度步 97750  累计 31157s
[图131.2·BC] 局 392/400  样本 523(缓冲 40000)  老师消费 4,263  未匹配 22  loss 0.933  vf 0.028  命中(每 5 局量一次，本局跳过)  梯度步 98000  累计 31231s
[图131.3·DAgger] 局 393/400  样本 659(缓冲 40000)  学生消费 4,039  未匹配 64  loss 0.968  vf 0.027  命中(每 5 局量一次，本局跳过)  梯度步 98250  累计 31314s
[图132.1·BC] 局 394/400  样本 599(缓冲 40000)  老师消费 4,129  未匹配 14  loss 0.986  vf 0.024  命中(每 5 局量一次，本局跳过)  梯度步 98500  累计 31389s
[图132.2·BC] 局 395/400  样本 599(缓冲 40000)  老师消费 4,129  未匹配 14  loss 0.905  vf 0.026  命中 训练40.7%/验证60.6%  真命中(扣end_turn) 训练38.9%/验证55.4%  梯度步 98750  累计 31476s
[图132.3·DAgger] 局 396/400  样本 699(缓冲 40000)  学生消费 4,135  未匹配 44  loss 0.922  vf 0.024  命中(每 5 局量一次，本局跳过)  梯度步 99000  累计 31560s
[图133.1·BC] 局 397/400  样本 607(缓冲 40000)  老师消费 3,635  未匹配 12  loss 0.922  vf 0.026  命中(每 5 局量一次，本局跳过)  梯度步 99250  累计 31635s
[图133.2·BC] 局 398/400  样本 607(缓冲 40000)  老师消费 3,635  未匹配 12  loss 0.909  vf 0.027  命中(每 5 局量一次，本局跳过)  梯度步 99500  累计 31711s
[图133.3·DAgger] 局 399/400  样本 679(缓冲 40000)  学生消费 4,516  未匹配 52  loss 0.910  vf 0.027  命中(每 5 局量一次，本局跳过)  梯度步 99750  累计 31795s
[图134.1·BC] 局 400/400  样本 605(缓冲 40000)  老师消费 3,650  未匹配 18  loss 0.866  vf 0.025  命中 训练95.7%/验证48.7%  真命中(扣end_turn) 训练95.2%/验证43.4%  梯度步 100000  累计 31882s

BC 完成：263822 个样本 · 100000 梯度步 → rl/runs/bc_candx100_gpu/last.pt
