种子 900000，各 200 回合（采样臂）

ckpt                       样本      被拒基率     AUC(训练前)     AUC(训练后)
  载入 /home/northwind/projects/python/zhanguo/rl/runs/gpu_pull/ppo_candx/ckpt_115.pt（缺失 0 项）
ckpt_115                 2919     54.1%        0.382        0.979
    β 扫描（同一张图 900000）：
         β      被拒率        消费      地
      0.00   54.1%    10,378     27
        build    尝试  1070  成功    75  被拒   995  成功率    7%
        sell     尝试   795  成功   508  被拒   287  成功率   64%
        recruit  尝试   226  成功    29  被拒   197  成功率   13%
        buy      尝试   298  成功   199  被拒    99  成功率   67%
        move     尝试   277  成功   277  被拒     0  成功率  100%
        attack   尝试    52  成功    52  被拒     0  成功率  100%
      1.00   10.8%    10,856     29
        build    尝试    93  成功    68  被拒    25  成功率   73%
        sell     尝试   799  成功   632  被拒   167  成功率   79%
        recruit  尝试    38  成功    33  被拒     5  成功率   87%
        buy      尝试   332  成功   317  被拒    15  成功率   95%
        move     尝试   447  成功   447  被拒     0  成功率  100%
        attack   尝试    50  成功    50  被拒     0  成功率  100%

总耗时 642s
