# cmd: /home/northwind/.venv/bin/python -u experiments/probe_grad_noise.py rl/runs/ppo_v10/ckpt_5.pt rl/runs/ppo_v10/ckpt_5.pt 12 200 100
权重 rl/runs/ppo_v10/ckpt_5.pt（第 5 块）  recipe rl/runs/ppo_v10/ckpt_5.pt
缺失 []  多余 []
2 试跑 + 12 局 × 200 回合  池 rl/maps/medium_pool.json 偏移 100  SAMPLING_USE_EXEC=False
lam=1.0 ent_coef=0.01 norm_reward=True (norm 状态来自 权重) invalid_penalty=2.0 jitter=0.1

  试跑0 seed 190: 1959 步  消费 11768.292333333335  （54s）
  试跑1 seed 191: 2768 步  消费 28481.37900000001  （132s）
  优势中心 c=-3.8755 尺度 s=6.3092  平均局长 L̄=2364  （484s）

  局0 seed 193: 2016 步  消费 13472.756000000007  梯度 147s  （累计 684s）
  局1 seed 194: 2865 步  消费 17045.61000000001  梯度 213s  （累计 976s）
  局2 seed 197: 1508 步  消费 6611.9433333333345  梯度 109s  （累计 1124s）
  局3 seed 198: 1845 步  消费 12284.977000000003  梯度 136s  （累计 1311s）
  局4 seed 199: 2091 步  消费 16702.032666666666  梯度 155s  （累计 1522s）
  局5 seed 203: 1582 步  消费 7324.807333333333  梯度 113s  （累计 1675s）
  局6 seed 204: 2535 步  消费 16800.98733333333  梯度 188s  （累计 1932s）
  局7 seed 205: 1890 步  消费 13865.141333333331  梯度 140s  （累计 2123s）
  局8 seed 210: 2282 步  消费 16454.738333333327  梯度 168s  （累计 2353s）
  局9 seed 211: 1950 步  消费 14914.57166666667  梯度 143s  （累计 2549s）
  局10 seed 213: 1737 步  消费 7043.425666666669  梯度 126s  （累计 2720s）
  局11 seed 215: 1722 步  消费 6451.207000000002  梯度 122s  （累计 2886s）

=== 结果（12 局）===

[主干]
  ‖μ‖² = 1.6864e+00 ± 1.45e+00（jackknife SE，z=+1.16）
  trΣ（单局噪声）= 6.8823e+00 ± 2.49e+00   单局 SNR ‖μ‖²/trΣ = 0.2450
  ★B_ep = 4.1 ± 3.2 局
  每块 N 局时 cos(ḡ_N, μ)：N=1: 0.44  N=4: 0.70  N=8: 0.81  N=16: 0.89  N=32: 0.94  N=64: 0.97
  达到 cos=0.5 需 1.4 局；cos=0.7 需 3.9 局
  噪声拆分：半局独立 6.812e+00（99%）  局内共享（结局）7.038e-02（1%）
  ‖ent_coef·∇ent‖ = 4.728e-02   ‖μ‖ = 1.299e+00   比值 = 0.04   cos(∇ent 项, ḡ_12) = -0.163

[score]
  ‖μ‖² = -8.3479e-05 ± 5.85e-04（jackknife SE，z=-0.14）
  trΣ（单局噪声）= 2.9435e-02 ± 4.74e-03   单局 SNR ‖μ‖²/trΣ = -0.0028
  ★‖μ‖² ≤ 0：12 局内分辨不出真梯度（B_ep 至少是 12 的量级以上）
  噪声拆分：半局独立 2.824e-02（96%）  局内共享（结局）1.199e-03（4%）
  ‖ent_coef·∇ent‖ = 1.891e-02   ‖μ‖ = nan   比值 = nan   cos(∇ent 项, ḡ_12) = +0.217

[全部]
  ‖μ‖² = 1.6863e+00 ± 1.45e+00（jackknife SE，z=+1.16）
  trΣ（单局噪声）= 6.9117e+00 ± 2.50e+00   单局 SNR ‖μ‖²/trΣ = 0.2440
  ★B_ep = 4.1 ± 3.2 局
  每块 N 局时 cos(ḡ_N, μ)：N=1: 0.44  N=4: 0.70  N=8: 0.81  N=16: 0.89  N=32: 0.94  N=64: 0.97
  达到 cos=0.5 需 1.4 局；cos=0.7 需 3.9 局
  噪声拆分：半局独立 6.840e+00（99%）  局内共享（结局）7.158e-02（1%）
  ‖ent_coef·∇ent‖ = 5.092e-02   ‖μ‖ = 1.299e+00   比值 = 0.04   cos(∇ent 项, ḡ_12) = -0.149

局消费：均值 12,414  最低 6,451  最高 17,046   局长均值 2002
（总耗时 2887s）
