# cmd: /home/northwind/.venv/bin/python -u experiments/probe_grad_noise.py rl/runs/bc_cont/ep100.pt rl/runs/ppo_v10/ckpt_5.pt 12 200 100
权重 rl/runs/bc_cont/ep100.pt（第 0 块）  recipe rl/runs/ppo_v10/ckpt_5.pt
缺失 ['exec_head.bias', 'exec_head.weight']  多余 []
2 试跑 + 12 局 × 200 回合  池 rl/maps/medium_pool.json 偏移 100  SAMPLING_USE_EXEC=False
lam=1.0 ent_coef=0.01 norm_reward=True (norm 状态来自 recipe) invalid_penalty=2.0 jitter=0.1

  试跑0 seed 190: 2048 步  消费 13391.951999999997  （57s）
  试跑1 seed 191: 3036 步  消费 28751.196666666674  （144s）
  优势中心 c=-8.5898 尺度 s=6.1730  平均局长 L̄=2542  （526s）

  局0 seed 193: 1958 步  消费 13413.400666666668  梯度 141s  （累计 719s）
  局1 seed 194: 2987 步  消费 12835.408333333335  梯度 214s  （累计 1012s）
  局2 seed 197: 1752 步  消费 10202.838666666667  梯度 126s  （累计 1185s）
  局3 seed 198: 1956 步  消费 13744.106333333339  梯度 142s  （累计 1379s）
  局4 seed 199: 2324 步  消费 15820.829999999998  梯度 170s  （累计 1612s）
  局5 seed 203: 1642 步  消费 7528.140999999998  梯度 117s  （累计 1771s）
  局6 seed 204: 2227 步  消费 15737.328000000003  梯度 165s  （累计 1997s）
  局7 seed 205: 1952 步  消费 13842.821000000007  梯度 143s  （累计 2193s）
  局8 seed 210: 2193 步  消费 15433.51166666667  梯度 160s  （累计 2412s）
  局9 seed 211: 1751 步  消费 9659.385666666667  梯度 127s  （累计 2585s）
  局10 seed 213: 1839 步  消费 9601.375333333333  梯度 133s  （累计 2767s）
  局11 seed 215: 2005 步  消费 6999.071333333333  梯度 142s  （累计 2962s）

=== 结果（12 局）===

[主干]
  ‖μ‖² = 1.4409e-01 ± 9.83e-01（jackknife SE，z=+0.15）
  trΣ（单局噪声）= 8.8734e+00 ± 2.39e+00   单局 SNR ‖μ‖²/trΣ = 0.0162
  ★B_ep = 61.6 ± nan 局
  每块 N 局时 cos(ḡ_N, μ)：N=1: 0.13  N=4: 0.25  N=8: 0.34  N=16: 0.45  N=32: 0.58  N=64: 0.71
  达到 cos=0.5 需 20.5 局；cos=0.7 需 59.2 局
  噪声拆分：半局独立 7.962e+00（90%）  局内共享（结局）9.113e-01（10%）
  ‖ent_coef·∇ent‖ = 3.941e-02   ‖μ‖ = 3.796e-01   比值 = 0.10   cos(∇ent 项, ḡ_12) = -0.060

[score]
  ‖μ‖² = -9.4347e-06 ± 5.57e-04（jackknife SE，z=-0.02）
  trΣ（单局噪声）= 2.7107e-02 ± 3.78e-03   单局 SNR ‖μ‖²/trΣ = -0.0003
  ★‖μ‖² ≤ 0：12 局内分辨不出真梯度（B_ep 至少是 12 的量级以上）
  噪声拆分：半局独立 2.946e-02（109%）  局内共享（结局）-2.349e-03（-9%）
  ‖ent_coef·∇ent‖ = 1.876e-02   ‖μ‖ = nan   比值 = nan   cos(∇ent 项, ḡ_12) = +0.302

[全部]
  ‖μ‖² = 1.4408e-01 ± 9.83e-01（jackknife SE，z=+0.15）
  trΣ（单局噪声）= 8.9005e+00 ± 2.39e+00   单局 SNR ‖μ‖²/trΣ = 0.0162
  ★B_ep = 61.8 ± nan 局
  每块 N 局时 cos(ḡ_N, μ)：N=1: 0.13  N=4: 0.25  N=8: 0.34  N=16: 0.45  N=32: 0.58  N=64: 0.71
  达到 cos=0.5 需 20.6 局；cos=0.7 需 59.4 局
  噪声拆分：半局独立 7.992e+00（90%）  局内共享（结局）9.089e-01（10%）
  ‖ent_coef·∇ent‖ = 4.365e-02   ‖μ‖ = 3.796e-01   比值 = 0.11   cos(∇ent 项, ḡ_12) = -0.048

局消费：均值 12,068  最低 6,999  最高 15,821   局长均值 2049
（总耗时 2962s）
