★P4 主干（WindowTransformer）：d_model=192 4 层 4 头，2,110,530 参数；窗口 360 token / 亮 71；**无 CNN**（候选只带相对落点去 attend）；batch=32 激活粗估 ≈478 MB（ECS 可用 3.3 GB，超了就换页——换页看着像慢，不像崩）
设备：cuda（NVIDIA GeForce RTX 3080 Ti，11.8 GiB）
老师 = v10（expand_rule_v10）  视野(HORIZON)=90（口径 = 每局 70 + 20）  每局 70 回合 × 1000 局  每局 250 梯度步  缓冲 450000
★块调度：每 5 局换一张图（共约 200 张）—— 块内前 3 局纯 BC（70 回合）、其余 2 局 DAgger（100 回合）；每 6 **块**留出 1 整块当验证集
[图1.1·BC] 局 1/1000  样本 444(缓冲 444)  老师消费 4,411  未匹配 0  loss 3.767  vf 1.228  命中(每 5 局量一次，本局跳过)  梯度步 250  累计 16s
[图1.2·BC] 局 2/1000  样本 444(缓冲 888)  老师消费 4,411  未匹配 0  loss 3.286  vf 0.224  命中(每 5 局量一次，本局跳过)  梯度步 500  累计 31s
[图1.3·BC] 局 3/1000  样本 444(缓冲 1332)  老师消费 4,411  未匹配 0  loss 3.100  vf 0.190  命中(每 5 局量一次，本局跳过)  梯度步 750  累计 46s
[图1.4·DAgger] 局 4/1000  样本 339(缓冲 1671)  学生消费 3,142  未匹配 11  loss 3.345  vf 0.435  命中(每 5 局量一次，本局跳过)  梯度步 1000  累计 67s
[图1.5·DAgger] 局 5/1000  样本 235(缓冲 1906)  学生消费 2,534  未匹配 8  loss 3.290  vf 0.397  命中 训练12.5%/验证nan%  真命中(扣end_turn) 训练12.6%/验证nan%  梯度步 1250  累计 84s
[图2.1·BC] 局 6/1000  样本 488(缓冲 2394)  老师消费 4,396  未匹配 1  loss 3.189  vf 0.154  命中(每 5 局量一次，本局跳过)  梯度步 1500  累计 99s
[图2.2·BC] 局 7/1000  样本 488(缓冲 2882)  老师消费 4,396  未匹配 1  loss 2.997  vf 0.101  命中(每 5 局量一次，本局跳过)  梯度步 1750  累计 115s
[图2.3·BC] 局 8/1000  样本 488(缓冲 3370)  老师消费 4,396  未匹配 1  loss 2.826  vf 0.071  命中(每 5 局量一次，本局跳过)  梯度步 2000  累计 130s
[图2.4·DAgger] 局 9/1000  样本 463(缓冲 3833)  学生消费 3,163  未匹配 9  loss 2.810  vf 0.074  命中(每 5 局量一次，本局跳过)  梯度步 2250  累计 155s
[图2.5·DAgger] 局 10/1000  样本 360(缓冲 4193)  学生消费 3,142  未匹配 9  loss 2.623  vf 0.064  命中 训练31.5%/验证nan%  真命中(扣end_turn) 训练26.1%/验证nan%  梯度步 2500  累计 175s
[图3.1·BC] 局 11/1000  样本 494(缓冲 4687)  老师消费 4,207  未匹配 1  loss 2.748  vf 0.062  命中(每 5 局量一次，本局跳过)  梯度步 2750  累计 190s
[图3.2·BC] 局 12/1000  样本 494(缓冲 5181)  老师消费 4,207  未匹配 1  loss 2.665  vf 0.047  命中(每 5 局量一次，本局跳过)  梯度步 3000  累计 206s
[图3.3·BC] 局 13/1000  样本 494(缓冲 5675)  老师消费 4,207  未匹配 1  loss 2.568  vf 0.049  命中(每 5 局量一次，本局跳过)  梯度步 3250  累计 222s
[图3.4·DAgger] 局 14/1000  样本 452(缓冲 6127)  学生消费 3,269  未匹配 8  loss 2.639  vf 0.050  命中(每 5 局量一次，本局跳过)  梯度步 3500  累计 244s
[图3.5·DAgger] 局 15/1000  样本 496(缓冲 6623)  学生消费 3,157  未匹配 9  loss 2.574  vf 0.056  命中 训练26.2%/验证nan%  真命中(扣end_turn) 训练21.9%/验证nan%  梯度步 3750  累计 266s
[图4.1·BC] 局 16/1000  样本 462(缓冲 7085)  老师消费 4,514  未匹配 1  loss 2.648  vf 0.070  命中(每 5 局量一次，本局跳过)  梯度步 4000  累计 282s
[图4.2·BC] 局 17/1000  样本 462(缓冲 7547)  老师消费 4,514  未匹配 1  loss 2.607  vf 0.059  命中(每 5 局量一次，本局跳过)  梯度步 4250  累计 297s
[图4.3·BC] 局 18/1000  样本 462(缓冲 8009)  老师消费 4,514  未匹配 1  loss 2.564  vf 0.051  命中(每 5 局量一次，本局跳过)  梯度步 4500  累计 313s
[图4.4·DAgger] 局 19/1000  样本 504(缓冲 8513)  学生消费 3,048  未匹配 11  loss 2.557  vf 0.049  命中(每 5 局量一次，本局跳过)  梯度步 4750  累计 335s
[图4.5·DAgger] 局 20/1000  样本 556(缓冲 9069)  学生消费 2,375  未匹配 8  loss 2.504  vf 0.070  命中 训练30.2%/验证nan%  真命中(扣end_turn) 训练25.5%/验证nan%  梯度步 5000  累计 361s
[图5.1·BC] 局 21/1000  样本 548(缓冲 9617)  老师消费 6,424  未匹配 1  loss 2.621  vf 0.123  命中(每 5 局量一次，本局跳过)  梯度步 5250  累计 376s
[图5.2·BC] 局 22/1000  样本 548(缓冲 10165)  老师消费 6,424  未匹配 1  loss 2.590  vf 0.099  命中(每 5 局量一次，本局跳过)  梯度步 5500  累计 392s
[图5.3·BC] 局 23/1000  样本 548(缓冲 10713)  老师消费 6,424  未匹配 1  loss 2.636  vf 0.075  命中(每 5 局量一次，本局跳过)  梯度步 5750  累计 407s
[图5.4·DAgger] 局 24/1000  样本 453(缓冲 11166)  学生消费 5,770  未匹配 5  loss 2.578  vf 0.100  命中(每 5 局量一次，本局跳过)  梯度步 6000  累计 433s
[图5.5·DAgger] 局 25/1000  样本 435(缓冲 11601)  学生消费 4,110  未匹配 14  loss 2.535  vf 0.088  命中 训练47.0%/验证nan%  真命中(扣end_turn) 训练44.0%/验证nan%  梯度步 6250  累计 454s
[图6.1·BC] 局 26/1000  样本 384(缓冲 11601)  老师消费 3,341  未匹配 0  loss 2.451  vf 0.077  命中(每 5 局量一次，本局跳过)  梯度步 6500  累计 468s
[图6.2·BC] 局 27/1000  样本 384(缓冲 11601)  老师消费 3,341  未匹配 0  loss 2.407  vf 0.072  命中(每 5 局量一次，本局跳过)  梯度步 6750  累计 483s
[图6.3·BC] 局 28/1000  样本 384(缓冲 11601)  老师消费 3,341  未匹配 0  loss 2.336  vf 0.066  命中(每 5 局量一次，本局跳过)  梯度步 7000  累计 496s
[图6.4·DAgger] 局 29/1000  样本 436(缓冲 11601)  学生消费 2,408  未匹配 4  loss 2.305  vf 0.056  命中(每 5 局量一次，本局跳过)  梯度步 7250  累计 517s
[图6.5·DAgger] 局 30/1000  样本 452(缓冲 11601)  学生消费 1,853  未匹配 4  loss 2.232  vf 0.055  命中 训练56.5%/验证15.7%  真命中(扣end_turn) 训练55.1%/验证7.7%  梯度步 7500  累计 541s
[图7.1·BC] 局 31/1000  样本 526(缓冲 12127)  老师消费 4,933  未匹配 3  loss 2.401  vf 0.057  命中(每 5 局量一次，本局跳过)  梯度步 7750  累计 556s
[图7.2·BC] 局 32/1000  样本 526(缓冲 12653)  老师消费 4,933  未匹配 3  loss 2.389  vf 0.056  命中(每 5 局量一次，本局跳过)  梯度步 8000  累计 571s
[图7.3·BC] 局 33/1000  样本 526(缓冲 13179)  老师消费 4,933  未匹配 3  loss 2.365  vf 0.056  命中(每 5 局量一次，本局跳过)  梯度步 8250  累计 586s
[图7.4·DAgger] 局 34/1000  样本 506(缓冲 13685)  学生消费 3,004  未匹配 7  loss 2.351  vf 0.056  命中(每 5 局量一次，本局跳过)  梯度步 8500  累计 608s
[图7.5·DAgger] 局 35/1000  样本 487(缓冲 14172)  学生消费 3,351  未匹配 8  loss 2.337  vf 0.055  命中 训练37.8%/验证19.2%  真命中(扣end_turn) 训练34.7%/验证11.4%  梯度步 8750  累计 631s
[图8.1·BC] 局 36/1000  样本 577(缓冲 14749)  老师消费 6,424  未匹配 3  loss 2.343  vf 0.055  命中(每 5 局量一次，本局跳过)  梯度步 9000  累计 647s
[图8.2·BC] 局 37/1000  样本 577(缓冲 15326)  老师消费 6,424  未匹配 3  loss 2.372  vf 0.052  命中(每 5 局量一次，本局跳过)  梯度步 9250  累计 663s
[图8.3·BC] 局 38/1000  样本 577(缓冲 15903)  老师消费 6,424  未匹配 3  loss 2.372  vf 0.047  命中(每 5 局量一次，本局跳过)  梯度步 9500  累计 680s
[图8.4·DAgger] 局 39/1000  样本 464(缓冲 16367)  学生消费 5,031  未匹配 9  loss 2.375  vf 0.053  命中(每 5 局量一次，本局跳过)  梯度步 9750  累计 702s
[图8.5·DAgger] 局 40/1000  样本 511(缓冲 16878)  学生消费 4,778  未匹配 4  loss 2.378  vf 0.051  命中 训练26.5%/验证20.2%  真命中(扣end_turn) 训练22.4%/验证12.4%  梯度步 10000  累计 728s
[图9.1·BC] 局 41/1000  样本 426(缓冲 17304)  老师消费 4,459  未匹配 4  loss 2.360  vf 0.053  命中(每 5 局量一次，本局跳过)  梯度步 10250  累计 743s
[图9.2·BC] 局 42/1000  样本 426(缓冲 17730)  老师消费 4,459  未匹配 4  loss 2.352  vf 0.053  命中(每 5 局量一次，本局跳过)  梯度步 10500  累计 758s
[图9.3·BC] 局 43/1000  样本 426(缓冲 18156)  老师消费 4,459  未匹配 4  loss 2.324  vf 0.048  命中(每 5 局量一次，本局跳过)  梯度步 10750  累计 774s
[图9.4·DAgger] 局 44/1000  样本 390(缓冲 18546)  学生消费 2,717  未匹配 2  loss 2.337  vf 0.048  命中(每 5 局量一次，本局跳过)  梯度步 11000  累计 795s
[图9.5·DAgger] 局 45/1000  样本 423(缓冲 18969)  学生消费 3,125  未匹配 9  loss 2.336  vf 0.050  命中 训练26.7%/验证20.2%  真命中(扣end_turn) 训练22.4%/验证12.8%  梯度步 11250  累计 819s
[图10.1·BC] 局 46/1000  样本 486(缓冲 19455)  老师消费 4,573  未匹配 0  loss 2.332  vf 0.055  命中(每 5 局量一次，本局跳过)  梯度步 11500  累计 834s
[图10.2·BC] 局 47/1000  样本 486(缓冲 19941)  老师消费 4,573  未匹配 0  loss 2.289  vf 0.052  命中(每 5 局量一次，本局跳过)  梯度步 11750  累计 850s
[图10.3·BC] 局 48/1000  样本 486(缓冲 20427)  老师消费 4,573  未匹配 0  loss 2.267  vf 0.050  命中(每 5 局量一次，本局跳过)  梯度步 12000  累计 865s
[图10.4·DAgger] 局 49/1000  样本 458(缓冲 20885)  学生消费 3,800  未匹配 23  loss 2.278  vf 0.050  命中(每 5 局量一次，本局跳过)  梯度步 12250  累计 886s
[图10.5·DAgger] 局 50/1000  样本 395(缓冲 21280)  学生消费 3,111  未匹配 6  loss 2.205  vf 0.043  命中 训练30.7%/验证19.8%  真命中(扣end_turn) 训练28.6%/验证11.6%  梯度步 12500  累计 910s
[图11.1·BC] 局 51/1000  样本 426(缓冲 21706)  老师消费 4,774  未匹配 2  loss 2.244  vf 0.046  命中(每 5 局量一次，本局跳过)  梯度步 12750  累计 924s
[图11.2·BC] 局 52/1000  样本 426(缓冲 22132)  老师消费 4,774  未匹配 2  loss 2.222  vf 0.046  命中(每 5 局量一次，本局跳过)  梯度步 13000  累计 939s
[图11.3·BC] 局 53/1000  样本 426(缓冲 22558)  老师消费 4,774  未匹配 2  loss 2.174  vf 0.046  命中(每 5 局量一次，本局跳过)  梯度步 13250  累计 954s
[图11.4·DAgger] 局 54/1000  样本 444(缓冲 23002)  学生消费 3,821  未匹配 5  loss 2.187  vf 0.043  命中(每 5 局量一次，本局跳过)  梯度步 13500  累计 975s
[图11.5·DAgger] 局 55/1000  样本 443(缓冲 23445)  学生消费 4,126  未匹配 2  loss 2.145  vf 0.045  命中 训练37.7%/验证22.4%  真命中(扣end_turn) 训练37.2%/验证13.9%  梯度步 13750  累计 1003s
[图12.1·BC] 局 56/1000  样本 484(缓冲 23445)  老师消费 3,387  未匹配 3  loss 2.132  vf 0.041  命中(每 5 局量一次，本局跳过)  梯度步 14000  累计 1019s
[图12.2·BC] 局 57/1000  样本 484(缓冲 23445)  老师消费 3,387  未匹配 3  loss 2.085  vf 0.042  命中(每 5 局量一次，本局跳过)  梯度步 14250  累计 1035s
[图12.3·BC] 局 58/1000  样本 484(缓冲 23445)  老师消费 3,387  未匹配 3  loss 1.985  vf 0.038  命中(每 5 局量一次，本局跳过)  梯度步 14500  累计 1051s
[图12.4·DAgger] 局 59/1000  样本 484(缓冲 23445)  学生消费 2,569  未匹配 3  loss 2.029  vf 0.036  命中(每 5 局量一次，本局跳过)  梯度步 14750  累计 1074s
[图12.5·DAgger] 局 60/1000  样本 479(缓冲 23445)  学生消费 2,448  未匹配 7  loss 1.976  vf 0.037  命中 训练44.8%/验证18.8%  真命中(扣end_turn) 训练41.3%/验证10.0%  梯度步 15000  累计 1102s
[图13.1·BC] 局 61/1000  样本 494(缓冲 23939)  老师消费 4,239  未匹配 0  loss 2.054  vf 0.041  命中(每 5 局量一次，本局跳过)  梯度步 15250  累计 1118s
[图13.2·BC] 局 62/1000  样本 494(缓冲 24433)  老师消费 4,239  未匹配 0  loss 2.028  vf 0.038  命中(每 5 局量一次，本局跳过)  梯度步 15500  累计 1135s
[图13.3·BC] 局 63/1000  样本 494(缓冲 24927)  老师消费 4,239  未匹配 0  loss 2.032  vf 0.038  命中(每 5 局量一次，本局跳过)  梯度步 15750  累计 1150s
[图13.4·DAgger] 局 64/1000  样本 406(缓冲 25333)  学生消费 2,927  未匹配 2  loss 1.988  vf 0.039  命中(每 5 局量一次，本局跳过)  梯度步 16000  累计 1171s
[图13.5·DAgger] 局 65/1000  样本 391(缓冲 25724)  学生消费 3,642  未匹配 9  loss 1.997  vf 0.045  命中 训练30.5%/验证20.2%  真命中(扣end_turn) 训练22.8%/验证10.5%  梯度步 16250  累计 1196s
[图14.1·BC] 局 66/1000  样本 500(缓冲 26224)  老师消费 4,021  未匹配 1  loss 2.019  vf 0.042  命中(每 5 局量一次，本局跳过)  梯度步 16500  累计 1211s
[图14.2·BC] 局 67/1000  样本 500(缓冲 26724)  老师消费 4,021  未匹配 1  loss 1.979  vf 0.041  命中(每 5 局量一次，本局跳过)  梯度步 16750  累计 1226s
[图14.3·BC] 局 68/1000  样本 500(缓冲 27224)  老师消费 4,021  未匹配 1  loss 1.955  vf 0.046  命中(每 5 局量一次，本局跳过)  梯度步 17000  累计 1242s
[图14.4·DAgger] 局 69/1000  样本 482(缓冲 27706)  学生消费 3,271  未匹配 4  loss 1.992  vf 0.040  命中(每 5 局量一次，本局跳过)  梯度步 17250  累计 1264s
[图14.5·DAgger] 局 70/1000  样本 441(缓冲 28147)  学生消费 2,392  未匹配 7  loss 1.981  vf 0.043  命中 训练27.0%/验证20.1%  真命中(扣end_turn) 训练22.8%/验证11.8%  梯度步 17500  累计 1289s
[图15.1·BC] 局 71/1000  样本 459(缓冲 28606)  老师消费 5,080  未匹配 2  loss 1.985  vf 0.047  命中(每 5 局量一次，本局跳过)  梯度步 17750  累计 1304s
[图15.2·BC] 局 72/1000  样本 459(缓冲 29065)  老师消费 5,080  未匹配 2  loss 2.002  vf 0.046  命中(每 5 局量一次，本局跳过)  梯度步 18000  累计 1319s
[图15.3·BC] 局 73/1000  样本 459(缓冲 29524)  老师消费 5,080  未匹配 2  loss 1.946  vf 0.041  命中(每 5 局量一次，本局跳过)  梯度步 18250  累计 1334s
[图15.4·DAgger] 局 74/1000  样本 404(缓冲 29928)  学生消费 4,083  未匹配 7  loss 1.932  vf 0.042  命中(每 5 局量一次，本局跳过)  梯度步 18500  累计 1353s
[图15.5·DAgger] 局 75/1000  样本 426(缓冲 30354)  学生消费 3,844  未匹配 2  loss 1.948  vf 0.041  命中 训练33.2%/验证20.1%  真命中(扣end_turn) 训练26.6%/验证11.0%  梯度步 18750  累计 1377s
[图16.1·BC] 局 76/1000  样本 453(缓冲 30807)  老师消费 3,666  未匹配 4  loss 1.932  vf 0.051  命中(每 5 局量一次，本局跳过)  梯度步 19000  累计 1392s
[图16.2·BC] 局 77/1000  样本 453(缓冲 31260)  老师消费 3,666  未匹配 4  loss 1.973  vf 0.053  命中(每 5 局量一次，本局跳过)  梯度步 19250  累计 1406s
[图16.3·BC] 局 78/1000  样本 453(缓冲 31713)  老师消费 3,666  未匹配 4  loss 1.909  vf 0.051  命中(每 5 局量一次，本局跳过)  梯度步 19500  累计 1422s
[图16.4·DAgger] 局 79/1000  样本 391(缓冲 32104)  学生消费 2,282  未匹配 8  loss 1.903  vf 0.051  命中(每 5 局量一次，本局跳过)  梯度步 19750  累计 1441s
[图16.5·DAgger] 局 80/1000  样本 372(缓冲 32476)  学生消费 3,386  未匹配 9  loss 1.898  vf 0.050  命中 训练29.8%/验证23.8%  真命中(扣end_turn) 训练28.0%/验证16.4%  梯度步 20000  累计 1466s
[图17.1·BC] 局 81/1000  样本 496(缓冲 32972)  老师消费 4,078  未匹配 1  loss 1.944  vf 0.052  命中(每 5 局量一次，本局跳过)  梯度步 20250  累计 1482s
[图17.2·BC] 局 82/1000  样本 496(缓冲 33468)  老师消费 4,078  未匹配 1  loss 1.881  vf 0.048  命中(每 5 局量一次，本局跳过)  梯度步 20500  累计 1498s
[图17.3·BC] 局 83/1000  样本 496(缓冲 33964)  老师消费 4,078  未匹配 1  loss 1.914  vf 0.048  命中(每 5 局量一次，本局跳过)  梯度步 20750  累计 1513s
[图17.4·DAgger] 局 84/1000  样本 448(缓冲 34412)  学生消费 3,333  未匹配 11  loss 1.918  vf 0.047  命中(每 5 局量一次，本局跳过)  梯度步 21000  累计 1532s
[图17.5·DAgger] 局 85/1000  样本 509(缓冲 34921)  学生消费 3,937  未匹配 7  loss 1.901  vf 0.051  命中 训练28.0%/验证23.0%  真命中(扣end_turn) 训练23.1%/验证15.4%  梯度步 21250  累计 1558s
[图18.1·BC] 局 86/1000  样本 512(缓冲 34921)  老师消费 3,388  未匹配 2  loss 1.932  vf 0.049  命中(每 5 局量一次，本局跳过)  梯度步 21500  累计 1573s
[图18.2·BC] 局 87/1000  样本 512(缓冲 34921)  老师消费 3,388  未匹配 2  loss 1.908  vf 0.052  命中(每 5 局量一次，本局跳过)  梯度步 21750  累计 1588s
[图18.3·BC] 局 88/1000  样本 512(缓冲 34921)  老师消费 3,388  未匹配 2  loss 1.867  vf 0.046  命中(每 5 局量一次，本局跳过)  梯度步 22000  累计 1603s
[图18.4·DAgger] 局 89/1000  样本 454(缓冲 34921)  学生消费 2,496  未匹配 27  loss 1.868  vf 0.046  命中(每 5 局量一次，本局跳过)  梯度步 22250  累计 1623s
[图18.5·DAgger] 局 90/1000  样本 472(缓冲 34921)  学生消费 3,040  未匹配 9  loss 1.935  vf 0.048  命中 训练25.7%/验证20.0%  真命中(扣end_turn) 训练22.0%/验证11.0%  梯度步 22500  累计 1648s
[图19.1·BC] 局 91/1000  样本 492(缓冲 35413)  老师消费 4,607  未匹配 3  loss 1.810  vf 0.045  命中(每 5 局量一次，本局跳过)  梯度步 22750  累计 1663s
[图19.2·BC] 局 92/1000  样本 492(缓冲 35905)  老师消费 4,607  未匹配 3  loss 1.823  vf 0.042  命中(每 5 局量一次，本局跳过)  梯度步 23000  累计 1677s
[图19.3·BC] 局 93/1000  样本 492(缓冲 36397)  老师消费 4,607  未匹配 3  loss 1.830  vf 0.042  命中(每 5 局量一次，本局跳过)  梯度步 23250  累计 1691s
[图19.4·DAgger] 局 94/1000  样本 497(缓冲 36894)  学生消费 3,723  未匹配 16  loss 1.839  vf 0.045  命中(每 5 局量一次，本局跳过)  梯度步 23500  累计 1712s
[图19.5·DAgger] 局 95/1000  样本 499(缓冲 37393)  学生消费 3,942  未匹配 10  loss 1.824  vf 0.046  命中 训练24.2%/验证22.3%  真命中(扣end_turn) 训练19.7%/验证12.4%  梯度步 23750  累计 1737s
[图20.1·BC] 局 96/1000  样本 508(缓冲 37901)  老师消费 3,810  未匹配 0  loss 1.822  vf 0.042  命中(每 5 局量一次，本局跳过)  梯度步 24000  累计 1755s
[图20.2·BC] 局 97/1000  样本 508(缓冲 38409)  老师消费 3,810  未匹配 0  loss 1.862  vf 0.044  命中(每 5 局量一次，本局跳过)  梯度步 24250  累计 1770s
[图20.3·BC] 局 98/1000  样本 508(缓冲 38917)  老师消费 3,810  未匹配 0  loss 1.889  vf 0.041  命中(每 5 局量一次，本局跳过)  梯度步 24500  累计 1785s
[图20.4·DAgger] 局 99/1000  样本 538(缓冲 39455)  学生消费 2,199  未匹配 15  loss 1.877  vf 0.041  命中(每 5 局量一次，本局跳过)  梯度步 24750  累计 1808s
[图20.5·DAgger] 局 100/1000  样本 464(缓冲 39919)  学生消费 2,959  未匹配 5  loss 1.839  vf 0.040  命中 训练20.5%/验证21.4%  真命中(扣end_turn) 训练19.0%/验证12.4%  梯度步 25000  累计 1834s
[图21.1·BC] 局 101/1000  样本 468(缓冲 40387)  老师消费 3,845  未匹配 1  loss 1.848  vf 0.043  命中(每 5 局量一次，本局跳过)  梯度步 25250  累计 1850s
[图21.2·BC] 局 102/1000  样本 468(缓冲 40855)  老师消费 3,845  未匹配 1  loss 1.835  vf 0.045  命中(每 5 局量一次，本局跳过)  梯度步 25500  累计 1865s
[图21.3·BC] 局 103/1000  样本 468(缓冲 41323)  老师消费 3,845  未匹配 1  loss 1.844  vf 0.045  命中(每 5 局量一次，本局跳过)  梯度步 25750  累计 1881s
[图21.4·DAgger] 局 104/1000  样本 395(缓冲 41718)  学生消费 3,004  未匹配 3  loss 1.812  vf 0.042  命中(每 5 局量一次，本局跳过)  梯度步 26000  累计 1901s
[图21.5·DAgger] 局 105/1000  样本 463(缓冲 42181)  学生消费 3,028  未匹配 6  loss 1.783  vf 0.042  命中 训练25.3%/验证20.5%  真命中(扣end_turn) 训练20.5%/验证11.9%  梯度步 26250  累计 1927s
[图22.1·BC] 局 106/1000  样本 480(缓冲 42661)  老师消费 3,380  未匹配 0  loss 1.835  vf 0.039  命中(每 5 局量一次，本局跳过)  梯度步 26500  累计 1943s
[图22.2·BC] 局 107/1000  样本 480(缓冲 43141)  老师消费 3,380  未匹配 0  loss 1.799  vf 0.044  命中(每 5 局量一次，本局跳过)  梯度步 26750  累计 1960s
[图22.3·BC] 局 108/1000  样本 480(缓冲 43621)  老师消费 3,380  未匹配 0  loss 1.817  vf 0.045  命中(每 5 局量一次，本局跳过)  梯度步 27000  累计 1976s
[图22.4·DAgger] 局 109/1000  样本 436(缓冲 44057)  学生消费 2,877  未匹配 10  loss 1.860  vf 0.046  命中(每 5 局量一次，本局跳过)  梯度步 27250  累计 1998s
[图22.5·DAgger] 局 110/1000  样本 377(缓冲 44434)  学生消费 3,364  未匹配 8  loss 1.870  vf 0.044  命中 训练31.2%/验证24.2%  真命中(扣end_turn) 训练28.3%/验证15.4%  梯度步 27500  累计 2023s
⚠ 第 111 局老师没启动起来（领地 6，见过的中位 21）—— 判为退化局，**丢弃这一局的样本**（抖动过大的地图会这样）
⚠ 第 112 局老师没启动起来（领地 6，见过的中位 21）—— 判为退化局，**丢弃这一局的样本**（抖动过大的地图会这样）
⚠ 第 113 局老师没启动起来（领地 6，见过的中位 21）—— 判为退化局，**丢弃这一局的样本**（抖动过大的地图会这样）
[图23.4·DAgger] 局 114/1000  样本 451(缓冲 44885)  学生消费 2,156  未匹配 2  loss 1.764  vf 0.041  命中(每 5 局量一次，本局跳过)  梯度步 27750  累计 2051s
[图23.5·DAgger] 局 115/1000  样本 439(缓冲 45324)  学生消费 2,511  未匹配 26  loss 1.824  vf 0.045  命中 训练34.7%/验证26.4%  真命中(扣end_turn) 训练30.4%/验证17.4%  梯度步 28000  累计 2077s
[图24.1·BC] 局 116/1000  样本 564(缓冲 45324)  老师消费 7,496  未匹配 2  loss 1.844  vf 0.043  命中(每 5 局量一次，本局跳过)  梯度步 28250  累计 2094s
[图24.2·BC] 局 117/1000  样本 564(缓冲 45324)  老师消费 7,496  未匹配 2  loss 1.831  vf 0.044  命中(每 5 局量一次，本局跳过)  梯度步 28500  累计 2112s
[图24.3·BC] 局 118/1000  样本 564(缓冲 45324)  老师消费 7,496  未匹配 2  loss 1.774  vf 0.042  命中(每 5 局量一次，本局跳过)  梯度步 28750  累计 2133s
[图24.4·DAgger] 局 119/1000  样本 406(缓冲 45324)  学生消费 5,885  未匹配 9  loss 1.785  vf 0.042  命中(每 5 局量一次，本局跳过)  梯度步 29000  累计 2155s
[图24.5·DAgger] 局 120/1000  样本 396(缓冲 45324)  学生消费 5,154  未匹配 10  loss 1.804  vf 0.039  命中 训练46.3%/验证20.9%  真命中(扣end_turn) 训练45.3%/验证13.5%  梯度步 29250  累计 2181s
[图25.1·BC] 局 121/1000  样本 440(缓冲 45764)  老师消费 4,027  未匹配 1  loss 1.772  vf 0.045  命中(每 5 局量一次，本局跳过)  梯度步 29500  累计 2197s
[图25.2·BC] 局 122/1000  样本 440(缓冲 46204)  老师消费 4,027  未匹配 1  loss 1.727  vf 0.044  命中(每 5 局量一次，本局跳过)  梯度步 29750  累计 2212s
[图25.3·BC] 局 123/1000  样本 440(缓冲 46644)  老师消费 4,027  未匹配 1  loss 1.757  vf 0.042  命中(每 5 局量一次，本局跳过)  梯度步 30000  累计 2228s
[图25.4·DAgger] 局 124/1000  样本 561(缓冲 47205)  学生消费 3,139  未匹配 25  loss 1.817  vf 0.045  命中(每 5 局量一次，本局跳过)  梯度步 30250  累计 2255s
[图25.5·DAgger] 局 125/1000  样本 571(缓冲 47776)  学生消费 2,884  未匹配 14  loss 1.768  vf 0.040  命中 训练25.7%/验证21.3%  真命中(扣end_turn) 训练20.5%/验证13.2%  梯度步 30500  累计 2283s
[图26.1·BC] 局 126/1000  样本 507(缓冲 48283)  老师消费 4,429  未匹配 0  loss 1.859  vf 0.039  命中(每 5 局量一次，本局跳过)  梯度步 30750  累计 2300s
[图26.2·BC] 局 127/1000  样本 507(缓冲 48790)  老师消费 4,429  未匹配 0  loss 1.761  vf 0.039  命中(每 5 局量一次，本局跳过)  梯度步 31000  累计 2317s
[图26.3·BC] 局 128/1000  样本 507(缓冲 49297)  老师消费 4,429  未匹配 0  loss 1.822  vf 0.041  命中(每 5 局量一次，本局跳过)  梯度步 31250  累计 2333s
[图26.4·DAgger] 局 129/1000  样本 515(缓冲 49812)  学生消费 3,559  未匹配 13  loss 1.815  vf 0.041  命中(每 5 局量一次，本局跳过)  梯度步 31500  累计 2356s
[图26.5·DAgger] 局 130/1000  样本 476(缓冲 50288)  学生消费 3,396  未匹配 9  loss 1.825  vf 0.042  命中 训练25.2%/验证23.0%  真命中(扣end_turn) 训练18.2%/验证15.7%  梯度步 31750  累计 2381s
[图27.1·BC] 局 131/1000  样本 441(缓冲 50729)  老师消费 3,164  未匹配 0  loss 1.788  vf 0.041  命中(每 5 局量一次，本局跳过)  梯度步 32000  累计 2397s
[图27.2·BC] 局 132/1000  样本 441(缓冲 51170)  老师消费 3,164  未匹配 0  loss 1.771  vf 0.042  命中(每 5 局量一次，本局跳过)  梯度步 32250  累计 2413s
[图27.3·BC] 局 133/1000  样本 441(缓冲 51611)  老师消费 3,164  未匹配 0  loss 1.775  vf 0.041  命中(每 5 局量一次，本局跳过)  梯度步 32500  累计 2428s
[图27.4·DAgger] 局 134/1000  样本 385(缓冲 51996)  学生消费 3,070  未匹配 4  loss 1.747  vf 0.038  命中(每 5 局量一次，本局跳过)  梯度步 32750  累计 2449s
[图27.5·DAgger] 局 135/1000  样本 354(缓冲 52350)  学生消费 3,035  未匹配 2  loss 1.770  vf 0.044  命中 训练33.7%/验证20.7%  真命中(扣end_turn) 训练23.9%/验证12.5%  梯度步 33000  累计 2474s
[图28.1·BC] 局 136/1000  样本 501(缓冲 52851)  老师消费 5,108  未匹配 0  loss 1.787  vf 0.041  命中(每 5 局量一次，本局跳过)  梯度步 33250  累计 2490s
[图28.2·BC] 局 137/1000  样本 501(缓冲 53352)  老师消费 5,108  未匹配 0  loss 1.863  vf 0.041  命中(每 5 局量一次，本局跳过)  梯度步 33500  累计 2506s
[图28.3·BC] 局 138/1000  样本 501(缓冲 53853)  老师消费 5,108  未匹配 0  loss 1.762  vf 0.039  命中(每 5 局量一次，本局跳过)  梯度步 33750  累计 2522s
[图28.4·DAgger] 局 139/1000  样本 527(缓冲 54380)  学生消费 3,573  未匹配 5  loss 1.780  vf 0.039  命中(每 5 局量一次，本局跳过)  梯度步 34000  累计 2546s
